#
# A fatal error has been detected by the Java Runtime Environment:
#
#  EXCEPTION_ACCESS_VIOLATION (0xc0000005) at pc=0x00007ffb58972a70, pid=21184, tid=21772
#
# JRE version: Java(TM) SE Runtime Environment (17.0.12+8) (build 17.0.12+8-LTS-286)
# Java VM: Java HotSpot(TM) 64-Bit Server VM (17.0.12+8-LTS-286, mixed mode, sharing, tiered, compressed oops, compressed class ptrs, g1 gc, windows-amd64)
# Problematic frame:
# V  [jvm.dll+0x302a70]
#
# No core dump will be written. Minidumps are not enabled by default on client versions of Windows
#
# If you would like to submit a bug report, please visit:
#   https://bugreport.java.com/bugreport/crash.jsp
#

---------------  S U M M A R Y ------------

Command Line: --add-opens=java.base/java.util=ALL-UNNAMED --add-opens=java.base/java.lang=ALL-UNNAMED --add-opens=java.base/java.lang.invoke=ALL-UNNAMED --add-opens=java.prefs/java.util.prefs=ALL-UNNAMED --add-opens=java.base/java.nio.charset=ALL-UNNAMED --add-opens=java.base/java.net=ALL-UNNAMED --add-opens=java.base/java.util.concurrent.atomic=ALL-UNNAMED -XX:MaxMetaspaceSize=384m -XX:+HeapDumpOnOutOfMemoryError -Xms256m -Xmx512m -Dfile.encoding=UTF-8 -Duser.country=US -Duser.language=en -Duser.variant -javaagent:C:\Users\manht\.gradle\wrapper\dists\gradle-8.7-bin\bhs2wmbdwecv87pi65oeuq5iu\gradle-8.7\lib\agents\gradle-instrumentation-agent-8.7.jar org.gradle.launcher.daemon.bootstrap.GradleDaemon 8.7

Host: Intel(R) Core(TM) i7-6820HQ CPU @ 2.70GHz, 8 cores, 31G,  Windows 10 , 64 bit Build 19041 (10.0.19041.5915)
Time: Wed Jul 16 10:07:47 2025 SE Asia Standard Time elapsed time: 17.451050 seconds (0d 0h 0m 17s)

---------------  T H R E A D  ---------------

Current thread (0x000001cef62159f0):  GCTaskThread "GC Thread#4" [stack: 0x000000957f600000,0x000000957f700000] [id=21772]

Stack: [0x000000957f600000,0x000000957f700000],  sp=0x000000957f6ff5f0,  free space=1021k
Native frames: (J=compiled Java code, j=interpreted, Vv=VM code, C=native code)
V  [jvm.dll+0x302a70]
V  [jvm.dll+0x30417b]
V  [jvm.dll+0x304c42]
V  [jvm.dll+0x30190e]
V  [jvm.dll+0x310113]
V  [jvm.dll+0x311f2b]
V  [jvm.dll+0x31070d]
V  [jvm.dll+0x311ada]
V  [jvm.dll+0x2dc663]
V  [jvm.dll+0x2ddf0b]
V  [jvm.dll+0x80832b]
V  [jvm.dll+0x808376]
V  [jvm.dll+0x78abea]
V  [jvm.dll+0x678f35]
C  [ucrtbase.dll+0x21bb2]
C  [KERNEL32.DLL+0x17374]
C  [ntdll.dll+0x4cc91]


siginfo: EXCEPTION_ACCESS_VIOLATION (0xc0000005), reading address 0x000001d55c528c88


Registers:
RAX=0x00000000d008ffea, RBX=0x0000000000000001, RCX=0x000001cef7c6e880, RDX=0x00000000e1200000
RSP=0x000000957f6ff5f0, RBP=0x000001cef7c6e880, RSI=0x000001d55c528c90, RDI=0x00000000e8aaf850
R8 =0x000001cedc0a7d08, R9 =0x00007ffb58670000, R10=0x00007ffbe1d00000, R11=0x00007ffbe1d01b61
R12=0x0000000000004000, R13=0x0000000000000000, R14=0x000001cedc0a8d40, R15=0x00000000e1200000
RIP=0x00007ffb58972a70, EFLAGS=0x0000000000010283


Register to memory mapping:

RIP=0x00007ffb58972a70 jvm.dll
RAX=0x00000000d008ffea is an unknown value
RBX=0x0000000000000001 is an unknown value
RCX=0x000001cef7c6e880 points into unknown readable memory: 0x00007ffb58f6ef60 | 60 ef f6 58 fb 7f 00 00
RDX=0x00000000e1200000 points into unknown readable memory: 0x0000000000000009 | 09 00 00 00 00 00 00 00
RSP=0x000000957f6ff5f0 points into unknown readable memory: 0x00000000e11ed44c | 4c d4 1e e1 00 00 00 00
RBP=0x000001cef7c6e880 points into unknown readable memory: 0x00007ffb58f6ef60 | 60 ef f6 58 fb 7f 00 00
RSI=0x000001d55c528c90 is an unknown value
RDI=0x00000000e8aaf850 points into unknown readable memory: 0x00000000e1200003 | 03 00 20 e1 00 00 00 00
R8 =0x000001cedc0a7d08 is pointing into metadata
R9 =0x00007ffb58670000 jvm.dll
R10=0x00007ffbe1d00000 VCRUNTIME140.dll
R11=0x00007ffbe1d01b61 VCRUNTIME140.dll
R12=0x0000000000004000 is an unknown value
R13=0x0 is NULL
R14=0x000001cedc0a8d40 is pointing into metadata
R15=0x00000000e1200000 points into unknown readable memory: 0x0000000000000009 | 09 00 00 00 00 00 00 00


Top of Stack: (sp=0x000000957f6ff5f0)
0x000000957f6ff5f0:   00000000e11ed44c 000001cef7c6e880
0x000000957f6ff600:   000001cedc0a7d08 0000000000000000
0x000000957f6ff610:   000001cedc0a7d08 000001cef7c6e700
0x000000957f6ff620:   00000000e1200000 00007ffb5897417b
0x000000957f6ff630:   0000000000000001 00000000e8aaf850
0x000000957f6ff640:   0000000000000001 0000000000000001
0x000000957f6ff650:   0000000000000001 00007ffb00000000
0x000000957f6ff660:   0000000000000009 000001cec12f97f0
0x000000957f6ff670:   00000000e077f7dc 00007ffb5897a129
0x000000957f6ff680:   000001cef7c6e880 0000000000000000
0x000000957f6ff690:   0000000000000040 000001cec123beb0
0x000000957f6ff6a0:   000000957f6ff930 000001cef7c6e700
0x000000957f6ff6b0:   00000000e11ed44c 0000000000000102
0x000000957f6ff6c0:   00000000e11ed44d 00007ffb58974c42
0x000000957f6ff6d0:   00000000e8a90000 0000000000000100
0x000000957f6ff6e0:   000001ce00000000 0000000000000009 

Instructions: (pc=0x00007ffb58972a70)
0x00007ffb58972970:   48 89 6c 24 18 56 41 56 41 57 48 83 ec 20 49 63
0x00007ffb58972980:   80 a0 00 00 00 4c 8b fa 4d 63 b0 24 01 00 00 48
0x00007ffb58972990:   83 c0 39 4c 03 f0 48 8b e9 41 8b 80 20 01 00 00
0x00007ffb589729a0:   4f 8d 34 f0 49 8d 34 c6 4c 3b f6 73 56 48 89 5c
0x00007ffb589729b0:   24 40 48 89 7c 24 48 66 0f 1f 84 00 00 00 00 00
0x00007ffb589729c0:   48 63 7e f8 48 83 ee 08 49 03 ff 8b 46 04 48 8d
0x00007ffb589729d0:   1c c7 48 3b df 76 1d 66 0f 1f 84 00 00 00 00 00
0x00007ffb589729e0:   48 83 eb 08 48 8b cd 48 8b d3 e8 81 f8 ff ff 48
0x00007ffb589729f0:   3b df 77 ec 49 3b f6 77 c7 48 8b 7c 24 48 48 8b
0x00007ffb58972a00:   5c 24 40 48 8b 6c 24 50 48 83 c4 20 41 5f 41 5e
0x00007ffb58972a10:   5e c3 cc cc cc cc cc cc cc cc cc cc cc cc cc cc
0x00007ffb58972a20:   48 89 6c 24 18 56 41 56 41 57 48 83 ec 20 49 63
0x00007ffb58972a30:   80 a0 00 00 00 4c 8b fa 4d 63 b0 24 01 00 00 48
0x00007ffb58972a40:   83 c0 39 4c 03 f0 48 8b e9 41 8b 80 20 01 00 00
0x00007ffb58972a50:   4f 8d 34 f0 49 8d 34 c6 4c 3b f6 73 56 48 89 5c
0x00007ffb58972a60:   24 40 48 89 7c 24 48 66 0f 1f 84 00 00 00 00 00
0x00007ffb58972a70:   48 63 7e f8 48 83 ee 08 49 03 ff 8b 46 04 48 8d
0x00007ffb58972a80:   1c 87 48 3b df 76 1d 66 0f 1f 84 00 00 00 00 00
0x00007ffb58972a90:   48 83 eb 04 48 8b cd 48 8b d3 e8 81 f8 ff ff 48
0x00007ffb58972aa0:   3b df 77 ec 49 3b f6 77 c7 48 8b 7c 24 48 48 8b
0x00007ffb58972ab0:   5c 24 40 48 8b 6c 24 50 48 83 c4 20 41 5f 41 5e
0x00007ffb58972ac0:   5e c3 cc cc cc cc cc cc cc cc cc cc cc cc cc cc
0x00007ffb58972ad0:   48 89 5c 24 08 48 89 6c 24 10 48 89 74 24 18 57
0x00007ffb58972ae0:   41 56 41 57 48 83 ec 20 49 63 80 a0 00 00 00 4c
0x00007ffb58972af0:   8b fa 4d 63 b0 24 01 00 00 48 83 c0 39 4c 03 f0
0x00007ffb58972b00:   48 8b f1 41 8b 80 20 01 00 00 4f 8d 34 f0 49 8d
0x00007ffb58972b10:   2c c6 4c 3b f5 73 42 66 0f 1f 84 00 00 00 00 00
0x00007ffb58972b20:   48 63 7d f8 48 83 ed 08 49 03 ff 8b 45 04 48 8d
0x00007ffb58972b30:   1c c7 48 3b df 76 1d 66 0f 1f 84 00 00 00 00 00
0x00007ffb58972b40:   48 83 eb 08 48 8b ce 48 8b d3 e8 21 f7 ff ff 48
0x00007ffb58972b50:   3b df 77 ec 49 3b ee 77 c7 48 63 1d 10 75 80 00
0x00007ffb58972b60:   49 8b cf 49 03 df e8 d5 ee 08 00 48 63 c8 48 8d 


Stack slot to memory mapping:
stack at sp + 0 slots: 0x00000000e11ed44c is pointing into object: java.util.HashSet 
{0x00000000e11ed440} - klass: 'java/util/HashSet'
 - ---- fields (total size 2 words):
 - private transient 'map' 'Ljava/util/HashMap;' @12  
[error occurred during error reporting (inspecting top of stack), id 0xc0000005, EXCEPTION_ACCESS_VIOLATION (0xc0000005) at pc=0x00007ffb58cd6c69]


---------------  P R O C E S S  ---------------

Threads class SMR info:
_java_thread_list=0x000001cef745b010, length=29, elements={
0x000001cec123cef0, 0x000001cedbb2b390, 0x000001cedbb2c120, 0x000001cedbb40910,
0x000001cedbb416a0, 0x000001cedbb45090, 0x000001cedbb45960, 0x000001cedbb46610,
0x000001cedbb46fd0, 0x000001cedbb9c820, 0x000001cef509f980, 0x000001cef51a44a0,
0x000001cef7bfc030, 0x000001cef59db0b0, 0x000001cef65d1010, 0x000001cef695d010,
0x000001cef685a440, 0x000001cef5d4f340, 0x000001cef5d4df00, 0x000001cef5d4ee30,
0x000001cef5d4f850, 0x000001cef5d4fd60, 0x000001cef5d4e410, 0x000001cef5d50780,
0x000001cef5d4e920, 0x000001cef5d4cfd0, 0x000001cef5d4d4e0, 0x000001cef5d4d9f0,
0x000001cef622a6c0
}

Java Threads: ( => current thread )
  0x000001cec123cef0 JavaThread "main" [_thread_blocked, id=19140, stack(0x000000957de00000,0x000000957df00000)]
  0x000001cedbb2b390 JavaThread "Reference Handler" daemon [_thread_blocked, id=11548, stack(0x000000957e500000,0x000000957e600000)]
  0x000001cedbb2c120 JavaThread "Finalizer" daemon [_thread_blocked, id=19376, stack(0x000000957e600000,0x000000957e700000)]
  0x000001cedbb40910 JavaThread "Signal Dispatcher" daemon [_thread_blocked, id=8880, stack(0x000000957e700000,0x000000957e800000)]
  0x000001cedbb416a0 JavaThread "Attach Listener" daemon [_thread_blocked, id=19932, stack(0x000000957e800000,0x000000957e900000)]
  0x000001cedbb45090 JavaThread "Service Thread" daemon [_thread_blocked, id=22296, stack(0x000000957e900000,0x000000957ea00000)]
  0x000001cedbb45960 JavaThread "Monitor Deflation Thread" daemon [_thread_blocked, id=1776, stack(0x000000957ea00000,0x000000957eb00000)]
  0x000001cedbb46610 JavaThread "C2 CompilerThread0" daemon [_thread_blocked, id=19664, stack(0x000000957eb00000,0x000000957ec00000)]
  0x000001cedbb46fd0 JavaThread "C1 CompilerThread0" daemon [_thread_blocked, id=22832, stack(0x000000957ec00000,0x000000957ed00000)]
  0x000001cedbb9c820 JavaThread "Sweeper thread" daemon [_thread_blocked, id=21472, stack(0x000000957ed00000,0x000000957ee00000)]
  0x000001cef509f980 JavaThread "Common-Cleaner" daemon [_thread_blocked, id=18160, stack(0x000000957ee00000,0x000000957ef00000)]
  0x000001cef51a44a0 JavaThread "Notification Thread" daemon [_thread_blocked, id=18848, stack(0x000000957ef00000,0x000000957f000000)]
  0x000001cef7bfc030 JavaThread "Daemon health stats" [_thread_blocked, id=20160, stack(0x000000957f800000,0x000000957f900000)]
  0x000001cef59db0b0 JavaThread "Incoming local TCP Connector on port 59241" [_thread_in_native, id=19928, stack(0x000000957f100000,0x000000957f200000)]
  0x000001cef65d1010 JavaThread "Daemon periodic checks" [_thread_blocked, id=20840, stack(0x000000957f200000,0x000000957f300000)]
  0x000001cef695d010 JavaThread "Daemon" [_thread_blocked, id=4616, stack(0x000000957f900000,0x000000957fa00000)]
  0x000001cef685a440 JavaThread "Handler for socket connection from /127.0.0.1:59241 to /127.0.0.1:59242" [_thread_in_native, id=3092, stack(0x000000957fa00000,0x000000957fb00000)]
  0x000001cef5d4f340 JavaThread "Cancel handler" [_thread_blocked, id=20692, stack(0x000000957fb00000,0x000000957fc00000)]
  0x000001cef5d4df00 JavaThread "Daemon worker" [_thread_blocked, id=22340, stack(0x000000957fc00000,0x000000957fd00000)]
  0x000001cef5d4ee30 JavaThread "Asynchronous log dispatcher for DefaultDaemonConnection: socket connection from /127.0.0.1:59241 to /127.0.0.1:59242" [_thread_blocked, id=22856, stack(0x000000957fd00000,0x000000957fe00000)]
  0x000001cef5d4f850 JavaThread "Stdin handler" [_thread_blocked, id=21476, stack(0x000000957fe00000,0x000000957ff00000)]
  0x000001cef5d4fd60 JavaThread "Daemon client event forwarder" [_thread_blocked, id=20724, stack(0x000000957ff00000,0x0000009580000000)]
  0x000001cef5d4e410 JavaThread "Cache worker for journal cache (C:\Users\manht\.gradle\caches\journal-1)" [_thread_blocked, id=22264, stack(0x0000009500000000,0x0000009500100000)]
  0x000001cef5d50780 JavaThread "File lock request listener" [_thread_in_native, id=19448, stack(0x0000009500200000,0x0000009500300000)]
  0x000001cef5d4e920 JavaThread "File lock release action executor" [_thread_blocked, id=19788, stack(0x0000009500100000,0x0000009500200000)]
  0x000001cef5d4cfd0 JavaThread "Cache worker for file hash cache (C:\Users\manht\.gradle\caches\8.7\fileHashes)" [_thread_blocked, id=21960, stack(0x0000009500300000,0x0000009500400000)]
  0x000001cef5d4d4e0 JavaThread "Cache worker for file hash cache (D:\Minh\ecommerce\.gradle\8.7\fileHashes)" [_thread_blocked, id=3044, stack(0x0000009500500000,0x0000009500600000)]
  0x000001cef5d4d9f0 JavaThread "File watcher server" daemon [_thread_in_native, id=14224, stack(0x0000009500400000,0x0000009500500000)]
  0x000001cef622a6c0 JavaThread "File watcher consumer" daemon [_thread_blocked, id=11732, stack(0x0000009500800000,0x0000009500900000)]

Other Threads:
  0x000001cedbb26bc0 VMThread "VM Thread" [stack: 0x000000957e400000,0x000000957e500000] [id=21148]
  0x000001cef5182a80 WatcherThread [stack: 0x000000957f000000,0x000000957f100000] [id=14032]
  0x000001cec126ad40 GCTaskThread "GC Thread#0" [stack: 0x000000957df00000,0x000000957e000000] [id=22044]
  0x000001cef67e2c90 GCTaskThread "GC Thread#1" [stack: 0x000000957f300000,0x000000957f400000] [id=16212]
  0x000001cef6299020 GCTaskThread "GC Thread#2" [stack: 0x000000957f400000,0x000000957f500000] [id=19840]
  0x000001cef6633c40 GCTaskThread "GC Thread#3" [stack: 0x000000957f500000,0x000000957f600000] [id=15876]
=>0x000001cef62159f0 GCTaskThread "GC Thread#4" [stack: 0x000000957f600000,0x000000957f700000] [id=21772]
  0x000001cef6215cb0 GCTaskThread "GC Thread#5" [stack: 0x000000957f700000,0x000000957f800000] [id=22548]
  0x000001cef619f0c0 GCTaskThread "GC Thread#6" [stack: 0x0000009500600000,0x0000009500700000] [id=3868]
  0x000001cef619f380 GCTaskThread "GC Thread#7" [stack: 0x0000009500700000,0x0000009500800000] [id=21652]
  0x000001cec126bb70 ConcurrentGCThread "G1 Main Marker" [stack: 0x000000957e000000,0x000000957e100000] [id=22448]
  0x000001cebf1be550 ConcurrentGCThread "G1 Conc#0" [stack: 0x000000957e100000,0x000000957e200000] [id=18652]
  0x000001cec130e6a0 ConcurrentGCThread "G1 Refine#0" [stack: 0x000000957e200000,0x000000957e300000] [id=21552]
  0x000001cedb9ee270 ConcurrentGCThread "G1 Service" [stack: 0x000000957e300000,0x000000957e400000] [id=7928]

Threads with active compile tasks:

VM state: at safepoint (normal execution)

VM Mutex/Monitor currently owned by a thread:  ([mutex/lock_event])
[0x000001cec1237e20] Threads_lock - owner thread: 0x000001cedbb26bc0
[0x000001cec1239a40] Heap_lock - owner thread: 0x000001cef5d4df00

Heap address: 0x00000000e0000000, size: 512 MB, Compressed Oops mode: 32-bit

CDS archive(s) mapped at: [0x000001cedc000000-0x000001cedcbd0000-0x000001cedcbd0000), size 12386304, SharedBaseAddress: 0x000001cedc000000, ArchiveRelocationMode: 1.
Compressed class space mapped at: 0x000001cedd000000-0x000001cef1000000, reserved size: 335544320
Narrow klass base: 0x000001cedc000000, Narrow klass shift: 0, Narrow klass range: 0x100000000

GC Precious Log:
 CPUs: 8 total, 8 available
 Memory: 32613M
 Large Page Support: Disabled
 NUMA Support: Disabled
 Compressed Oops: Enabled (32-bit)
 Heap Region Size: 1M
 Heap Min Capacity: 256M
 Heap Initial Capacity: 256M
 Heap Max Capacity: 512M
 Pre-touch: Disabled
 Parallel Workers: 8
 Concurrent Workers: 2
 Concurrent Refinement Workers: 8
 Periodic GC: Disabled

Heap:
 garbage-first heap   total 262144K, used 29560K [0x00000000e0000000, 0x0000000100000000)
  region size 1024K, 8 young (8192K), 1 survivors (1024K)
 Metaspace       used 21229K, committed 21504K, reserved 393216K
  class space    used 3106K, committed 3264K, reserved 327680K

Heap Regions: E=young(eden), S=young(survivor), O=old, HS=humongous(starts), HC=humongous(continues), CS=collection set, F=free, OA=open archive, CA=closed archive, TAMS=top-at-mark-start (previous, next)
|   0|0x00000000e0000000, 0x00000000e0100000, 0x00000000e0100000|100%|HS|  |TAMS 0x00000000e0000000, 0x00000000e0100000| Complete 
|   1|0x00000000e0100000, 0x00000000e0200000, 0x00000000e0200000|100%|HC|  |TAMS 0x00000000e0100000, 0x00000000e0200000| Complete 
|   2|0x00000000e0200000, 0x00000000e0300000, 0x00000000e0300000|100%|HC|  |TAMS 0x00000000e0200000, 0x00000000e0300000| Complete 
|   3|0x00000000e0300000, 0x00000000e0400000, 0x00000000e0400000|100%|HC|  |TAMS 0x00000000e0300000, 0x00000000e0400000| Complete 
|   4|0x00000000e0400000, 0x00000000e0500000, 0x00000000e0500000|100%| O|  |TAMS 0x00000000e0400000, 0x00000000e0500000| Untracked 
|   5|0x00000000e0500000, 0x00000000e0600000, 0x00000000e0600000|100%| O|  |TAMS 0x00000000e0500000, 0x00000000e0600000| Untracked 
|   6|0x00000000e0600000, 0x00000000e0700000, 0x00000000e0700000|100%| O|  |TAMS 0x00000000e0600000, 0x00000000e0700000| Untracked 
|   7|0x00000000e0700000, 0x00000000e0800000, 0x00000000e0800000|100%| O|  |TAMS 0x00000000e0700000, 0x00000000e0800000| Untracked 
|   8|0x00000000e0800000, 0x00000000e0900000, 0x00000000e0900000|100%| O|  |TAMS 0x00000000e0800000, 0x00000000e0900000| Untracked 
|   9|0x00000000e0900000, 0x00000000e0a00000, 0x00000000e0a00000|100%| O|  |TAMS 0x00000000e0900000, 0x00000000e0a00000| Untracked 
|  10|0x00000000e0a00000, 0x00000000e0b00000, 0x00000000e0b00000|100%| O|  |TAMS 0x00000000e0a00000, 0x00000000e0a8fe00| Untracked 
|  11|0x00000000e0b00000, 0x00000000e0c00000, 0x00000000e0c00000|100%| O|  |TAMS 0x00000000e0b00000, 0x00000000e0b00000| Untracked 
|  12|0x00000000e0c00000, 0x00000000e0d00000, 0x00000000e0d00000|100%| O|  |TAMS 0x00000000e0c00000, 0x00000000e0c00000| Untracked 
|  13|0x00000000e0d00000, 0x00000000e0e00000, 0x00000000e0e00000|100%| O|  |TAMS 0x00000000e0d00000, 0x00000000e0d00000| Untracked 
|  14|0x00000000e0e00000, 0x00000000e0f00000, 0x00000000e0f00000|100%| O|  |TAMS 0x00000000e0e00000, 0x00000000e0e00000| Untracked 
|  15|0x00000000e0f00000, 0x00000000e1000000, 0x00000000e1000000|100%| O|  |TAMS 0x00000000e0f00000, 0x00000000e0f00000| Untracked 
|  16|0x00000000e1000000, 0x00000000e1100000, 0x00000000e1100000|100%| O|  |TAMS 0x00000000e1000000, 0x00000000e1000000| Untracked 
|  17|0x00000000e1100000, 0x00000000e1200000, 0x00000000e1200000|100%| O|  |TAMS 0x00000000e1100000, 0x00000000e1100000| Untracked 
|  18|0x00000000e1200000, 0x00000000e1300000, 0x00000000e1300000|100%| O|  |TAMS 0x00000000e1200000, 0x00000000e1200000| Untracked 
|  19|0x00000000e1300000, 0x00000000e1400000, 0x00000000e1400000|100%| O|  |TAMS 0x00000000e1300000, 0x00000000e1300000| Untracked 
|  20|0x00000000e1400000, 0x00000000e1500000, 0x00000000e1500000|100%| O|  |TAMS 0x00000000e1400000, 0x00000000e1400000| Untracked 
|  21|0x00000000e1500000, 0x00000000e1600000, 0x00000000e1600000|100%| O|  |TAMS 0x00000000e1500000, 0x00000000e1500000| Untracked 
|  22|0x00000000e1600000, 0x00000000e167e6b8, 0x00000000e1700000| 49%| O|  |TAMS 0x00000000e1600000, 0x00000000e1600000| Untracked 
|  23|0x00000000e1700000, 0x00000000e1700000, 0x00000000e1800000|  0%| F|  |TAMS 0x00000000e1700000, 0x00000000e1700000| Untracked 
|  24|0x00000000e1800000, 0x00000000e1800000, 0x00000000e1900000|  0%| F|  |TAMS 0x00000000e1800000, 0x00000000e1800000| Untracked 
|  25|0x00000000e1900000, 0x00000000e1900000, 0x00000000e1a00000|  0%| F|  |TAMS 0x00000000e1900000, 0x00000000e1900000| Untracked 
|  26|0x00000000e1a00000, 0x00000000e1a00000, 0x00000000e1b00000|  0%| F|  |TAMS 0x00000000e1a00000, 0x00000000e1a00000| Untracked 
|  27|0x00000000e1b00000, 0x00000000e1b00000, 0x00000000e1c00000|  0%| F|  |TAMS 0x00000000e1b00000, 0x00000000e1b00000| Untracked 
|  28|0x00000000e1c00000, 0x00000000e1c00000, 0x00000000e1d00000|  0%| F|  |TAMS 0x00000000e1c00000, 0x00000000e1c00000| Untracked 
|  29|0x00000000e1d00000, 0x00000000e1d00000, 0x00000000e1e00000|  0%| F|  |TAMS 0x00000000e1d00000, 0x00000000e1d00000| Untracked 
|  30|0x00000000e1e00000, 0x00000000e1e00000, 0x00000000e1f00000|  0%| F|  |TAMS 0x00000000e1e00000, 0x00000000e1e00000| Untracked 
|  31|0x00000000e1f00000, 0x00000000e1f00000, 0x00000000e2000000|  0%| F|  |TAMS 0x00000000e1f00000, 0x00000000e1f00000| Untracked 
|  32|0x00000000e2000000, 0x00000000e2000000, 0x00000000e2100000|  0%| F|  |TAMS 0x00000000e2000000, 0x00000000e2000000| Untracked 
|  33|0x00000000e2100000, 0x00000000e2100000, 0x00000000e2200000|  0%| F|  |TAMS 0x00000000e2100000, 0x00000000e2100000| Untracked 
|  34|0x00000000e2200000, 0x00000000e2200000, 0x00000000e2300000|  0%| F|  |TAMS 0x00000000e2200000, 0x00000000e2200000| Untracked 
|  35|0x00000000e2300000, 0x00000000e2300000, 0x00000000e2400000|  0%| F|  |TAMS 0x00000000e2300000, 0x00000000e2300000| Untracked 
|  36|0x00000000e2400000, 0x00000000e2400000, 0x00000000e2500000|  0%| F|  |TAMS 0x00000000e2400000, 0x00000000e2400000| Untracked 
|  37|0x00000000e2500000, 0x00000000e2500000, 0x00000000e2600000|  0%| F|  |TAMS 0x00000000e2500000, 0x00000000e2500000| Untracked 
|  38|0x00000000e2600000, 0x00000000e2600000, 0x00000000e2700000|  0%| F|  |TAMS 0x00000000e2600000, 0x00000000e2600000| Untracked 
|  39|0x00000000e2700000, 0x00000000e2700000, 0x00000000e2800000|  0%| F|  |TAMS 0x00000000e2700000, 0x00000000e2700000| Untracked 
|  40|0x00000000e2800000, 0x00000000e2800000, 0x00000000e2900000|  0%| F|  |TAMS 0x00000000e2800000, 0x00000000e2800000| Untracked 
|  41|0x00000000e2900000, 0x00000000e2900000, 0x00000000e2a00000|  0%| F|  |TAMS 0x00000000e2900000, 0x00000000e2900000| Untracked 
|  42|0x00000000e2a00000, 0x00000000e2a00000, 0x00000000e2b00000|  0%| F|  |TAMS 0x00000000e2a00000, 0x00000000e2a00000| Untracked 
|  43|0x00000000e2b00000, 0x00000000e2b00000, 0x00000000e2c00000|  0%| F|  |TAMS 0x00000000e2b00000, 0x00000000e2b00000| Untracked 
|  44|0x00000000e2c00000, 0x00000000e2c00000, 0x00000000e2d00000|  0%| F|  |TAMS 0x00000000e2c00000, 0x00000000e2c00000| Untracked 
|  45|0x00000000e2d00000, 0x00000000e2d00000, 0x00000000e2e00000|  0%| F|  |TAMS 0x00000000e2d00000, 0x00000000e2d00000| Untracked 
|  46|0x00000000e2e00000, 0x00000000e2e00000, 0x00000000e2f00000|  0%| F|  |TAMS 0x00000000e2e00000, 0x00000000e2e00000| Untracked 
|  47|0x00000000e2f00000, 0x00000000e2f00000, 0x00000000e3000000|  0%| F|  |TAMS 0x00000000e2f00000, 0x00000000e2f00000| Untracked 
|  48|0x00000000e3000000, 0x00000000e3000000, 0x00000000e3100000|  0%| F|  |TAMS 0x00000000e3000000, 0x00000000e3000000| Untracked 
|  49|0x00000000e3100000, 0x00000000e3100000, 0x00000000e3200000|  0%| F|  |TAMS 0x00000000e3100000, 0x00000000e3100000| Untracked 
|  50|0x00000000e3200000, 0x00000000e3200000, 0x00000000e3300000|  0%| F|  |TAMS 0x00000000e3200000, 0x00000000e3200000| Untracked 
|  51|0x00000000e3300000, 0x00000000e3300000, 0x00000000e3400000|  0%| F|  |TAMS 0x00000000e3300000, 0x00000000e3300000| Untracked 
|  52|0x00000000e3400000, 0x00000000e3400000, 0x00000000e3500000|  0%| F|  |TAMS 0x00000000e3400000, 0x00000000e3400000| Untracked 
|  53|0x00000000e3500000, 0x00000000e3500000, 0x00000000e3600000|  0%| F|  |TAMS 0x00000000e3500000, 0x00000000e3500000| Untracked 
|  54|0x00000000e3600000, 0x00000000e3600000, 0x00000000e3700000|  0%| F|  |TAMS 0x00000000e3600000, 0x00000000e3600000| Untracked 
|  55|0x00000000e3700000, 0x00000000e3700000, 0x00000000e3800000|  0%| F|  |TAMS 0x00000000e3700000, 0x00000000e3700000| Untracked 
|  56|0x00000000e3800000, 0x00000000e3800000, 0x00000000e3900000|  0%| F|  |TAMS 0x00000000e3800000, 0x00000000e3800000| Untracked 
|  57|0x00000000e3900000, 0x00000000e3900000, 0x00000000e3a00000|  0%| F|  |TAMS 0x00000000e3900000, 0x00000000e3900000| Untracked 
|  58|0x00000000e3a00000, 0x00000000e3a00000, 0x00000000e3b00000|  0%| F|  |TAMS 0x00000000e3a00000, 0x00000000e3a00000| Untracked 
|  59|0x00000000e3b00000, 0x00000000e3b00000, 0x00000000e3c00000|  0%| F|  |TAMS 0x00000000e3b00000, 0x00000000e3b00000| Untracked 
|  60|0x00000000e3c00000, 0x00000000e3c00000, 0x00000000e3d00000|  0%| F|  |TAMS 0x00000000e3c00000, 0x00000000e3c00000| Untracked 
|  61|0x00000000e3d00000, 0x00000000e3d00000, 0x00000000e3e00000|  0%| F|  |TAMS 0x00000000e3d00000, 0x00000000e3d00000| Untracked 
|  62|0x00000000e3e00000, 0x00000000e3e00000, 0x00000000e3f00000|  0%| F|  |TAMS 0x00000000e3e00000, 0x00000000e3e00000| Untracked 
|  63|0x00000000e3f00000, 0x00000000e3f00000, 0x00000000e4000000|  0%| F|  |TAMS 0x00000000e3f00000, 0x00000000e3f00000| Untracked 
|  64|0x00000000e4000000, 0x00000000e4000000, 0x00000000e4100000|  0%| F|  |TAMS 0x00000000e4000000, 0x00000000e4000000| Untracked 
|  65|0x00000000e4100000, 0x00000000e4100000, 0x00000000e4200000|  0%| F|  |TAMS 0x00000000e4100000, 0x00000000e4100000| Untracked 
|  66|0x00000000e4200000, 0x00000000e4200000, 0x00000000e4300000|  0%| F|  |TAMS 0x00000000e4200000, 0x00000000e4200000| Untracked 
|  67|0x00000000e4300000, 0x00000000e4300000, 0x00000000e4400000|  0%| F|  |TAMS 0x00000000e4300000, 0x00000000e4300000| Untracked 
|  68|0x00000000e4400000, 0x00000000e4400000, 0x00000000e4500000|  0%| F|  |TAMS 0x00000000e4400000, 0x00000000e4400000| Untracked 
|  69|0x00000000e4500000, 0x00000000e4500000, 0x00000000e4600000|  0%| F|  |TAMS 0x00000000e4500000, 0x00000000e4500000| Untracked 
|  70|0x00000000e4600000, 0x00000000e4600000, 0x00000000e4700000|  0%| F|  |TAMS 0x00000000e4600000, 0x00000000e4600000| Untracked 
|  71|0x00000000e4700000, 0x00000000e4700000, 0x00000000e4800000|  0%| F|  |TAMS 0x00000000e4700000, 0x00000000e4700000| Untracked 
|  72|0x00000000e4800000, 0x00000000e4800000, 0x00000000e4900000|  0%| F|  |TAMS 0x00000000e4800000, 0x00000000e4800000| Untracked 
|  73|0x00000000e4900000, 0x00000000e4900000, 0x00000000e4a00000|  0%| F|  |TAMS 0x00000000e4900000, 0x00000000e4900000| Untracked 
|  74|0x00000000e4a00000, 0x00000000e4a00000, 0x00000000e4b00000|  0%| F|  |TAMS 0x00000000e4a00000, 0x00000000e4a00000| Untracked 
|  75|0x00000000e4b00000, 0x00000000e4b00000, 0x00000000e4c00000|  0%| F|  |TAMS 0x00000000e4b00000, 0x00000000e4b00000| Untracked 
|  76|0x00000000e4c00000, 0x00000000e4c00000, 0x00000000e4d00000|  0%| F|  |TAMS 0x00000000e4c00000, 0x00000000e4c00000| Untracked 
|  77|0x00000000e4d00000, 0x00000000e4d00000, 0x00000000e4e00000|  0%| F|  |TAMS 0x00000000e4d00000, 0x00000000e4d00000| Untracked 
|  78|0x00000000e4e00000, 0x00000000e4e00000, 0x00000000e4f00000|  0%| F|  |TAMS 0x00000000e4e00000, 0x00000000e4e00000| Untracked 
|  79|0x00000000e4f00000, 0x00000000e4f00000, 0x00000000e5000000|  0%| F|  |TAMS 0x00000000e4f00000, 0x00000000e4f00000| Untracked 
|  80|0x00000000e5000000, 0x00000000e5000000, 0x00000000e5100000|  0%| F|  |TAMS 0x00000000e5000000, 0x00000000e5000000| Untracked 
|  81|0x00000000e5100000, 0x00000000e5100000, 0x00000000e5200000|  0%| F|  |TAMS 0x00000000e5100000, 0x00000000e5100000| Untracked 
|  82|0x00000000e5200000, 0x00000000e5200000, 0x00000000e5300000|  0%| F|  |TAMS 0x00000000e5200000, 0x00000000e5200000| Untracked 
|  83|0x00000000e5300000, 0x00000000e5300000, 0x00000000e5400000|  0%| F|  |TAMS 0x00000000e5300000, 0x00000000e5300000| Untracked 
|  84|0x00000000e5400000, 0x00000000e5400000, 0x00000000e5500000|  0%| F|  |TAMS 0x00000000e5400000, 0x00000000e5400000| Untracked 
|  85|0x00000000e5500000, 0x00000000e5500000, 0x00000000e5600000|  0%| F|  |TAMS 0x00000000e5500000, 0x00000000e5500000| Untracked 
|  86|0x00000000e5600000, 0x00000000e5600000, 0x00000000e5700000|  0%| F|  |TAMS 0x00000000e5600000, 0x00000000e5600000| Untracked 
|  87|0x00000000e5700000, 0x00000000e5700000, 0x00000000e5800000|  0%| F|  |TAMS 0x00000000e5700000, 0x00000000e5700000| Untracked 
|  88|0x00000000e5800000, 0x00000000e5800000, 0x00000000e5900000|  0%| F|  |TAMS 0x00000000e5800000, 0x00000000e5800000| Untracked 
|  89|0x00000000e5900000, 0x00000000e5900000, 0x00000000e5a00000|  0%| F|  |TAMS 0x00000000e5900000, 0x00000000e5900000| Untracked 
|  90|0x00000000e5a00000, 0x00000000e5a00000, 0x00000000e5b00000|  0%| F|  |TAMS 0x00000000e5a00000, 0x00000000e5a00000| Untracked 
|  91|0x00000000e5b00000, 0x00000000e5b00000, 0x00000000e5c00000|  0%| F|  |TAMS 0x00000000e5b00000, 0x00000000e5b00000| Untracked 
|  92|0x00000000e5c00000, 0x00000000e5c00000, 0x00000000e5d00000|  0%| F|  |TAMS 0x00000000e5c00000, 0x00000000e5c00000| Untracked 
|  93|0x00000000e5d00000, 0x00000000e5d00000, 0x00000000e5e00000|  0%| F|  |TAMS 0x00000000e5d00000, 0x00000000e5d00000| Untracked 
|  94|0x00000000e5e00000, 0x00000000e5e00000, 0x00000000e5f00000|  0%| F|  |TAMS 0x00000000e5e00000, 0x00000000e5e00000| Untracked 
|  95|0x00000000e5f00000, 0x00000000e5f00000, 0x00000000e6000000|  0%| F|  |TAMS 0x00000000e5f00000, 0x00000000e5f00000| Untracked 
|  96|0x00000000e6000000, 0x00000000e6000000, 0x00000000e6100000|  0%| F|  |TAMS 0x00000000e6000000, 0x00000000e6000000| Untracked 
|  97|0x00000000e6100000, 0x00000000e6100000, 0x00000000e6200000|  0%| F|  |TAMS 0x00000000e6100000, 0x00000000e6100000| Untracked 
|  98|0x00000000e6200000, 0x00000000e6200000, 0x00000000e6300000|  0%| F|  |TAMS 0x00000000e6200000, 0x00000000e6200000| Untracked 
|  99|0x00000000e6300000, 0x00000000e6300000, 0x00000000e6400000|  0%| F|  |TAMS 0x00000000e6300000, 0x00000000e6300000| Untracked 
| 100|0x00000000e6400000, 0x00000000e6400000, 0x00000000e6500000|  0%| F|  |TAMS 0x00000000e6400000, 0x00000000e6400000| Untracked 
| 101|0x00000000e6500000, 0x00000000e6500000, 0x00000000e6600000|  0%| F|  |TAMS 0x00000000e6500000, 0x00000000e6500000| Untracked 
| 102|0x00000000e6600000, 0x00000000e6600000, 0x00000000e6700000|  0%| F|  |TAMS 0x00000000e6600000, 0x00000000e6600000| Untracked 
| 103|0x00000000e6700000, 0x00000000e6700000, 0x00000000e6800000|  0%| F|  |TAMS 0x00000000e6700000, 0x00000000e6700000| Untracked 
| 104|0x00000000e6800000, 0x00000000e6800000, 0x00000000e6900000|  0%| F|  |TAMS 0x00000000e6800000, 0x00000000e6800000| Untracked 
| 105|0x00000000e6900000, 0x00000000e6900000, 0x00000000e6a00000|  0%| F|  |TAMS 0x00000000e6900000, 0x00000000e6900000| Untracked 
| 106|0x00000000e6a00000, 0x00000000e6a00000, 0x00000000e6b00000|  0%| F|  |TAMS 0x00000000e6a00000, 0x00000000e6a00000| Untracked 
| 107|0x00000000e6b00000, 0x00000000e6b00000, 0x00000000e6c00000|  0%| F|  |TAMS 0x00000000e6b00000, 0x00000000e6b00000| Untracked 
| 108|0x00000000e6c00000, 0x00000000e6c00000, 0x00000000e6d00000|  0%| F|  |TAMS 0x00000000e6c00000, 0x00000000e6c00000| Untracked 
| 109|0x00000000e6d00000, 0x00000000e6d00000, 0x00000000e6e00000|  0%| F|  |TAMS 0x00000000e6d00000, 0x00000000e6d00000| Untracked 
| 110|0x00000000e6e00000, 0x00000000e6e00000, 0x00000000e6f00000|  0%| F|  |TAMS 0x00000000e6e00000, 0x00000000e6e00000| Untracked 
| 111|0x00000000e6f00000, 0x00000000e6f00000, 0x00000000e7000000|  0%| F|  |TAMS 0x00000000e6f00000, 0x00000000e6f00000| Untracked 
| 112|0x00000000e7000000, 0x00000000e7000000, 0x00000000e7100000|  0%| F|  |TAMS 0x00000000e7000000, 0x00000000e7000000| Untracked 
| 113|0x00000000e7100000, 0x00000000e7100000, 0x00000000e7200000|  0%| F|  |TAMS 0x00000000e7100000, 0x00000000e7100000| Untracked 
| 114|0x00000000e7200000, 0x00000000e7200000, 0x00000000e7300000|  0%| F|  |TAMS 0x00000000e7200000, 0x00000000e7200000| Untracked 
| 115|0x00000000e7300000, 0x00000000e7300000, 0x00000000e7400000|  0%| F|  |TAMS 0x00000000e7300000, 0x00000000e7300000| Untracked 
| 116|0x00000000e7400000, 0x00000000e7400000, 0x00000000e7500000|  0%| F|  |TAMS 0x00000000e7400000, 0x00000000e7400000| Untracked 
| 117|0x00000000e7500000, 0x00000000e7500000, 0x00000000e7600000|  0%| F|  |TAMS 0x00000000e7500000, 0x00000000e7500000| Untracked 
| 118|0x00000000e7600000, 0x00000000e7600000, 0x00000000e7700000|  0%| F|  |TAMS 0x00000000e7600000, 0x00000000e7600000| Untracked 
| 119|0x00000000e7700000, 0x00000000e7700000, 0x00000000e7800000|  0%| F|  |TAMS 0x00000000e7700000, 0x00000000e7700000| Untracked 
| 120|0x00000000e7800000, 0x00000000e7800000, 0x00000000e7900000|  0%| F|  |TAMS 0x00000000e7800000, 0x00000000e7800000| Untracked 
| 121|0x00000000e7900000, 0x00000000e7900000, 0x00000000e7a00000|  0%| F|  |TAMS 0x00000000e7900000, 0x00000000e7900000| Untracked 
| 122|0x00000000e7a00000, 0x00000000e7a00000, 0x00000000e7b00000|  0%| F|  |TAMS 0x00000000e7a00000, 0x00000000e7a00000| Untracked 
| 123|0x00000000e7b00000, 0x00000000e7b00000, 0x00000000e7c00000|  0%| F|  |TAMS 0x00000000e7b00000, 0x00000000e7b00000| Untracked 
| 124|0x00000000e7c00000, 0x00000000e7c00000, 0x00000000e7d00000|  0%| F|  |TAMS 0x00000000e7c00000, 0x00000000e7c00000| Untracked 
| 125|0x00000000e7d00000, 0x00000000e7d00000, 0x00000000e7e00000|  0%| F|  |TAMS 0x00000000e7d00000, 0x00000000e7d00000| Untracked 
| 126|0x00000000e7e00000, 0x00000000e7e00000, 0x00000000e7f00000|  0%| F|  |TAMS 0x00000000e7e00000, 0x00000000e7e00000| Untracked 
| 127|0x00000000e7f00000, 0x00000000e7f00000, 0x00000000e8000000|  0%| F|  |TAMS 0x00000000e7f00000, 0x00000000e7f00000| Untracked 
| 128|0x00000000e8000000, 0x00000000e8000000, 0x00000000e8100000|  0%| F|  |TAMS 0x00000000e8000000, 0x00000000e8000000| Untracked 
| 129|0x00000000e8100000, 0x00000000e8100000, 0x00000000e8200000|  0%| F|  |TAMS 0x00000000e8100000, 0x00000000e8100000| Untracked 
| 130|0x00000000e8200000, 0x00000000e8200000, 0x00000000e8300000|  0%| F|  |TAMS 0x00000000e8200000, 0x00000000e8200000| Untracked 
| 131|0x00000000e8300000, 0x00000000e8300000, 0x00000000e8400000|  0%| F|  |TAMS 0x00000000e8300000, 0x00000000e8300000| Untracked 
| 132|0x00000000e8400000, 0x00000000e8400000, 0x00000000e8500000|  0%| F|  |TAMS 0x00000000e8400000, 0x00000000e8400000| Untracked 
| 133|0x00000000e8500000, 0x00000000e8500000, 0x00000000e8600000|  0%| F|  |TAMS 0x00000000e8500000, 0x00000000e8500000| Untracked 
| 134|0x00000000e8600000, 0x00000000e8691570, 0x00000000e8700000| 56%| E|CS|TAMS 0x00000000e8600000, 0x00000000e8691570| Complete 
| 135|0x00000000e8700000, 0x00000000e8800000, 0x00000000e8800000|100%| E|CS|TAMS 0x00000000e8700000, 0x00000000e8800000| Complete 
| 136|0x00000000e8800000, 0x00000000e8900000, 0x00000000e8900000|100%| E|CS|TAMS 0x00000000e8800000, 0x00000000e8900000| Complete 
| 137|0x00000000e8900000, 0x00000000e8a00000, 0x00000000e8a00000|100%| E|CS|TAMS 0x00000000e8900000, 0x00000000e8a00000| Complete 
| 138|0x00000000e8a00000, 0x00000000e8b00000, 0x00000000e8b00000|100%| E|CS|TAMS 0x00000000e8a00000, 0x00000000e8b00000| Complete 
| 139|0x00000000e8b00000, 0x00000000e8c00000, 0x00000000e8c00000|100%| E|CS|TAMS 0x00000000e8b00000, 0x00000000e8c00000| Complete 
| 140|0x00000000e8c00000, 0x00000000e8d00000, 0x00000000e8d00000|100%| E|CS|TAMS 0x00000000e8c00000, 0x00000000e8d00000| Complete 
| 141|0x00000000e8d00000, 0x00000000e8e00000, 0x00000000e8e00000|100%| E|CS|TAMS 0x00000000e8d00000, 0x00000000e8e00000| Complete 
| 142|0x00000000e8e00000, 0x00000000e8f00000, 0x00000000e8f00000|100%| E|CS|TAMS 0x00000000e8e00000, 0x00000000e8f00000| Complete 
| 143|0x00000000e8f00000, 0x00000000e9000000, 0x00000000e9000000|100%| E|CS|TAMS 0x00000000e8f00000, 0x00000000e9000000| Complete 
| 144|0x00000000e9000000, 0x00000000e9100000, 0x00000000e9100000|100%| E|CS|TAMS 0x00000000e9000000, 0x00000000e9100000| Complete 
| 145|0x00000000e9100000, 0x00000000e9200000, 0x00000000e9200000|100%| E|CS|TAMS 0x00000000e9100000, 0x00000000e9200000| Complete 
| 146|0x00000000e9200000, 0x00000000e9200000, 0x00000000e9300000|  0%| F|  |TAMS 0x00000000e9200000, 0x00000000e9200000| Untracked 
| 147|0x00000000e9300000, 0x00000000e9300000, 0x00000000e9400000|  0%| F|  |TAMS 0x00000000e9300000, 0x00000000e9300000| Untracked 
| 148|0x00000000e9400000, 0x00000000e9400000, 0x00000000e9500000|  0%| F|  |TAMS 0x00000000e9400000, 0x00000000e9400000| Untracked 
| 149|0x00000000e9500000, 0x00000000e9500000, 0x00000000e9600000|  0%| F|  |TAMS 0x00000000e9500000, 0x00000000e9500000| Untracked 
| 150|0x00000000e9600000, 0x00000000e9600000, 0x00000000e9700000|  0%| F|  |TAMS 0x00000000e9600000, 0x00000000e9600000| Untracked 
| 151|0x00000000e9700000, 0x00000000e9700000, 0x00000000e9800000|  0%| F|  |TAMS 0x00000000e9700000, 0x00000000e9700000| Untracked 
| 152|0x00000000e9800000, 0x00000000e9800000, 0x00000000e9900000|  0%| F|  |TAMS 0x00000000e9800000, 0x00000000e9800000| Untracked 
| 153|0x00000000e9900000, 0x00000000e9900000, 0x00000000e9a00000|  0%| F|  |TAMS 0x00000000e9900000, 0x00000000e9900000| Untracked 
| 154|0x00000000e9a00000, 0x00000000e9a00000, 0x00000000e9b00000|  0%| F|  |TAMS 0x00000000e9a00000, 0x00000000e9a00000| Untracked 
| 155|0x00000000e9b00000, 0x00000000e9b00000, 0x00000000e9c00000|  0%| F|  |TAMS 0x00000000e9b00000, 0x00000000e9b00000| Untracked 
| 156|0x00000000e9c00000, 0x00000000e9c00000, 0x00000000e9d00000|  0%| F|  |TAMS 0x00000000e9c00000, 0x00000000e9c00000| Untracked 
| 157|0x00000000e9d00000, 0x00000000e9d00000, 0x00000000e9e00000|  0%| F|  |TAMS 0x00000000e9d00000, 0x00000000e9d00000| Untracked 
| 158|0x00000000e9e00000, 0x00000000e9e00000, 0x00000000e9f00000|  0%| F|  |TAMS 0x00000000e9e00000, 0x00000000e9e00000| Untracked 
| 159|0x00000000e9f00000, 0x00000000e9f00000, 0x00000000ea000000|  0%| F|  |TAMS 0x00000000e9f00000, 0x00000000e9f00000| Untracked 
| 160|0x00000000ea000000, 0x00000000ea000000, 0x00000000ea100000|  0%| F|  |TAMS 0x00000000ea000000, 0x00000000ea000000| Untracked 
| 161|0x00000000ea100000, 0x00000000ea100000, 0x00000000ea200000|  0%| F|  |TAMS 0x00000000ea100000, 0x00000000ea100000| Untracked 
| 162|0x00000000ea200000, 0x00000000ea200000, 0x00000000ea300000|  0%| F|  |TAMS 0x00000000ea200000, 0x00000000ea200000| Untracked 
| 163|0x00000000ea300000, 0x00000000ea300000, 0x00000000ea400000|  0%| F|  |TAMS 0x00000000ea300000, 0x00000000ea300000| Untracked 
| 164|0x00000000ea400000, 0x00000000ea400000, 0x00000000ea500000|  0%| F|  |TAMS 0x00000000ea400000, 0x00000000ea400000| Untracked 
| 165|0x00000000ea500000, 0x00000000ea500000, 0x00000000ea600000|  0%| F|  |TAMS 0x00000000ea500000, 0x00000000ea500000| Untracked 
| 166|0x00000000ea600000, 0x00000000ea600000, 0x00000000ea700000|  0%| F|  |TAMS 0x00000000ea600000, 0x00000000ea600000| Untracked 
| 167|0x00000000ea700000, 0x00000000ea700000, 0x00000000ea800000|  0%| F|  |TAMS 0x00000000ea700000, 0x00000000ea700000| Untracked 
| 168|0x00000000ea800000, 0x00000000ea800000, 0x00000000ea900000|  0%| F|  |TAMS 0x00000000ea800000, 0x00000000ea800000| Untracked 
| 169|0x00000000ea900000, 0x00000000ea900000, 0x00000000eaa00000|  0%| F|  |TAMS 0x00000000ea900000, 0x00000000ea900000| Untracked 
| 170|0x00000000eaa00000, 0x00000000eaa00000, 0x00000000eab00000|  0%| F|  |TAMS 0x00000000eaa00000, 0x00000000eaa00000| Untracked 
| 171|0x00000000eab00000, 0x00000000eab00000, 0x00000000eac00000|  0%| F|  |TAMS 0x00000000eab00000, 0x00000000eab00000| Untracked 
| 172|0x00000000eac00000, 0x00000000eac00000, 0x00000000ead00000|  0%| F|  |TAMS 0x00000000eac00000, 0x00000000eac00000| Untracked 
| 173|0x00000000ead00000, 0x00000000ead00000, 0x00000000eae00000|  0%| F|  |TAMS 0x00000000ead00000, 0x00000000ead00000| Untracked 
| 174|0x00000000eae00000, 0x00000000eae00000, 0x00000000eaf00000|  0%| F|  |TAMS 0x00000000eae00000, 0x00000000eae00000| Untracked 
| 175|0x00000000eaf00000, 0x00000000eaf00000, 0x00000000eb000000|  0%| F|  |TAMS 0x00000000eaf00000, 0x00000000eaf00000| Untracked 
| 176|0x00000000eb000000, 0x00000000eb000000, 0x00000000eb100000|  0%| F|  |TAMS 0x00000000eb000000, 0x00000000eb000000| Untracked 
| 177|0x00000000eb100000, 0x00000000eb100000, 0x00000000eb200000|  0%| F|  |TAMS 0x00000000eb100000, 0x00000000eb100000| Untracked 
| 178|0x00000000eb200000, 0x00000000eb200000, 0x00000000eb300000|  0%| F|  |TAMS 0x00000000eb200000, 0x00000000eb200000| Untracked 
| 179|0x00000000eb300000, 0x00000000eb300000, 0x00000000eb400000|  0%| F|  |TAMS 0x00000000eb300000, 0x00000000eb300000| Untracked 
| 180|0x00000000eb400000, 0x00000000eb400000, 0x00000000eb500000|  0%| F|  |TAMS 0x00000000eb400000, 0x00000000eb400000| Untracked 
| 181|0x00000000eb500000, 0x00000000eb500000, 0x00000000eb600000|  0%| F|  |TAMS 0x00000000eb500000, 0x00000000eb500000| Untracked 
| 182|0x00000000eb600000, 0x00000000eb600000, 0x00000000eb700000|  0%| F|  |TAMS 0x00000000eb600000, 0x00000000eb600000| Untracked 
| 183|0x00000000eb700000, 0x00000000eb700000, 0x00000000eb800000|  0%| F|  |TAMS 0x00000000eb700000, 0x00000000eb700000| Untracked 
| 184|0x00000000eb800000, 0x00000000eb800000, 0x00000000eb900000|  0%| F|  |TAMS 0x00000000eb800000, 0x00000000eb800000| Untracked 
| 185|0x00000000eb900000, 0x00000000eb900000, 0x00000000eba00000|  0%| F|  |TAMS 0x00000000eb900000, 0x00000000eb900000| Untracked 
| 186|0x00000000eba00000, 0x00000000eba00000, 0x00000000ebb00000|  0%| F|  |TAMS 0x00000000eba00000, 0x00000000eba00000| Untracked 
| 187|0x00000000ebb00000, 0x00000000ebb00000, 0x00000000ebc00000|  0%| F|  |TAMS 0x00000000ebb00000, 0x00000000ebb00000| Untracked 
| 188|0x00000000ebc00000, 0x00000000ebc00000, 0x00000000ebd00000|  0%| F|  |TAMS 0x00000000ebc00000, 0x00000000ebc00000| Untracked 
| 189|0x00000000ebd00000, 0x00000000ebd00000, 0x00000000ebe00000|  0%| F|  |TAMS 0x00000000ebd00000, 0x00000000ebd00000| Untracked 
| 190|0x00000000ebe00000, 0x00000000ebe00000, 0x00000000ebf00000|  0%| F|  |TAMS 0x00000000ebe00000, 0x00000000ebe00000| Untracked 
| 191|0x00000000ebf00000, 0x00000000ebf00000, 0x00000000ec000000|  0%| F|  |TAMS 0x00000000ebf00000, 0x00000000ebf00000| Untracked 
| 192|0x00000000ec000000, 0x00000000ec000000, 0x00000000ec100000|  0%| F|  |TAMS 0x00000000ec000000, 0x00000000ec000000| Untracked 
| 193|0x00000000ec100000, 0x00000000ec100000, 0x00000000ec200000|  0%| F|  |TAMS 0x00000000ec100000, 0x00000000ec100000| Untracked 
| 194|0x00000000ec200000, 0x00000000ec200000, 0x00000000ec300000|  0%| F|  |TAMS 0x00000000ec200000, 0x00000000ec200000| Untracked 
| 195|0x00000000ec300000, 0x00000000ec300000, 0x00000000ec400000|  0%| F|  |TAMS 0x00000000ec300000, 0x00000000ec300000| Untracked 
| 196|0x00000000ec400000, 0x00000000ec400000, 0x00000000ec500000|  0%| F|  |TAMS 0x00000000ec400000, 0x00000000ec400000| Untracked 
| 197|0x00000000ec500000, 0x00000000ec500000, 0x00000000ec600000|  0%| F|  |TAMS 0x00000000ec500000, 0x00000000ec500000| Untracked 
| 198|0x00000000ec600000, 0x00000000ec600000, 0x00000000ec700000|  0%| F|  |TAMS 0x00000000ec600000, 0x00000000ec600000| Untracked 
| 199|0x00000000ec700000, 0x00000000ec700000, 0x00000000ec800000|  0%| F|  |TAMS 0x00000000ec700000, 0x00000000ec700000| Untracked 
| 200|0x00000000ec800000, 0x00000000ec800000, 0x00000000ec900000|  0%| F|  |TAMS 0x00000000ec800000, 0x00000000ec800000| Untracked 
| 201|0x00000000ec900000, 0x00000000ec900000, 0x00000000eca00000|  0%| F|  |TAMS 0x00000000ec900000, 0x00000000ec900000| Untracked 
| 202|0x00000000eca00000, 0x00000000eca00000, 0x00000000ecb00000|  0%| F|  |TAMS 0x00000000eca00000, 0x00000000eca00000| Untracked 
| 203|0x00000000ecb00000, 0x00000000ecb00000, 0x00000000ecc00000|  0%| F|  |TAMS 0x00000000ecb00000, 0x00000000ecb00000| Untracked 
| 204|0x00000000ecc00000, 0x00000000ecc00000, 0x00000000ecd00000|  0%| F|  |TAMS 0x00000000ecc00000, 0x00000000ecc00000| Untracked 
| 205|0x00000000ecd00000, 0x00000000ecd00000, 0x00000000ece00000|  0%| F|  |TAMS 0x00000000ecd00000, 0x00000000ecd00000| Untracked 
| 206|0x00000000ece00000, 0x00000000ece00000, 0x00000000ecf00000|  0%| F|  |TAMS 0x00000000ece00000, 0x00000000ece00000| Untracked 
| 207|0x00000000ecf00000, 0x00000000ecf00000, 0x00000000ed000000|  0%| F|  |TAMS 0x00000000ecf00000, 0x00000000ecf00000| Untracked 
| 208|0x00000000ed000000, 0x00000000ed000000, 0x00000000ed100000|  0%| F|  |TAMS 0x00000000ed000000, 0x00000000ed000000| Untracked 
| 209|0x00000000ed100000, 0x00000000ed100000, 0x00000000ed200000|  0%| F|  |TAMS 0x00000000ed100000, 0x00000000ed100000| Untracked 
| 210|0x00000000ed200000, 0x00000000ed200000, 0x00000000ed300000|  0%| F|  |TAMS 0x00000000ed200000, 0x00000000ed200000| Untracked 
| 211|0x00000000ed300000, 0x00000000ed300000, 0x00000000ed400000|  0%| F|  |TAMS 0x00000000ed300000, 0x00000000ed300000| Untracked 
| 212|0x00000000ed400000, 0x00000000ed400000, 0x00000000ed500000|  0%| F|  |TAMS 0x00000000ed400000, 0x00000000ed400000| Untracked 
| 213|0x00000000ed500000, 0x00000000ed500000, 0x00000000ed600000|  0%| F|  |TAMS 0x00000000ed500000, 0x00000000ed500000| Untracked 
| 214|0x00000000ed600000, 0x00000000ed600000, 0x00000000ed700000|  0%| F|  |TAMS 0x00000000ed600000, 0x00000000ed600000| Untracked 
| 215|0x00000000ed700000, 0x00000000ed700000, 0x00000000ed800000|  0%| F|  |TAMS 0x00000000ed700000, 0x00000000ed700000| Untracked 
| 216|0x00000000ed800000, 0x00000000ed800000, 0x00000000ed900000|  0%| F|  |TAMS 0x00000000ed800000, 0x00000000ed800000| Untracked 
| 217|0x00000000ed900000, 0x00000000ed900000, 0x00000000eda00000|  0%| F|  |TAMS 0x00000000ed900000, 0x00000000ed900000| Untracked 
| 218|0x00000000eda00000, 0x00000000eda00000, 0x00000000edb00000|  0%| F|  |TAMS 0x00000000eda00000, 0x00000000eda00000| Untracked 
| 219|0x00000000edb00000, 0x00000000edb00000, 0x00000000edc00000|  0%| F|  |TAMS 0x00000000edb00000, 0x00000000edb00000| Untracked 
| 220|0x00000000edc00000, 0x00000000edc00000, 0x00000000edd00000|  0%| F|  |TAMS 0x00000000edc00000, 0x00000000edc00000| Untracked 
| 221|0x00000000edd00000, 0x00000000edd00000, 0x00000000ede00000|  0%| F|  |TAMS 0x00000000edd00000, 0x00000000edd00000| Untracked 
| 222|0x00000000ede00000, 0x00000000ede00000, 0x00000000edf00000|  0%| F|  |TAMS 0x00000000ede00000, 0x00000000ede00000| Untracked 
| 223|0x00000000edf00000, 0x00000000edf00000, 0x00000000ee000000|  0%| F|  |TAMS 0x00000000edf00000, 0x00000000edf00000| Untracked 
| 224|0x00000000ee000000, 0x00000000ee000000, 0x00000000ee100000|  0%| F|  |TAMS 0x00000000ee000000, 0x00000000ee000000| Untracked 
| 225|0x00000000ee100000, 0x00000000ee100000, 0x00000000ee200000|  0%| F|  |TAMS 0x00000000ee100000, 0x00000000ee100000| Untracked 
| 226|0x00000000ee200000, 0x00000000ee200000, 0x00000000ee300000|  0%| F|  |TAMS 0x00000000ee200000, 0x00000000ee200000| Untracked 
| 227|0x00000000ee300000, 0x00000000ee300000, 0x00000000ee400000|  0%| F|  |TAMS 0x00000000ee300000, 0x00000000ee300000| Untracked 
| 228|0x00000000ee400000, 0x00000000ee400000, 0x00000000ee500000|  0%| F|  |TAMS 0x00000000ee400000, 0x00000000ee400000| Untracked 
| 229|0x00000000ee500000, 0x00000000ee500000, 0x00000000ee600000|  0%| F|  |TAMS 0x00000000ee500000, 0x00000000ee500000| Untracked 
| 230|0x00000000ee600000, 0x00000000ee600000, 0x00000000ee700000|  0%| F|  |TAMS 0x00000000ee600000, 0x00000000ee600000| Untracked 
| 231|0x00000000ee700000, 0x00000000ee700000, 0x00000000ee800000|  0%| F|  |TAMS 0x00000000ee700000, 0x00000000ee700000| Untracked 
| 232|0x00000000ee800000, 0x00000000ee800000, 0x00000000ee900000|  0%| F|  |TAMS 0x00000000ee800000, 0x00000000ee800000| Untracked 
| 233|0x00000000ee900000, 0x00000000ee900000, 0x00000000eea00000|  0%| F|  |TAMS 0x00000000ee900000, 0x00000000ee900000| Untracked 
| 234|0x00000000eea00000, 0x00000000eea00000, 0x00000000eeb00000|  0%| F|  |TAMS 0x00000000eea00000, 0x00000000eea00000| Untracked 
| 235|0x00000000eeb00000, 0x00000000eeb00000, 0x00000000eec00000|  0%| F|  |TAMS 0x00000000eeb00000, 0x00000000eeb00000| Untracked 
| 236|0x00000000eec00000, 0x00000000eec00000, 0x00000000eed00000|  0%| F|  |TAMS 0x00000000eec00000, 0x00000000eec00000| Untracked 
| 237|0x00000000eed00000, 0x00000000eed00000, 0x00000000eee00000|  0%| F|  |TAMS 0x00000000eed00000, 0x00000000eed00000| Untracked 
| 238|0x00000000eee00000, 0x00000000eee00000, 0x00000000eef00000|  0%| F|  |TAMS 0x00000000eee00000, 0x00000000eee00000| Untracked 
| 239|0x00000000eef00000, 0x00000000eef00000, 0x00000000ef000000|  0%| F|  |TAMS 0x00000000eef00000, 0x00000000eef00000| Untracked 
| 240|0x00000000ef000000, 0x00000000ef000000, 0x00000000ef100000|  0%| F|  |TAMS 0x00000000ef000000, 0x00000000ef000000| Untracked 
| 241|0x00000000ef100000, 0x00000000ef100000, 0x00000000ef200000|  0%| F|  |TAMS 0x00000000ef100000, 0x00000000ef100000| Untracked 
| 242|0x00000000ef200000, 0x00000000ef200000, 0x00000000ef300000|  0%| F|  |TAMS 0x00000000ef200000, 0x00000000ef200000| Untracked 
| 243|0x00000000ef300000, 0x00000000ef300000, 0x00000000ef400000|  0%| F|  |TAMS 0x00000000ef300000, 0x00000000ef300000| Untracked 
| 244|0x00000000ef400000, 0x00000000ef400000, 0x00000000ef500000|  0%| F|  |TAMS 0x00000000ef400000, 0x00000000ef400000| Untracked 
| 245|0x00000000ef500000, 0x00000000ef500000, 0x00000000ef600000|  0%| F|  |TAMS 0x00000000ef500000, 0x00000000ef500000| Untracked 
| 246|0x00000000ef600000, 0x00000000ef600000, 0x00000000ef700000|  0%| F|  |TAMS 0x00000000ef600000, 0x00000000ef600000| Untracked 
| 247|0x00000000ef700000, 0x00000000ef700000, 0x00000000ef800000|  0%| F|  |TAMS 0x00000000ef700000, 0x00000000ef700000| Untracked 
| 248|0x00000000ef800000, 0x00000000ef900000, 0x00000000ef900000|100%| S|  |TAMS 0x00000000ef800000, 0x00000000ef800000| Complete 
| 249|0x00000000ef900000, 0x00000000ef9bcf30, 0x00000000efa00000| 73%| E|CS|TAMS 0x00000000ef900000, 0x00000000ef9bcf30| Complete 
| 250|0x00000000efa00000, 0x00000000efb00000, 0x00000000efb00000|100%| E|CS|TAMS 0x00000000efa00000, 0x00000000efb00000| Complete 
| 251|0x00000000efb00000, 0x00000000efc00000, 0x00000000efc00000|100%| E|CS|TAMS 0x00000000efb00000, 0x00000000efc00000| Complete 
| 252|0x00000000efc00000, 0x00000000efd00000, 0x00000000efd00000|100%| E|CS|TAMS 0x00000000efc00000, 0x00000000efd00000| Complete 
| 253|0x00000000efd00000, 0x00000000efe00000, 0x00000000efe00000|100%| E|CS|TAMS 0x00000000efd00000, 0x00000000efe00000| Complete 
| 254|0x00000000efe00000, 0x00000000eff00000, 0x00000000eff00000|100%| E|CS|TAMS 0x00000000efe00000, 0x00000000eff00000| Complete 
| 255|0x00000000eff00000, 0x00000000f0000000, 0x00000000f0000000|100%| E|CS|TAMS 0x00000000eff00000, 0x00000000f0000000| Complete 

Card table byte_map: [0x000001ced7f30000,0x000001ced8030000] _byte_map_base: 0x000001ced7830000

Marking Bits (Prev, Next): (CMBitMap*) 0x000001cec126b270, (CMBitMap*) 0x000001cec126b2b0
 Prev Bits: [0x000001ced8130000, 0x000001ced8930000)
 Next Bits: [0x000001ced8930000, 0x000001ced9130000)

Polling page: 0x000001cebf3e0000

Metaspace:

Usage:
  Non-class:     17.70 MB used.
      Class:      3.03 MB used.
       Both:     20.73 MB used.

Virtual space:
  Non-class space:       64.00 MB reserved,      17.81 MB ( 28%) committed,  1 nodes.
      Class space:      320.00 MB reserved,       3.19 MB ( <1%) committed,  1 nodes.
             Both:      384.00 MB reserved,      21.00 MB (  5%) committed. 

Chunk freelists:
   Non-Class:  14.06 MB
       Class:  12.85 MB
        Both:  26.91 MB

MaxMetaspaceSize: 384.00 MB
CompressedClassSpaceSize: 320.00 MB
Initial GC threshold: 21.00 MB
Current GC threshold: 21.00 MB
CDS: on
MetaspaceReclaimPolicy: balanced
 - commit_granule_bytes: 65536.
 - commit_granule_words: 8192.
 - virtual_space_node_default_size: 8388608.
 - enlarge_chunks_in_place: 1.
 - new_chunks_are_fully_committed: 0.
 - uncommit_free_chunks: 1.
 - use_allocation_guard: 0.
 - handle_deallocations: 1.


Internal statistics:

num_allocs_failed_limit: 3.
num_arena_births: 238.
num_arena_deaths: 0.
num_vsnodes_births: 2.
num_vsnodes_deaths: 0.
num_space_committed: 336.
num_space_uncommitted: 0.
num_chunks_returned_to_freelist: 3.
num_chunks_taken_from_freelist: 1000.
num_chunk_merges: 3.
num_chunk_splits: 658.
num_chunks_enlarged: 478.
num_inconsistent_stats: 0.

CodeHeap 'non-profiled nmethods': size=120000Kb used=1603Kb max_used=1603Kb free=118396Kb
 bounds [0x000001ced05d0000, 0x000001ced0840000, 0x000001ced7b00000]
CodeHeap 'profiled nmethods': size=120000Kb used=5633Kb max_used=5633Kb free=114366Kb
 bounds [0x000001cec8b00000, 0x000001cec9090000, 0x000001ced0030000]
CodeHeap 'non-nmethods': size=5760Kb used=1236Kb max_used=1313Kb free=4523Kb
 bounds [0x000001ced0030000, 0x000001ced02a0000, 0x000001ced05d0000]
 total_blobs=3262 nmethods=2718 adapters=456
 compilation: enabled
              stopped_count=0, restarted_count=0
 full_count=0

Compilation events (20 events):
Event: 17.390 Thread 0x000001cedbb46fd0 2712       3       jdk.internal.org.objectweb.asm.MethodVisitor::visitCode (15 bytes)
Event: 17.390 Thread 0x000001cedbb46fd0 nmethod 2712 0x000001cec9072a10 code [0x000001cec9072bc0, 0x000001cec9072dc8]
Event: 17.390 Thread 0x000001cedbb46fd0 2713       3       jdk.internal.org.objectweb.asm.MethodVisitor::visitMaxs (17 bytes)
Event: 17.390 Thread 0x000001cedbb46fd0 nmethod 2713 0x000001cec9072e90 code [0x000001cec9073040, 0x000001cec9073248]
Event: 17.391 Thread 0x000001cedbb46fd0 2714   !   3       java.lang.invoke.InnerClassLambdaMetafactory::generateInnerClass (618 bytes)
Event: 17.394 Thread 0x000001cedbb46fd0 nmethod 2714 0x000001cec9073310 code [0x000001cec9073820, 0x000001cec9076168]
Event: 17.394 Thread 0x000001cedbb46fd0 2715       3       java.lang.invoke.InnerClassLambdaMetafactory::generateConstructor (154 bytes)
Event: 17.395 Thread 0x000001cedbb46fd0 nmethod 2715 0x000001cec9077190 code [0x000001cec9077460, 0x000001cec9078408]
Event: 17.395 Thread 0x000001cedbb46fd0 2716       3       java.lang.invoke.MemberName::asSpecial (89 bytes)
Event: 17.396 Thread 0x000001cedbb46fd0 nmethod 2716 0x000001cec9078990 code [0x000001cec9078c60, 0x000001cec9079928]
Event: 17.396 Thread 0x000001cedbb46fd0 2717       1       org.gradle.internal.event.DefaultListenerManager::access$100 (5 bytes)
Event: 17.396 Thread 0x000001cedbb46fd0 nmethod 2717 0x000001ced0760990 code [0x000001ced0760b20, 0x000001ced0760bd8]
Event: 17.402 Thread 0x000001cedbb46fd0 2718       3       java.lang.invoke.MethodHandles$Lookup::resolveOrFail (44 bytes)
Event: 17.403 Thread 0x000001cedbb46fd0 nmethod 2718 0x000001cec9079d90 code [0x000001cec907a040, 0x000001cec907ad08]
Event: 17.403 Thread 0x000001cedbb46fd0 2720   !   3       java.lang.invoke.MethodHandles$Lookup::canBeCached (150 bytes)
Event: 17.407 Thread 0x000001cedbb46fd0 nmethod 2720 0x000001cec907b190 code [0x000001cec907b5e0, 0x000001cec907d908]
Event: 17.407 Thread 0x000001cedbb46fd0 2719       3       java.lang.invoke.MethodHandles$Lookup::getDirectMethodForConstant (72 bytes)
Event: 17.409 Thread 0x000001cedbb46fd0 nmethod 2719 0x000001cec907e490 code [0x000001cec907e7e0, 0x000001cec907fae8]
Event: 17.423 Thread 0x000001cedbb46fd0 2721       3       java.util.concurrent.TimeUnit::toNanos (45 bytes)
Event: 17.424 Thread 0x000001cedbb46fd0 nmethod 2721 0x000001cec9080110 code [0x000001cec90802c0, 0x000001cec9080538]

GC Heap History (7 events):
Event: 2.134 GC heap before
{Heap before GC invocations=0 (full 0):
 garbage-first heap   total 262144K, used 26624K [0x00000000e0000000, 0x0000000100000000)
  region size 1024K, 23 young (23552K), 0 survivors (0K)
 Metaspace       used 2967K, committed 3072K, reserved 393216K
  class space    used 382K, committed 448K, reserved 327680K
}
Event: 2.176 GC heap after
{Heap after GC invocations=1 (full 0):
 garbage-first heap   total 262144K, used 10724K [0x00000000e0000000, 0x0000000100000000)
  region size 1024K, 3 young (3072K), 3 survivors (3072K)
 Metaspace       used 2967K, committed 3072K, reserved 393216K
  class space    used 382K, committed 448K, reserved 327680K
}
Event: 3.122 GC heap before
{Heap before GC invocations=1 (full 0):
 garbage-first heap   total 262144K, used 39396K [0x00000000e0000000, 0x0000000100000000)
  region size 1024K, 31 young (31744K), 3 survivors (3072K)
 Metaspace       used 3979K, committed 4160K, reserved 393216K
  class space    used 490K, committed 576K, reserved 327680K
}
Event: 3.126 GC heap after
{Heap after GC invocations=2 (full 0):
 garbage-first heap   total 262144K, used 11682K [0x00000000e0000000, 0x0000000100000000)
  region size 1024K, 1 young (1024K), 1 survivors (1024K)
 Metaspace       used 3979K, committed 4160K, reserved 393216K
  class space    used 490K, committed 576K, reserved 327680K
}
Event: 17.179 GC heap before
{Heap before GC invocations=2 (full 0):
 garbage-first heap   total 262144K, used 124322K [0x00000000e0000000, 0x0000000100000000)
  region size 1024K, 110 young (112640K), 1 survivors (1024K)
 Metaspace       used 20288K, committed 20608K, reserved 393216K
  class space    used 2959K, committed 3136K, reserved 327680K
}
Event: 17.193 GC heap after
{Heap after GC invocations=3 (full 0):
 garbage-first heap   total 262144K, used 22660K [0x00000000e0000000, 0x0000000100000000)
  region size 1024K, 12 young (12288K), 12 survivors (12288K)
 Metaspace       used 20288K, committed 20608K, reserved 393216K
  class space    used 2959K, committed 3136K, reserved 327680K
}
Event: 17.429 GC heap before
{Heap before GC invocations=3 (full 0):
 garbage-first heap   total 262144K, used 28804K [0x00000000e0000000, 0x0000000100000000)
  region size 1024K, 19 young (19456K), 12 survivors (12288K)
 Metaspace       used 21229K, committed 21504K, reserved 393216K
  class space    used 3106K, committed 3264K, reserved 327680K
}

Deoptimization events (20 events):
Event: 14.493 Thread 0x000001cef5d4df00 DEOPT PACKING pc=0x000001ced0678dfc sp=0x000000957fcfd2a0
Event: 14.493 Thread 0x000001cef5d4df00 DEOPT UNPACKING pc=0x000001ced00823a3 sp=0x000000957fcfd138 mode 2
Event: 16.282 Thread 0x000001cef5d4df00 Uncommon trap: trap_request=0xffffff45 fr.pc=0x000001ced06f4778 relative=0x00000000000003b8
Event: 16.282 Thread 0x000001cef5d4df00 Uncommon trap: reason=unstable_if action=reinterpret pc=0x000001ced06f4778 method=java.util.HashMap.getNode(Ljava/lang/Object;)Ljava/util/HashMap$Node; @ 131 c2
Event: 16.282 Thread 0x000001cef5d4df00 DEOPT PACKING pc=0x000001ced06f4778 sp=0x000000957fcfb0e0
Event: 16.282 Thread 0x000001cef5d4df00 DEOPT UNPACKING pc=0x000001ced00823a3 sp=0x000000957fcfb000 mode 2
Event: 16.282 Thread 0x000001cef5d4df00 Uncommon trap: trap_request=0xffffff45 fr.pc=0x000001ced073d784 relative=0x0000000000000824
Event: 16.282 Thread 0x000001cef5d4df00 Uncommon trap: reason=unstable_if action=reinterpret pc=0x000001ced073d784 method=java.util.HashMap.putVal(ILjava/lang/Object;Ljava/lang/Object;ZZ)Ljava/lang/Object; @ 206 c2
Event: 16.282 Thread 0x000001cef5d4df00 DEOPT PACKING pc=0x000001ced073d784 sp=0x000000957fcfb010
Event: 16.282 Thread 0x000001cef5d4df00 DEOPT UNPACKING pc=0x000001ced00823a3 sp=0x000000957fcfafa8 mode 2
Event: 16.543 Thread 0x000001cef5d4df00 DEOPT PACKING pc=0x000001cec8eb2508 sp=0x000000957fcf9fc0
Event: 16.543 Thread 0x000001cef5d4df00 DEOPT UNPACKING pc=0x000001ced0082b43 sp=0x000000957fcf94c8 mode 0
Event: 16.675 Thread 0x000001cef5d4df00 Uncommon trap: trap_request=0xffffff6e fr.pc=0x000001ced068a088 relative=0x00000000000003e8
Event: 16.676 Thread 0x000001cef5d4df00 Uncommon trap: reason=loop_limit_check action=maybe_recompile pc=0x000001ced068a088 method=java.lang.StringLatin1.indexOf([BI[BII)I @ 37 c2
Event: 16.676 Thread 0x000001cef5d4df00 DEOPT PACKING pc=0x000001ced068a088 sp=0x000000957fcf8860
Event: 16.676 Thread 0x000001cef5d4df00 DEOPT UNPACKING pc=0x000001ced00823a3 sp=0x000000957fcf87c0 mode 2
Event: 17.303 Thread 0x000001cef5d4df00 Uncommon trap: trap_request=0xffffff76 fr.pc=0x000001ced074b818 relative=0x0000000000000178
Event: 17.303 Thread 0x000001cef5d4df00 Uncommon trap: reason=predicate action=maybe_recompile pc=0x000001ced074b818 method=com.google.common.base.CharMatcher.indexIn(Ljava/lang/CharSequence;I)I @ 19 c2
Event: 17.303 Thread 0x000001cef5d4df00 DEOPT PACKING pc=0x000001ced074b818 sp=0x000000957fcfa790
Event: 17.303 Thread 0x000001cef5d4df00 DEOPT UNPACKING pc=0x000001ced00823a3 sp=0x000000957fcfa720 mode 2

Classes unloaded (0 events):
No events

Classes redefined (0 events):
No events

Internal exceptions (20 events):
Event: 9.217 Thread 0x000001cef5d4df00 Exception <a 'java/lang/NoSuchMethodError'{0x00000000ec3cf1e8}: 'java.lang.Object java.lang.invoke.DirectMethodHandle$Holder.invokeSpecial(java.lang.Object, java.lang.Object, java.lang.Object, java.lang.Object, int)'> (0x00000000ec3cf1e8) 
thrown [s\open\src\hotspot\share\interpreter\linkResolver.cpp, line 759]
Event: 9.218 Thread 0x000001cef5d4df00 Exception <a 'java/lang/NoSuchMethodError'{0x00000000ec3d3300}: 'java.lang.Object java.lang.invoke.Invokers$Holder.linkToTargetMethod(java.lang.Object, java.lang.Object, int, java.lang.Object)'> (0x00000000ec3d3300) 
thrown [s\open\src\hotspot\share\interpreter\linkResolver.cpp, line 759]
Event: 13.246 Thread 0x000001cef5d4df00 Exception <a 'java/lang/NoSuchMethodError'{0x00000000ebd90e58}: 'int java.lang.invoke.DirectMethodHandle$Holder.invokeVirtual(java.lang.Object, java.lang.Object, java.lang.Object)'> (0x00000000ebd90e58) 
thrown [s\open\src\hotspot\share\interpreter\linkResolver.cpp, line 759]
Event: 13.659 Thread 0x000001cef5d4df00 Exception <a 'java/lang/NoSuchMethodError'{0x00000000ebc96950}: 'int java.lang.invoke.DirectMethodHandle$Holder.invokeSpecialIFC(java.lang.Object, java.lang.Object, java.lang.Object, java.lang.Object)'> (0x00000000ebc96950) 
thrown [s\open\src\hotspot\share\interpreter\linkResolver.cpp, line 759]
Event: 13.662 Thread 0x000001cef5d4df00 Exception <a 'java/lang/NoSuchMethodError'{0x00000000ebca57c0}: 'java.lang.Object java.lang.invoke.DirectMethodHandle$Holder.invokeInterface(java.lang.Object, java.lang.Object, java.lang.Object)'> (0x00000000ebca57c0) 
thrown [s\open\src\hotspot\share\interpreter\linkResolver.cpp, line 759]
Event: 13.662 Thread 0x000001cef5d4df00 Exception <a 'java/lang/IncompatibleClassChangeError'{0x00000000ebca93d8}: Found class java.lang.Object, but interface was expected> (0x00000000ebca93d8) 
thrown [s\open\src\hotspot\share\interpreter\linkResolver.cpp, line 826]
Event: 13.735 Thread 0x000001cef5d4df00 Implicit null exception at 0x000001ced0609c60 to 0x000001ced0609cfa
Event: 13.769 Thread 0x000001cef5d4df00 Exception <a 'java/lang/NoSuchMethodError'{0x00000000eba85ee8}: 'int java.lang.invoke.DirectMethodHandle$Holder.invokeStatic(java.lang.Object, java.lang.Object, java.lang.Object, java.lang.Object)'> (0x00000000eba85ee8) 
thrown [s\open\src\hotspot\share\interpreter\linkResolver.cpp, line 759]
Event: 13.770 Thread 0x000001cef5d4df00 Exception <a 'java/lang/NoSuchMethodError'{0x00000000eba89b10}: 'java.lang.Object java.lang.invoke.Invokers$Holder.invokeExact_MT(java.lang.Object, java.lang.Object, java.lang.Object, java.lang.Object, java.lang.Object, java.lang.Object)'> (0x00000000eba89b10) 
thrown [s\open\src\hotspot\share\interpreter\linkResolver.cpp, line 759]
Event: 15.007 Thread 0x000001cef5d4df00 Exception <a 'java/lang/IncompatibleClassChangeError'{0x00000000eb773650}: Found class java.lang.Object, but interface was expected> (0x00000000eb773650) 
thrown [s\open\src\hotspot\share\interpreter\linkResolver.cpp, line 826]
Event: 16.226 Thread 0x000001cef5d4df00 Exception <a 'java/lang/NoSuchMethodError'{0x00000000ea1301d8}: 'java.lang.Object java.lang.invoke.DirectMethodHandle$Holder.invokeVirtual(java.lang.Object, java.lang.Object, java.lang.Object, java.lang.Object)'> (0x00000000ea1301d8) 
thrown [s\open\src\hotspot\share\interpreter\linkResolver.cpp, line 759]
Event: 16.302 Thread 0x000001cef5d4df00 Exception <a 'java/lang/NoSuchMethodError'{0x00000000ea07b8e0}: 'java.lang.Object java.lang.invoke.DirectMethodHandle$Holder.newInvokeSpecial(java.lang.Object, java.lang.Object, java.lang.Object, java.lang.Object, java.lang.Object, java.lang.Object, java.lang.Object)'> (0x00000000ea07b8e0) 
thrown [s\open\src\hotspot\share\interpreter\linkResolver.cpp, line 759]
Event: 16.302 Thread 0x000001cef5d4df00 Exception <a 'java/lang/NoSuchMethodError'{0x00000000ea080800}: 'java.lang.Object java.lang.invoke.Invokers$Holder.linkToTargetMethod(java.lang.Object, java.lang.Object, java.lang.Object, java.lang.Object, java.lang.Object, java.lang.Object, java.lang.Object)'> (0x00000000ea080800) 
thrown [s\open\src\hotspot\share\interpreter\linkResolver.cpp, line 759]
Event: 16.926 Thread 0x000001cef5d4df00 Exception <a 'java/lang/NoSuchMethodError'{0x00000000e96453f0}: 'java.lang.Object java.lang.invoke.DirectMethodHandle$Holder.invokeStaticInit(java.lang.Object, java.lang.Object, java.lang.Object, java.lang.Object)'> (0x00000000e96453f0) 
thrown [s\open\src\hotspot\share\interpreter\linkResolver.cpp, line 759]
Event: 16.969 Thread 0x000001cef5d4df00 Exception <a 'java/lang/NoSuchMethodError'{0x00000000e95336e0}: 'java.lang.Object java.lang.invoke.DirectMethodHandle$Holder.newInvokeSpecial(java.lang.Object, java.lang.Object, java.lang.Object, java.lang.Object, java.lang.Object, java.lang.Object, java.lang.Object, java.lang.Object)'> (0x00000000e95336e0) 
thrown [s\open\src\hotspot\share\interpreter\linkResolver.cpp, line 759]
Event: 16.970 Thread 0x000001cef5d4df00 Exception <a 'java/lang/NoSuchMethodError'{0x00000000e95390e8}: 'java.lang.Object java.lang.invoke.DirectMethodHandle$Holder.invokeSpecial(java.lang.Object, java.lang.Object, java.lang.Object, java.lang.Object, java.lang.Object, java.lang.Object, java.lang.Object, java.lang.Object, java.lang.Object)'> (0x00000000e95390e8) 
thrown [s\open\src\hotspot\share\interpreter\linkResolver.cpp, line 759]
Event: 16.970 Thread 0x000001cef5d4df00 Exception <a 'java/lang/NoSuchMethodError'{0x00000000e953e498}: 'java.lang.Object java.lang.invoke.Invokers$Holder.linkToTargetMethod(java.lang.Object, java.lang.Object, java.lang.Object, java.lang.Object, java.lang.Object, java.lang.Object, java.lang.Object, java.lang.Object)'> (0x00000000e953e498) 
thrown [s\open\src\hotspot\share\interpreter\linkResolver.cpp, line 759]
Event: 16.987 Thread 0x000001cef5d4df00 Exception <a 'java/lang/NoSuchMethodError'{0x00000000e9587bc8}: 'void java.lang.invoke.DirectMethodHandle$Holder.invokeStatic(java.lang.Object, java.lang.Object, java.lang.Object, java.lang.Object)'> (0x00000000e9587bc8) 
thrown [s\open\src\hotspot\share\interpreter\linkResolver.cpp, line 759]
Event: 17.364 Thread 0x000001cef5d4df00 Exception <a 'java/lang/NoSuchMethodError'{0x00000000efb14388}: 'int java.lang.invoke.DirectMethodHandle$Holder.invokeVirtual(java.lang.Object, java.lang.Object)'> (0x00000000efb14388) 
thrown [s\open\src\hotspot\share\interpreter\linkResolver.cpp, line 759]
Event: 17.367 Thread 0x000001cef5d4df00 Exception <a 'java/lang/NoSuchMethodError'{0x00000000efb26918}: 'java.lang.Object java.lang.invoke.DirectMethodHandle$Holder.invokeStaticInit(java.lang.Object, java.lang.Object, java.lang.Object)'> (0x00000000efb26918) 
thrown [s\open\src\hotspot\share\interpreter\linkResolver.cpp, line 759]

VM Operations (20 events):
Event: 10.672 Executing VM operation: Cleanup done
Event: 11.693 Executing VM operation: Cleanup
Event: 11.693 Executing VM operation: Cleanup done
Event: 12.704 Executing VM operation: Cleanup
Event: 13.005 Executing VM operation: Cleanup done
Event: 14.036 Executing VM operation: Cleanup
Event: 14.036 Executing VM operation: Cleanup done
Event: 14.708 Executing VM operation: HandshakeAllThreads
Event: 14.941 Executing VM operation: HandshakeAllThreads done
Event: 14.942 Executing VM operation: HandshakeAllThreads
Event: 14.972 Executing VM operation: HandshakeAllThreads done
Event: 15.983 Executing VM operation: Cleanup
Event: 15.987 Executing VM operation: Cleanup done
Event: 17.001 Executing VM operation: Cleanup
Event: 17.002 Executing VM operation: Cleanup done
Event: 17.179 Executing VM operation: G1CollectForAllocation
Event: 17.193 Executing VM operation: G1CollectForAllocation done
Event: 17.412 Executing VM operation: HandshakeAllThreads
Event: 17.412 Executing VM operation: HandshakeAllThreads done
Event: 17.429 Executing VM operation: CollectForMetadataAllocation

Events (20 events):
Event: 16.144 loading class org/xml/sax/ErrorHandler
Event: 16.144 loading class org/xml/sax/ErrorHandler done
Event: 16.212 Thread 0x000001cef67ea780 Thread exited: 0x000001cef67ea780
Event: 16.831 Thread 0x000001cef8214e60 Thread added: 0x000001cef8214e60
Event: 16.861 Thread 0x000001cef5d4d4e0 Thread added: 0x000001cef5d4d4e0
Event: 17.259 loading class java/util/function/UnaryOperator
Event: 17.259 loading class java/util/function/UnaryOperator done
Event: 17.287 loading class java/util/concurrent/TimeoutException
Event: 17.289 loading class java/util/concurrent/TimeoutException done
Event: 17.290 loading class java/util/concurrent/CancellationException
Event: 17.290 loading class java/util/concurrent/CancellationException done
Event: 17.315 Thread 0x000001cef8214e60 Thread exited: 0x000001cef8214e60
Event: 17.350 Thread 0x000001cef5d4d9f0 Thread added: 0x000001cef5d4d9f0
Event: 17.351 loading class java/util/concurrent/locks/AbstractQueuedSynchronizer$SharedNode
Event: 17.351 loading class java/util/concurrent/locks/AbstractQueuedSynchronizer$SharedNode done
Event: 17.359 loading class java/io/InterruptedIOException
Event: 17.359 loading class java/io/InterruptedIOException done
Event: 17.362 Thread 0x000001cef622a6c0 Thread added: 0x000001cef622a6c0
Event: 17.371 loading class java/util/ArrayDeque$DeqSpliterator
Event: 17.371 loading class java/util/ArrayDeque$DeqSpliterator done


Dynamic libraries:
0x00007ff6653e0000 - 0x00007ff6653f0000 	C:\Program Files\Java\jdk-17\bin\java.exe
0x00007ffbeab30000 - 0x00007ffbead28000 	C:\Windows\SYSTEM32\ntdll.dll
0x00007ffbea1b0000 - 0x00007ffbea272000 	C:\Windows\System32\KERNEL32.DLL
0x00007ffbe8410000 - 0x00007ffbe8706000 	C:\Windows\System32\KERNELBASE.dll
0x00007ffbe8310000 - 0x00007ffbe8410000 	C:\Windows\System32\ucrtbase.dll
0x00007ffbdbe60000 - 0x00007ffbdbe79000 	C:\Program Files\Java\jdk-17\bin\jli.dll
0x00007ffbea690000 - 0x00007ffbea741000 	C:\Windows\System32\ADVAPI32.dll
0x00007ffbea0a0000 - 0x00007ffbea13e000 	C:\Windows\System32\msvcrt.dll
0x00007ffbe1d00000 - 0x00007ffbe1d1b000 	C:\Program Files\Java\jdk-17\bin\VCRUNTIME140.dll
0x00007ffbea520000 - 0x00007ffbea5bf000 	C:\Windows\System32\sechost.dll
0x00007ffbea750000 - 0x00007ffbea873000 	C:\Windows\System32\RPCRT4.dll
0x00007ffbe8850000 - 0x00007ffbe8877000 	C:\Windows\System32\bcrypt.dll
0x00007ffbea380000 - 0x00007ffbea51d000 	C:\Windows\System32\USER32.dll
0x00007ffbe81c0000 - 0x00007ffbe81e2000 	C:\Windows\System32\win32u.dll
0x00007ffbea350000 - 0x00007ffbea37b000 	C:\Windows\System32\GDI32.dll
0x00007ffbd17a0000 - 0x00007ffbd1a3a000 	C:\Windows\WinSxS\amd64_microsoft.windows.common-controls_6595b64144ccf1df_6.0.19041.5915_none_60b4b9d171f9c7c7\COMCTL32.dll
0x00007ffbe81f0000 - 0x00007ffbe8309000 	C:\Windows\System32\gdi32full.dll
0x00007ffbe8a60000 - 0x00007ffbe8afd000 	C:\Windows\System32\msvcp_win.dll
0x00007ffbdeb80000 - 0x00007ffbdeb8a000 	C:\Windows\SYSTEM32\VERSION.dll
0x00007ffbe9370000 - 0x00007ffbe939f000 	C:\Windows\System32\IMM32.DLL
0x00007ffbe49e0000 - 0x00007ffbe49ec000 	C:\Program Files\Java\jdk-17\bin\vcruntime140_1.dll
0x00007ffbc1240000 - 0x00007ffbc12ce000 	C:\Program Files\Java\jdk-17\bin\msvcp140.dll
0x00007ffb58670000 - 0x00007ffb59250000 	C:\Program Files\Java\jdk-17\bin\server\jvm.dll
0x00007ffbe9710000 - 0x00007ffbe9718000 	C:\Windows\System32\PSAPI.DLL
0x00007ffbc8510000 - 0x00007ffbc8519000 	C:\Windows\SYSTEM32\WSOCK32.dll
0x00007ffbd9810000 - 0x00007ffbd9837000 	C:\Windows\SYSTEM32\WINMM.dll
0x00007ffbea140000 - 0x00007ffbea1ab000 	C:\Windows\System32\WS2_32.dll
0x00007ffbe6000000 - 0x00007ffbe6012000 	C:\Windows\SYSTEM32\kernel.appcore.dll
0x00007ffbe4870000 - 0x00007ffbe487a000 	C:\Program Files\Java\jdk-17\bin\jimage.dll
0x00007ffbe58b0000 - 0x00007ffbe5ab1000 	C:\Windows\SYSTEM32\DBGHELP.DLL
0x00007ffbb8750000 - 0x00007ffbb8784000 	C:\Windows\SYSTEM32\dbgcore.DLL
0x00007ffbe87c0000 - 0x00007ffbe8842000 	C:\Windows\System32\bcryptPrimitives.dll
0x00007ffbe42c0000 - 0x00007ffbe42ce000 	C:\Program Files\Java\jdk-17\bin\instrument.dll
0x00007ffbd20f0000 - 0x00007ffbd2115000 	C:\Program Files\Java\jdk-17\bin\java.dll
0x00007ffba1530000 - 0x00007ffba1607000 	C:\Program Files\Java\jdk-17\bin\jsvml.dll
0x00007ffbe9930000 - 0x00007ffbea09e000 	C:\Windows\System32\SHELL32.dll
0x00007ffbe6200000 - 0x00007ffbe69a4000 	C:\Windows\SYSTEM32\windows.storage.dll
0x00007ffbe93a0000 - 0x00007ffbe96f3000 	C:\Windows\System32\combase.dll
0x00007ffbe7b10000 - 0x00007ffbe7b3b000 	C:\Windows\SYSTEM32\Wldp.dll
0x00007ffbea5c0000 - 0x00007ffbea68d000 	C:\Windows\System32\OLEAUT32.dll
0x00007ffbea2a0000 - 0x00007ffbea34d000 	C:\Windows\System32\SHCORE.dll
0x00007ffbea910000 - 0x00007ffbea96b000 	C:\Windows\System32\shlwapi.dll
0x00007ffbe80f0000 - 0x00007ffbe8114000 	C:\Windows\SYSTEM32\profapi.dll
0x00007ffbd98e0000 - 0x00007ffbd98f8000 	C:\Program Files\Java\jdk-17\bin\zip.dll
0x00007ffbd20d0000 - 0x00007ffbd20e9000 	C:\Program Files\Java\jdk-17\bin\net.dll
0x00007ffbe02c0000 - 0x00007ffbe03ca000 	C:\Windows\SYSTEM32\WINHTTP.dll
0x00007ffbe78f0000 - 0x00007ffbe795a000 	C:\Windows\system32\mswsock.dll
0x00007ffbc1220000 - 0x00007ffbc1236000 	C:\Program Files\Java\jdk-17\bin\nio.dll
0x00007ffbe3b80000 - 0x00007ffbe3b90000 	C:\Program Files\Java\jdk-17\bin\verify.dll
0x00007ffbe3b10000 - 0x00007ffbe3b37000 	C:\Users\manht\.gradle\native\c067742578af261105cb4f569cf0c3c89f3d7b1fecec35dd04571415982c5e48\windows-amd64\native-platform.dll
0x00007ffb788f0000 - 0x00007ffb78a34000 	C:\Users\manht\.gradle\native\38dada09dfb8b06ba9b0570ebf7e218e3eb74d4ef43ca46872605cf95ebc2f47\windows-amd64\native-platform-file-events.dll
0x00007ffbe3b00000 - 0x00007ffbe3b0a000 	C:\Program Files\Java\jdk-17\bin\management.dll
0x00007ffbe3550000 - 0x00007ffbe355b000 	C:\Program Files\Java\jdk-17\bin\management_ext.dll
0x00007ffbe7b50000 - 0x00007ffbe7b68000 	C:\Windows\SYSTEM32\CRYPTSP.dll
0x00007ffbe71c0000 - 0x00007ffbe71f8000 	C:\Windows\system32\rsaenh.dll
0x00007ffbe80b0000 - 0x00007ffbe80de000 	C:\Windows\SYSTEM32\USERENV.dll
0x00007ffbe7a80000 - 0x00007ffbe7a8c000 	C:\Windows\SYSTEM32\CRYPTBASE.dll
0x00007ffbe75a0000 - 0x00007ffbe75db000 	C:\Windows\SYSTEM32\IPHLPAPI.DLL
0x00007ffbe9700000 - 0x00007ffbe9708000 	C:\Windows\System32\NSI.dll
0x00007ffbe2a10000 - 0x00007ffbe2a27000 	C:\Windows\SYSTEM32\dhcpcsvc6.DLL
0x00007ffbe1900000 - 0x00007ffbe191d000 	C:\Windows\SYSTEM32\dhcpcsvc.DLL
0x00007ffbe75f0000 - 0x00007ffbe76ba000 	C:\Windows\SYSTEM32\DNSAPI.dll
0x00007ffbe1cf0000 - 0x00007ffbe1cfe000 	C:\Program Files\Java\jdk-17\bin\sunmscapi.dll
0x00007ffbe8880000 - 0x00007ffbe89dd000 	C:\Windows\System32\CRYPT32.dll
0x00007ffbe7c60000 - 0x00007ffbe7c87000 	C:\Windows\SYSTEM32\ncrypt.dll
0x00007ffbe7c20000 - 0x00007ffbe7c5b000 	C:\Windows\SYSTEM32\NTASN1.dll
0x00007ffbcc300000 - 0x00007ffbcc307000 	C:\Windows\system32\wshunix.dll

dbghelp: loaded successfully - version: 4.0.5 - missing functions: none
symbol engine: initialized successfully - sym options: 0x614 - pdb path: .;C:\Program Files\Java\jdk-17\bin;C:\Windows\SYSTEM32;C:\Windows\WinSxS\amd64_microsoft.windows.common-controls_6595b64144ccf1df_6.0.19041.5915_none_60b4b9d171f9c7c7;C:\Program Files\Java\jdk-17\bin\server;C:\Users\manht\.gradle\native\c067742578af261105cb4f569cf0c3c89f3d7b1fecec35dd04571415982c5e48\windows-amd64;C:\Users\manht\.gradle\native\38dada09dfb8b06ba9b0570ebf7e218e3eb74d4ef43ca46872605cf95ebc2f47\windows-amd64

VM Arguments:
jvm_args: --add-opens=java.base/java.util=ALL-UNNAMED --add-opens=java.base/java.lang=ALL-UNNAMED --add-opens=java.base/java.lang.invoke=ALL-UNNAMED --add-opens=java.prefs/java.util.prefs=ALL-UNNAMED --add-opens=java.base/java.nio.charset=ALL-UNNAMED --add-opens=java.base/java.net=ALL-UNNAMED --add-opens=java.base/java.util.concurrent.atomic=ALL-UNNAMED -XX:MaxMetaspaceSize=384m -XX:+HeapDumpOnOutOfMemoryError -Xms256m -Xmx512m -Dfile.encoding=UTF-8 -Duser.country=US -Duser.language=en -Duser.variant -javaagent:C:\Users\manht\.gradle\wrapper\dists\gradle-8.7-bin\bhs2wmbdwecv87pi65oeuq5iu\gradle-8.7\lib\agents\gradle-instrumentation-agent-8.7.jar 
java_command: org.gradle.launcher.daemon.bootstrap.GradleDaemon 8.7
java_class_path (initial): C:\Users\manht\.gradle\wrapper\dists\gradle-8.7-bin\bhs2wmbdwecv87pi65oeuq5iu\gradle-8.7\lib\gradle-launcher-8.7.jar
Launcher Type: SUN_STANDARD

[Global flags]
     intx CICompilerCount                          = 4                                         {product} {ergonomic}
   size_t CompressedClassSpaceSize                 = 335544320                                 {product} {ergonomic}
     uint ConcGCThreads                            = 2                                         {product} {ergonomic}
     uint G1ConcRefinementThreads                  = 8                                         {product} {ergonomic}
   size_t G1HeapRegionSize                         = 1048576                                   {product} {ergonomic}
    uintx GCDrainStackTargetSize                   = 64                                        {product} {ergonomic}
     bool HeapDumpOnOutOfMemoryError               = true                                   {manageable} {command line}
   size_t InitialHeapSize                          = 268435456                                 {product} {command line}
   size_t MarkStackSize                            = 4194304                                   {product} {ergonomic}
   size_t MaxHeapSize                              = 536870912                                 {product} {command line}
   size_t MaxMetaspaceSize                         = 402653184                                 {product} {command line}
   size_t MaxNewSize                               = 321912832                                 {product} {ergonomic}
   size_t MinHeapDeltaBytes                        = 1048576                                   {product} {ergonomic}
   size_t MinHeapSize                              = 268435456                                 {product} {command line}
    uintx NonNMethodCodeHeapSize                   = 5839372                                {pd product} {ergonomic}
    uintx NonProfiledCodeHeapSize                  = 122909434                              {pd product} {ergonomic}
    uintx ProfiledCodeHeapSize                     = 122909434                              {pd product} {ergonomic}
    uintx ReservedCodeCacheSize                    = 251658240                              {pd product} {ergonomic}
     bool SegmentedCodeCache                       = true                                      {product} {ergonomic}
   size_t SoftMaxHeapSize                          = 536870912                              {manageable} {ergonomic}
     bool UseCompressedClassPointers               = true                           {product lp64_product} {ergonomic}
     bool UseCompressedOops                        = true                           {product lp64_product} {ergonomic}
     bool UseG1GC                                  = true                                      {product} {ergonomic}
     bool UseLargePagesIndividualAllocation        = false                                  {pd product} {ergonomic}

Logging:
Log output configuration:
 #0: stdout all=warning uptime,level,tags
 #1: stderr all=off uptime,level,tags

Environment Variables:
JAVA_HOME=C:\Program Files\Java\jdk-17
PATH=C:\OracleDb\bin;C:\Program Files\Common Files\Oracle\Java\javapath;C:\Windows\system32;C:\Windows;C:\Windows\System32\Wbem;C:\Windows\System32\WindowsPowerShell\v1.0\;C:\Windows\System32\OpenSSH\;C:\Program Files\nodejs\;C:\Program Files\Git\cmd;C:\flutter\bin;C:\Program Files\Git\bin;C:\Program Files\Git\cmd;C:\Program Files\Docker\Docker\resources\bin;C:\Program Files\maven-mvnd-1.0.2-windows-amd64\bin;C:\Users\manht\AppData\Local\Programs\Python\Python313\Scripts\;C:\Users\manht\AppData\Local\Programs\Python\Python313\;C:\Users\manht\AppData\Local\Programs\Python\Launcher\;C:\Users\manht\AppData\Local\Microsoft\WindowsApps;C:\Users\manht\AppData\Local\Programs\Microsoft VS Code\bin;C:\Users\manht\AppData\Roaming\npm;C:\flutter\bin;C:\Program Files\Git\bin;C:\Program Files\Git\cmd;D:\Minh\cursor\resources\app\bin;D:\Minh\IntelliJ IDEA 2025.1.1.1\bin;;C:\Program Files\maven-mvnd-1.0.2-windows-amd64\bin;C:\Program Files\gradle-8.14.3\bin;
USERNAME=Minh
OS=Windows_NT
PROCESSOR_IDENTIFIER=Intel64 Family 6 Model 94 Stepping 3, GenuineIntel



---------------  S Y S T E M  ---------------

OS:
 Windows 10 , 64 bit Build 19041 (10.0.19041.5915)
OS uptime: 0 days 2:09 hours
Hyper-V role detected

CPU: total 8 (initial active 8) (4 cores per cpu, 2 threads per core) family 6 model 94 stepping 3 microcode 0xf0, cx8, cmov, fxsr, ht, mmx, 3dnowpref, sse, sse2, sse3, ssse3, sse4.1, sse4.2, popcnt, lzcnt, tsc, tscinvbit, avx, avx2, aes, erms, clmul, bmi1, bmi2, rtm, adx, fma, vzeroupper, clflush, clflushopt, hv

Memory: 4k page, system-wide physical 32613M (11494M free)
TotalPageFile size 40595M (AvailPageFile size 5267M)
current process WorkingSet (physical memory assigned to process): 245M, peak: 245M
current process commit charge ("private bytes"): 412M, peak: 416M

vm_info: Java HotSpot(TM) 64-Bit Server VM (17.0.12+8-LTS-286) for windows-amd64 JRE (17.0.12+8-LTS-286), built on Jun  5 2024 06:46:59 by "mach5one" with MS VC++ 17.6 (VS2022)

END.
