#
# A fatal error has been detected by the Java Runtime Environment:
#
#  EXCEPTION_ACCESS_VIOLATION (0xc0000005) at pc=0x00007ffb58c09659, pid=2276, tid=4188
#
# JRE version: Java(TM) SE Runtime Environment (17.0.12+8) (build 17.0.12+8-LTS-286)
# Java VM: Java HotSpot(TM) 64-Bit Server VM (17.0.12+8-LTS-286, mixed mode, sharing, tiered, compressed oops, compressed class ptrs, g1 gc, windows-amd64)
# Problematic frame:
# V  [jvm.dll+0x599659]
#
# No core dump will be written. Minidumps are not enabled by default on client versions of Windows
#
# If you would like to submit a bug report, please visit:
#   https://bugreport.java.com/bugreport/crash.jsp
#

---------------  S U M M A R Y ------------

Command Line: --add-opens=java.base/java.util=ALL-UNNAMED --add-opens=java.base/java.lang=ALL-UNNAMED --add-opens=java.base/java.lang.invoke=ALL-UNNAMED --add-opens=java.prefs/java.util.prefs=ALL-UNNAMED --add-opens=java.base/java.nio.charset=ALL-UNNAMED --add-opens=java.base/java.net=ALL-UNNAMED --add-opens=java.base/java.util.concurrent.atomic=ALL-UNNAMED -XX:MaxMetaspaceSize=384m -XX:+HeapDumpOnOutOfMemoryError -Xms256m -Xmx512m -Dfile.encoding=UTF-8 -Duser.country=US -Duser.language=en -Duser.variant -javaagent:C:\Users\manht\.gradle\wrapper\dists\gradle-8.7-bin\bhs2wmbdwecv87pi65oeuq5iu\gradle-8.7\lib\agents\gradle-instrumentation-agent-8.7.jar org.gradle.launcher.daemon.bootstrap.GradleDaemon 8.7

Host: Intel(R) Core(TM) i7-6820HQ CPU @ 2.70GHz, 8 cores, 31G,  Windows 10 , 64 bit Build 19041 (10.0.19041.5915)
Time: Wed Jul 16 09:58:12 2025 SE Asia Standard Time elapsed time: 37.845434 seconds (0d 0h 0m 37s)

---------------  T H R E A D  ---------------

Current thread (0x00000180caaac7c0):  JavaThread "C2 CompilerThread1" daemon [_thread_in_native, id=4188, stack(0x0000006867700000,0x0000006867800000)]


Current CompileTask:
C2:  37845 5073   !   4       java.lang.ClassLoader::loadClass (121 bytes)

Stack: [0x0000006867700000,0x0000006867800000],  sp=0x00000068677fbad0,  free space=1006k
Native frames: (J=compiled Java code, j=interpreted, Vv=VM code, C=native code)
V  [jvm.dll+0x599659]
V  [jvm.dll+0x1bc96e]
V  [jvm.dll+0x1ba2df]
V  [jvm.dll+0x216997]
V  [jvm.dll+0x215c6f]
V  [jvm.dll+0x1a2960]
V  [jvm.dll+0x22610b]
V  [jvm.dll+0x2242ab]
V  [jvm.dll+0x79075c]
V  [jvm.dll+0x78abea]
V  [jvm.dll+0x678f35]
C  [ucrtbase.dll+0x21bb2]
C  [KERNEL32.DLL+0x17374]
C  [ntdll.dll+0x4cc91]


siginfo: EXCEPTION_ACCESS_VIOLATION (0xc0000005), reading address 0x0000000000000000


Registers:
RAX=0x00000180cbec48f8, RBX=0x00000180cbed4850, RCX=0x0000000000000000, RDX=0x0000000000000a9b
RSP=0x00000068677fbad0, RBP=0x00000180c901fed8, RSI=0x00000068677fc020, RDI=0xffffffffffffffff
R8 =0x00000000ffffffff, R9 =0x0000000000000001, R10=0x0000000000000000, R11=0x3333333333333333
R12=0x0000000000000001, R13=0x0000000000000001, R14=0x00000180cbed4850, R15=0x00007ffb5910e010
RIP=0x00007ffb58c09659, EFLAGS=0x0000000000010297


Register to memory mapping:

RIP=0x00007ffb58c09659 jvm.dll
RAX=0x00000180cbec48f8 points into unknown readable memory: 0x0000000000000000 | 00 00 00 00 00 00 00 00
RBX=0x00000180cbed4850 points into unknown readable memory: 0x00007ffb58ec7748 | 48 77 ec 58 fb 7f 00 00
RCX=0x0 is NULL
RDX=0x0000000000000a9b is an unknown value
RSP=0x00000068677fbad0 is pointing into the stack for thread: 0x00000180caaac7c0
RBP=0x00000180c901fed8 points into unknown readable memory: 0x00007ffb58f31c30 | 30 1c f3 58 fb 7f 00 00
RSI=0x00000068677fc020 is pointing into the stack for thread: 0x00000180caaac7c0
RDI=0xffffffffffffffff is an unknown value
R8 =0x00000000ffffffff is an unallocated location in the heap
R9 =0x0000000000000001 is an unknown value
R10=0x0 is NULL
R11=0x3333333333333333 is an unknown value
R12=0x0000000000000001 is an unknown value
R13=0x0000000000000001 is an unknown value
R14=0x00000180cbed4850 points into unknown readable memory: 0x00007ffb58ec7748 | 48 77 ec 58 fb 7f 00 00
R15=0x00007ffb5910e010 jvm.dll


Top of Stack: (sp=0x00000068677fbad0)
0x00000068677fbad0:   00000180cc8cc688 00000068677fc020
0x00000068677fbae0:   00000180cc5f07a8 00000180cbe916e8
0x00000068677fbaf0:   00000180cc8cc7b0 00007ffb5882c96e
0x00000068677fbb00:   0000000000000004 00000180cbed4610
0x00000068677fbb10:   0000000000000a99 00000180c901fed8
0x00000068677fbb20:   000005b300000008 00007ffb00000006
0x00000068677fbb30:   00000180c901fed8 0000000000000090
0x00000068677fbb40:   0000000000000000 0000000000000000
0x00000068677fbb50:   00000000000bb8f0 00000180c8db0bb0
0x00000068677fbb60:   00000068677fc100 00000000000003d8
0x00000068677fbb70:   0000000000000001 00000068677fbca0
0x00000068677fbb80:   0000000000000000 00000180c8db0bc0
0x00000068677fbb90:   00000068677fc020 00007ffb5882a2df
0x00000068677fbba0:   00000068677fc020 00000068677fbc01
0x00000068677fbbb0:   00000180c8db0b00 00000000ffffffff
0x00000068677fbbc0:   0000000000000000 00007ffbe842b67e 

Instructions: (pc=0x00007ffb58c09659)
0x00007ffb58c09559:   83 c0 ef 83 f8 06 76 28 8b 04 25 10 00 00 00 4c
0x00007ffb58c09569:   8b c3 83 c0 ef 83 f8 06 77 a1 49 8b 00 49 8b c8
0x00007ffb58c09579:   48 83 c4 20 5b 48 ff a0 c0 00 00 00 4d 8b 40 18
0x00007ffb58c09589:   41 8b 48 10 48 8b c3 83 f9 07 49 0f 44 c0 48 85
0x00007ffb58c09599:   c0 74 20 39 1d 26 7d 50 00 75 18 83 f9 06 74 0f
0x00007ffb58c095a9:   83 f9 07 74 0a 8d 41 ef 83 f8 06 76 06 eb a9 4d
0x00007ffb58c095b9:   8b 40 18 41 8b 40 10 83 f8 04 49 0f 44 d8 48 85
0x00007ffb58c095c9:   db 74 9f 48 85 d2 74 9a 48 81 fa ff 6b ca 88 74
0x00007ffb58c095d9:   91 48 8b 05 d7 5f 5a 00 48 83 c4 20 5b c3 cc cc
0x00007ffb58c095e9:   cc cc cc cc cc cc cc 40 53 48 83 ec 20 48 8b 01
0x00007ffb58c095f9:   48 8b d9 ff 50 28 48 3b 05 52 5c 5a 00 75 18 48
0x00007ffb58c09609:   8b 43 08 48 8b 08 48 85 c9 74 0c 48 8b 01 48 83
0x00007ffb58c09619:   c4 20 5b 48 ff 60 30 33 c0 48 83 c4 20 5b c3 cc
0x00007ffb58c09629:   cc cc cc cc cc cc cc 40 53 48 83 ec 20 81 b9 a0
0x00007ffb58c09639:   00 00 00 e7 03 00 00 48 8b d9 75 0d 48 8b 05 e4
0x00007ffb58c09649:   5b 5a 00 48 83 c4 20 5b c3 48 8b 41 08 48 8b 08
0x00007ffb58c09659:   48 8b 01 ff 50 28 83 78 10 08 75 16 8b 4b 38 3b
0x00007ffb58c09669:   48 18 73 0e 48 8b 40 20 48 8b 04 c8 48 83 c4 20
0x00007ffb58c09679:   5b c3 8b 83 a0 00 00 00 48 8d 0d 28 5b 5a 00 48
0x00007ffb58c09689:   8b 04 c1 48 83 c4 20 5b c3 cc cc cc cc cc cc cc
0x00007ffb58c09699:   cc cc cc cc cc cc cc 48 83 ec 28 ba ba 00 00 00
0x00007ffb58c096a9:   48 8d 0d 00 2e 3a 00 e8 1b b8 ca ff e8 a6 04 0e
0x00007ffb58c096b9:   00 33 c0 48 83 c4 28 c3 cc cc cc cc cc cc cc cc
0x00007ffb58c096c9:   cc cc cc cc cc cc cc 48 8b 42 78 48 39 41 78 75
0x00007ffb58c096d9:   22 48 8b 82 90 00 00 00 48 39 81 90 00 00 00 75
0x00007ffb58c096e9:   12 0f b6 82 98 00 00 00 38 81 98 00 00 00 75 03
0x00007ffb58c096f9:   b0 01 c3 32 c0 c3 cc 48 89 5c 24 08 48 8b 42 78
0x00007ffb58c09709:   4c 8b d2 4c 8b d9 48 39 41 78 0f 85 c4 00 00 00
0x00007ffb58c09719:   48 8b 81 90 00 00 00 4c 8b 8a 90 00 00 00 4c 2b
0x00007ffb58c09729:   c8 66 0f 1f 44 00 00 44 0f b6 00 42 0f b6 14 08
0x00007ffb58c09739:   44 2b c2 75 07 48 ff c0 85 d2 75 eb 45 85 c0 0f
0x00007ffb58c09749:   85 8f 00 00 00 48 63 81 98 00 00 00 41 3b 82 98 


Stack slot to memory mapping:
stack at sp + 0 slots: 0x00000180cc8cc688 points into unknown readable memory: 0x000000000ffffcff | ff fc ff 0f 00 00 00 00
stack at sp + 1 slots: 0x00000068677fc020 is pointing into the stack for thread: 0x00000180caaac7c0
stack at sp + 2 slots: 0x00000180cc5f07a8 points into unknown readable memory: 0xffffffff3f3fffff | ff ff 3f 3f ff ff ff ff
stack at sp + 3 slots: 0x00000180cbe916e8 points into unknown readable memory: 0x00007ffb58ecfc98 | 98 fc ec 58 fb 7f 00 00
stack at sp + 4 slots: 0x00000180cc8cc7b0 points into unknown readable memory: 0x0000000000000000 | 00 00 00 00 00 00 00 00
stack at sp + 5 slots: 0x00007ffb5882c96e jvm.dll
stack at sp + 6 slots: 0x0000000000000004 is an unknown value
stack at sp + 7 slots: 0x00000180cbed4610 points into unknown readable memory: 0x00007ffb58efb8e8 | e8 b8 ef 58 fb 7f 00 00


---------------  P R O C E S S  ---------------

Threads class SMR info:
_java_thread_list=0x00000180cb28d120, length=48, elements={
0x00000180940f9390, 0x00000180ae9ea180, 0x00000180ae9eaf10, 0x00000180aea01590,
0x00000180aea03f70, 0x00000180aea04840, 0x00000180aea05110, 0x00000180aea05dc0,
0x00000180aea06780, 0x00000180aea6c660, 0x00000180ae9d6a50, 0x00000180aec961d0,
0x00000180c8ffb200, 0x00000180c85ed110, 0x00000180ca81ca60, 0x00000180ca7ef260,
0x00000180ca994170, 0x00000180ca9964e0, 0x00000180ca9950a0, 0x00000180ca994680,
0x00000180ca994b90, 0x00000180ca9955b0, 0x00000180ca995ac0, 0x00000180ca993240,
0x00000180ca992d30, 0x00000180ca993750, 0x00000180ca993c60, 0x00000180c9f128c0,
0x00000180c9f12dd0, 0x00000180c9f132e0, 0x00000180c9f10f70, 0x00000180c9f10550,
0x00000180c9f123b0, 0x00000180c9f137f0, 0x00000180c9f11ea0, 0x00000180c9f11480,
0x00000180c9f10040, 0x00000180c9f10a60, 0x00000180c987c060, 0x00000180c987d4a0,
0x00000180c987d9b0, 0x00000180c987edf0, 0x00000180c987cf90, 0x00000180c987f300,
0x00000180c987f810, 0x00000180c987c570, 0x00000180caaac7c0, 0x00000180caaad260
}

Java Threads: ( => current thread )
  0x00000180940f9390 JavaThread "main" [_thread_blocked, id=19712, stack(0x0000006863900000,0x0000006863a00000)]
  0x00000180ae9ea180 JavaThread "Reference Handler" daemon [_thread_blocked, id=11728, stack(0x0000006864000000,0x0000006864100000)]
  0x00000180ae9eaf10 JavaThread "Finalizer" daemon [_thread_blocked, id=10636, stack(0x0000006864100000,0x0000006864200000)]
  0x00000180aea01590 JavaThread "Signal Dispatcher" daemon [_thread_blocked, id=19772, stack(0x0000006864200000,0x0000006864300000)]
  0x00000180aea03f70 JavaThread "Attach Listener" daemon [_thread_blocked, id=21448, stack(0x0000006864300000,0x0000006864400000)]
  0x00000180aea04840 JavaThread "Service Thread" daemon [_thread_blocked, id=21352, stack(0x0000006864400000,0x0000006864500000)]
  0x00000180aea05110 JavaThread "Monitor Deflation Thread" daemon [_thread_blocked, id=11012, stack(0x0000006864500000,0x0000006864600000)]
  0x00000180aea05dc0 JavaThread "C2 CompilerThread0" daemon [_thread_in_native, id=19900, stack(0x0000006864600000,0x0000006864700000)]
  0x00000180aea06780 JavaThread "C1 CompilerThread0" daemon [_thread_blocked, id=14612, stack(0x0000006864700000,0x0000006864800000)]
  0x00000180aea6c660 JavaThread "Sweeper thread" daemon [_thread_blocked, id=424, stack(0x0000006864800000,0x0000006864900000)]
  0x00000180ae9d6a50 JavaThread "Common-Cleaner" daemon [_thread_blocked, id=20616, stack(0x0000006864900000,0x0000006864a00000)]
  0x00000180aec961d0 JavaThread "Notification Thread" daemon [_thread_blocked, id=2884, stack(0x0000006864a00000,0x0000006864b00000)]
  0x00000180c8ffb200 JavaThread "Daemon health stats" [_thread_blocked, id=9980, stack(0x0000006865300000,0x0000006865400000)]
  0x00000180c85ed110 JavaThread "Incoming local TCP Connector on port 58126" [_thread_in_native, id=5012, stack(0x0000006864c00000,0x0000006864d00000)]
  0x00000180ca81ca60 JavaThread "Daemon periodic checks" [_thread_blocked, id=18684, stack(0x0000006865200000,0x0000006865300000)]
  0x00000180ca7ef260 JavaThread "Daemon" [_thread_blocked, id=8672, stack(0x0000006865400000,0x0000006865500000)]
  0x00000180ca994170 JavaThread "Handler for socket connection from /127.0.0.1:58126 to /127.0.0.1:58128" [_thread_in_native, id=18860, stack(0x0000006865500000,0x0000006865600000)]
  0x00000180ca9964e0 JavaThread "Cancel handler" [_thread_blocked, id=6464, stack(0x0000006865600000,0x0000006865700000)]
  0x00000180ca9950a0 JavaThread "Daemon worker" [_thread_in_native, id=19644, stack(0x0000006865700000,0x0000006865800000)]
  0x00000180ca994680 JavaThread "Asynchronous log dispatcher for DefaultDaemonConnection: socket connection from /127.0.0.1:58126 to /127.0.0.1:58128" [_thread_blocked, id=20860, stack(0x0000006865800000,0x0000006865900000)]
  0x00000180ca994b90 JavaThread "Stdin handler" [_thread_blocked, id=9068, stack(0x0000006865900000,0x0000006865a00000)]
  0x00000180ca9955b0 JavaThread "Daemon client event forwarder" [_thread_blocked, id=13796, stack(0x0000006865a00000,0x0000006865b00000)]
  0x00000180ca995ac0 JavaThread "Cache worker for journal cache (C:\Users\manht\.gradle\caches\journal-1)" [_thread_blocked, id=20948, stack(0x0000006865b00000,0x0000006865c00000)]
  0x00000180ca993240 JavaThread "File lock request listener" [_thread_in_native, id=14224, stack(0x0000006865c00000,0x0000006865d00000)]
  0x00000180ca992d30 JavaThread "Cache worker for file hash cache (C:\Users\manht\.gradle\caches\8.7\fileHashes)" [_thread_blocked, id=7860, stack(0x0000006865d00000,0x0000006865e00000)]
  0x00000180ca993750 JavaThread "File lock release action executor" [_thread_blocked, id=21164, stack(0x0000006865e00000,0x0000006865f00000)]
  0x00000180ca993c60 JavaThread "Cache worker for file hash cache (D:\Minh\ecommerce\.gradle\8.7\fileHashes)" [_thread_blocked, id=21092, stack(0x0000006866000000,0x0000006866100000)]
  0x00000180c9f128c0 JavaThread "File watcher server" daemon [_thread_in_native, id=20472, stack(0x0000006866200000,0x0000006866300000)]
  0x00000180c9f12dd0 JavaThread "File watcher consumer" daemon [_thread_blocked, id=21040, stack(0x0000006866300000,0x0000006866400000)]
  0x00000180c9f132e0 JavaThread "Cache worker for checksums cache (D:\Minh\ecommerce\.gradle\8.7\checksums)" [_thread_blocked, id=6632, stack(0x0000006866500000,0x0000006866600000)]
  0x00000180c9f10f70 JavaThread "Cache worker for cache directory md-supplier (C:\Users\manht\.gradle\caches\8.7\md-supplier)" [_thread_blocked, id=19896, stack(0x0000006866600000,0x0000006866700000)]
  0x00000180c9f10550 JavaThread "Cache worker for cache directory md-rule (C:\Users\manht\.gradle\caches\8.7\md-rule)" [_thread_blocked, id=13500, stack(0x0000006866700000,0x0000006866800000)]
  0x00000180c9f123b0 JavaThread "Cache worker for file content cache (C:\Users\manht\.gradle\caches\8.7\fileContent)" [_thread_blocked, id=19968, stack(0x0000006866800000,0x0000006866900000)]
  0x00000180c9f137f0 JavaThread "jar transforms" [_thread_blocked, id=1784, stack(0x0000006866900000,0x0000006866a00000)]
  0x00000180c9f11ea0 JavaThread "jar transforms Thread 2" [_thread_blocked, id=19532, stack(0x0000006866a00000,0x0000006866b00000)]
  0x00000180c9f11480 JavaThread "jar transforms Thread 3" [_thread_blocked, id=19952, stack(0x0000006866b00000,0x0000006866c00000)]
  0x00000180c9f10040 JavaThread "Unconstrained build operations" [_thread_blocked, id=76, stack(0x0000006866c00000,0x0000006866d00000)]
  0x00000180c9f10a60 JavaThread "Unconstrained build operations Thread 2" [_thread_blocked, id=18516, stack(0x0000006866d00000,0x0000006866e00000)]
  0x00000180c987c060 JavaThread "Unconstrained build operations Thread 3" [_thread_blocked, id=2616, stack(0x0000006866e00000,0x0000006866f00000)]
  0x00000180c987d4a0 JavaThread "Unconstrained build operations Thread 4" [_thread_blocked, id=15064, stack(0x0000006866f00000,0x0000006867000000)]
  0x00000180c987d9b0 JavaThread "jar transforms Thread 4" [_thread_blocked, id=10976, stack(0x0000006867000000,0x0000006867100000)]
  0x00000180c987edf0 JavaThread "jar transforms Thread 5" [_thread_blocked, id=15836, stack(0x0000006867100000,0x0000006867200000)]
  0x00000180c987cf90 JavaThread "jar transforms Thread 6" [_thread_blocked, id=7816, stack(0x0000006863700000,0x0000006863800000)]
  0x00000180c987f300 JavaThread "jar transforms Thread 7" [_thread_blocked, id=17192, stack(0x0000006867200000,0x0000006867300000)]
  0x00000180c987f810 JavaThread "jar transforms Thread 8" [_thread_blocked, id=19832, stack(0x0000006867300000,0x0000006867400000)]
  0x00000180c987c570 JavaThread "Cache worker for Build Output Cleanup Cache (D:\Minh\ecommerce\.gradle\buildOutputCleanup)" [_thread_blocked, id=5128, stack(0x0000006867500000,0x0000006867600000)]
=>0x00000180caaac7c0 JavaThread "C2 CompilerThread1" daemon [_thread_in_native, id=4188, stack(0x0000006867700000,0x0000006867800000)]
  0x00000180caaad260 JavaThread "C2 CompilerThread2" daemon [_thread_in_native, id=20684, stack(0x0000006867800000,0x0000006867900000)]

Other Threads:
  0x00000180ae9e5210 VMThread "VM Thread" [stack: 0x0000006863f00000,0x0000006864000000] [id=2960]
  0x00000180aecb5530 WatcherThread [stack: 0x0000006864b00000,0x0000006864c00000] [id=18908]
  0x0000018094126cb0 GCTaskThread "GC Thread#0" [stack: 0x0000006863a00000,0x0000006863b00000] [id=12116]
  0x00000180c8ddc980 GCTaskThread "GC Thread#1" [stack: 0x0000006864d00000,0x0000006864e00000] [id=6976]
  0x00000180c8557c40 GCTaskThread "GC Thread#2" [stack: 0x0000006864e00000,0x0000006864f00000] [id=11548]
  0x00000180c8557f00 GCTaskThread "GC Thread#3" [stack: 0x0000006864f00000,0x0000006865000000] [id=20752]
  0x00000180c85581c0 GCTaskThread "GC Thread#4" [stack: 0x0000006865000000,0x0000006865100000] [id=20276]
  0x00000180c8558480 GCTaskThread "GC Thread#5" [stack: 0x0000006865100000,0x0000006865200000] [id=21388]
  0x00000180cacf46f0 GCTaskThread "GC Thread#6" [stack: 0x0000006865f00000,0x0000006866000000] [id=21020]
  0x00000180c9ee9b60 GCTaskThread "GC Thread#7" [stack: 0x0000006866100000,0x0000006866200000] [id=19044]
  0x000001809412bb10 ConcurrentGCThread "G1 Main Marker" [stack: 0x0000006863b00000,0x0000006863c00000] [id=18884]
  0x000001809412c430 ConcurrentGCThread "G1 Conc#0" [stack: 0x0000006863c00000,0x0000006863d00000] [id=16708]
  0x00000180c9edf850 ConcurrentGCThread "G1 Conc#1" [stack: 0x0000006866400000,0x0000006866500000] [id=8272]
  0x00000180941cdb50 ConcurrentGCThread "G1 Refine#0" [stack: 0x0000006863d00000,0x0000006863e00000] [id=10432]
  0x00000180941ce490 ConcurrentGCThread "G1 Service" [stack: 0x0000006863e00000,0x0000006863f00000] [id=15812]

Threads with active compile tasks:
C2 CompilerThread0    38075 5118       4       java.net.URLClassLoader$1::run (5 bytes)
C2 CompilerThread1    38075 5073   !   4       java.lang.ClassLoader::loadClass (121 bytes)
C2 CompilerThread2    38076 5135       4       java.util.regex.Pattern::compile (500 bytes)

VM state: not at safepoint (normal execution)

VM Mutex/Monitor currently owned by a thread: None

Heap address: 0x00000000e0000000, size: 512 MB, Compressed Oops mode: 32-bit

CDS archive(s) mapped at: [0x00000180af000000-0x00000180afbd0000-0x00000180afbd0000), size 12386304, SharedBaseAddress: 0x00000180af000000, ArchiveRelocationMode: 1.
Compressed class space mapped at: 0x00000180b0000000-0x00000180c4000000, reserved size: 335544320
Narrow klass base: 0x00000180af000000, Narrow klass shift: 0, Narrow klass range: 0x100000000

GC Precious Log:
 CPUs: 8 total, 8 available
 Memory: 32613M
 Large Page Support: Disabled
 NUMA Support: Disabled
 Compressed Oops: Enabled (32-bit)
 Heap Region Size: 1M
 Heap Min Capacity: 256M
 Heap Initial Capacity: 256M
 Heap Max Capacity: 512M
 Pre-touch: Disabled
 Parallel Workers: 8
 Concurrent Workers: 2
 Concurrent Refinement Workers: 8
 Periodic GC: Disabled

Heap:
 garbage-first heap   total 262144K, used 119423K [0x00000000e0000000, 0x0000000100000000)
  region size 1024K, 95 young (97280K), 9 survivors (9216K)
 Metaspace       used 44206K, committed 44736K, reserved 393216K
  class space    used 6257K, committed 6528K, reserved 327680K

Heap Regions: E=young(eden), S=young(survivor), O=old, HS=humongous(starts), HC=humongous(continues), CS=collection set, F=free, OA=open archive, CA=closed archive, TAMS=top-at-mark-start (previous, next)
|   0|0x00000000e0000000, 0x00000000e0100000, 0x00000000e0100000|100%|HS|  |TAMS 0x00000000e0100000, 0x00000000e0000000| Complete 
|   1|0x00000000e0100000, 0x00000000e0200000, 0x00000000e0200000|100%|HC|  |TAMS 0x00000000e0200000, 0x00000000e0100000| Complete 
|   2|0x00000000e0200000, 0x00000000e0300000, 0x00000000e0300000|100%|HC|  |TAMS 0x00000000e0300000, 0x00000000e0200000| Complete 
|   3|0x00000000e0300000, 0x00000000e0400000, 0x00000000e0400000|100%|HC|  |TAMS 0x00000000e0400000, 0x00000000e0300000| Complete 
|   4|0x00000000e0400000, 0x00000000e0500000, 0x00000000e0500000|100%| O|  |TAMS 0x00000000e0500000, 0x00000000e0400000| Untracked 
|   5|0x00000000e0500000, 0x00000000e0600000, 0x00000000e0600000|100%| O|  |TAMS 0x00000000e0600000, 0x00000000e0500000| Untracked 
|   6|0x00000000e0600000, 0x00000000e0700000, 0x00000000e0700000|100%| O|  |TAMS 0x00000000e0700000, 0x00000000e0600000| Untracked 
|   7|0x00000000e0700000, 0x00000000e0800000, 0x00000000e0800000|100%| O|  |TAMS 0x00000000e0800000, 0x00000000e0700000| Untracked 
|   8|0x00000000e0800000, 0x00000000e0900000, 0x00000000e0900000|100%| O|  |TAMS 0x00000000e0900000, 0x00000000e0800000| Untracked 
|   9|0x00000000e0900000, 0x00000000e0a00000, 0x00000000e0a00000|100%| O|  |TAMS 0x00000000e0a00000, 0x00000000e0900000| Untracked 
|  10|0x00000000e0a00000, 0x00000000e0b00000, 0x00000000e0b00000|100%| O|  |TAMS 0x00000000e0b00000, 0x00000000e0a00000| Untracked 
|  11|0x00000000e0b00000, 0x00000000e0c00000, 0x00000000e0c00000|100%| O|  |TAMS 0x00000000e0c00000, 0x00000000e0b00000| Untracked 
|  12|0x00000000e0c00000, 0x00000000e0d00000, 0x00000000e0d00000|100%| O|  |TAMS 0x00000000e0d00000, 0x00000000e0c00000| Untracked 
|  13|0x00000000e0d00000, 0x00000000e0e00000, 0x00000000e0e00000|100%| O|  |TAMS 0x00000000e0e00000, 0x00000000e0d00000| Untracked 
|  14|0x00000000e0e00000, 0x00000000e0f00000, 0x00000000e0f00000|100%| O|  |TAMS 0x00000000e0f00000, 0x00000000e0e00000| Untracked 
|  15|0x00000000e0f00000, 0x00000000e1000000, 0x00000000e1000000|100%| O|  |TAMS 0x00000000e1000000, 0x00000000e0f00000| Untracked 
|  16|0x00000000e1000000, 0x00000000e1100000, 0x00000000e1100000|100%| O|  |TAMS 0x00000000e1100000, 0x00000000e1000000| Untracked 
|  17|0x00000000e1100000, 0x00000000e1200000, 0x00000000e1200000|100%| O|  |TAMS 0x00000000e1200000, 0x00000000e1100000| Untracked 
|  18|0x00000000e1200000, 0x00000000e1300000, 0x00000000e1300000|100%| O|  |TAMS 0x00000000e1300000, 0x00000000e1200000| Untracked 
|  19|0x00000000e1300000, 0x00000000e1400000, 0x00000000e1400000|100%| O|  |TAMS 0x00000000e1400000, 0x00000000e1300000| Untracked 
|  20|0x00000000e1400000, 0x00000000e1500000, 0x00000000e1500000|100%| O|  |TAMS 0x00000000e1500000, 0x00000000e1400000| Untracked 
|  21|0x00000000e1500000, 0x00000000e1600000, 0x00000000e1600000|100%| O|  |TAMS 0x00000000e1600000, 0x00000000e1500000| Untracked 
|  22|0x00000000e1600000, 0x00000000e161e000, 0x00000000e1700000| 11%| O|  |TAMS 0x00000000e161e000, 0x00000000e1600000| Untracked 
|  23|0x00000000e1700000, 0x00000000e1800000, 0x00000000e1800000|100%|HS|  |TAMS 0x00000000e1700000, 0x00000000e1700000| Complete 
|  24|0x00000000e1800000, 0x00000000e1900000, 0x00000000e1900000|100%|HS|  |TAMS 0x00000000e1800000, 0x00000000e1800000| Complete 
|  25|0x00000000e1900000, 0x00000000e1900000, 0x00000000e1a00000|  0%| F|  |TAMS 0x00000000e1900000, 0x00000000e1900000| Untracked 
|  26|0x00000000e1a00000, 0x00000000e1a00000, 0x00000000e1b00000|  0%| F|  |TAMS 0x00000000e1a00000, 0x00000000e1a00000| Untracked 
|  27|0x00000000e1b00000, 0x00000000e1b00000, 0x00000000e1c00000|  0%| F|  |TAMS 0x00000000e1b00000, 0x00000000e1b00000| Untracked 
|  28|0x00000000e1c00000, 0x00000000e1c00000, 0x00000000e1d00000|  0%| F|  |TAMS 0x00000000e1c00000, 0x00000000e1c00000| Untracked 
|  29|0x00000000e1d00000, 0x00000000e1d00000, 0x00000000e1e00000|  0%| F|  |TAMS 0x00000000e1d00000, 0x00000000e1d00000| Untracked 
|  30|0x00000000e1e00000, 0x00000000e1e00000, 0x00000000e1f00000|  0%| F|  |TAMS 0x00000000e1e00000, 0x00000000e1e00000| Untracked 
|  31|0x00000000e1f00000, 0x00000000e1f00000, 0x00000000e2000000|  0%| F|  |TAMS 0x00000000e1f00000, 0x00000000e1f00000| Untracked 
|  32|0x00000000e2000000, 0x00000000e2000000, 0x00000000e2100000|  0%| F|  |TAMS 0x00000000e2000000, 0x00000000e2000000| Untracked 
|  33|0x00000000e2100000, 0x00000000e2100000, 0x00000000e2200000|  0%| F|  |TAMS 0x00000000e2100000, 0x00000000e2100000| Untracked 
|  34|0x00000000e2200000, 0x00000000e2200000, 0x00000000e2300000|  0%| F|  |TAMS 0x00000000e2200000, 0x00000000e2200000| Untracked 
|  35|0x00000000e2300000, 0x00000000e2300000, 0x00000000e2400000|  0%| F|  |TAMS 0x00000000e2300000, 0x00000000e2300000| Untracked 
|  36|0x00000000e2400000, 0x00000000e2400000, 0x00000000e2500000|  0%| F|  |TAMS 0x00000000e2400000, 0x00000000e2400000| Untracked 
|  37|0x00000000e2500000, 0x00000000e2500000, 0x00000000e2600000|  0%| F|  |TAMS 0x00000000e2500000, 0x00000000e2500000| Untracked 
|  38|0x00000000e2600000, 0x00000000e2600000, 0x00000000e2700000|  0%| F|  |TAMS 0x00000000e2600000, 0x00000000e2600000| Untracked 
|  39|0x00000000e2700000, 0x00000000e2700000, 0x00000000e2800000|  0%| F|  |TAMS 0x00000000e2700000, 0x00000000e2700000| Untracked 
|  40|0x00000000e2800000, 0x00000000e2800000, 0x00000000e2900000|  0%| F|  |TAMS 0x00000000e2800000, 0x00000000e2800000| Untracked 
|  41|0x00000000e2900000, 0x00000000e2900000, 0x00000000e2a00000|  0%| F|  |TAMS 0x00000000e2900000, 0x00000000e2900000| Untracked 
|  42|0x00000000e2a00000, 0x00000000e2a00000, 0x00000000e2b00000|  0%| F|  |TAMS 0x00000000e2a00000, 0x00000000e2a00000| Untracked 
|  43|0x00000000e2b00000, 0x00000000e2b00000, 0x00000000e2c00000|  0%| F|  |TAMS 0x00000000e2b00000, 0x00000000e2b00000| Untracked 
|  44|0x00000000e2c00000, 0x00000000e2c00000, 0x00000000e2d00000|  0%| F|  |TAMS 0x00000000e2c00000, 0x00000000e2c00000| Untracked 
|  45|0x00000000e2d00000, 0x00000000e2d00000, 0x00000000e2e00000|  0%| F|  |TAMS 0x00000000e2d00000, 0x00000000e2d00000| Untracked 
|  46|0x00000000e2e00000, 0x00000000e2e00000, 0x00000000e2f00000|  0%| F|  |TAMS 0x00000000e2e00000, 0x00000000e2e00000| Untracked 
|  47|0x00000000e2f00000, 0x00000000e2f00000, 0x00000000e3000000|  0%| F|  |TAMS 0x00000000e2f00000, 0x00000000e2f00000| Untracked 
|  48|0x00000000e3000000, 0x00000000e3000000, 0x00000000e3100000|  0%| F|  |TAMS 0x00000000e3000000, 0x00000000e3000000| Untracked 
|  49|0x00000000e3100000, 0x00000000e3100000, 0x00000000e3200000|  0%| F|  |TAMS 0x00000000e3100000, 0x00000000e3100000| Untracked 
|  50|0x00000000e3200000, 0x00000000e3200000, 0x00000000e3300000|  0%| F|  |TAMS 0x00000000e3200000, 0x00000000e3200000| Untracked 
|  51|0x00000000e3300000, 0x00000000e3300000, 0x00000000e3400000|  0%| F|  |TAMS 0x00000000e3300000, 0x00000000e3300000| Untracked 
|  52|0x00000000e3400000, 0x00000000e3400000, 0x00000000e3500000|  0%| F|  |TAMS 0x00000000e3400000, 0x00000000e3400000| Untracked 
|  53|0x00000000e3500000, 0x00000000e3500000, 0x00000000e3600000|  0%| F|  |TAMS 0x00000000e3500000, 0x00000000e3500000| Untracked 
|  54|0x00000000e3600000, 0x00000000e3600000, 0x00000000e3700000|  0%| F|  |TAMS 0x00000000e3600000, 0x00000000e3600000| Untracked 
|  55|0x00000000e3700000, 0x00000000e3700000, 0x00000000e3800000|  0%| F|  |TAMS 0x00000000e3700000, 0x00000000e3700000| Untracked 
|  56|0x00000000e3800000, 0x00000000e3800000, 0x00000000e3900000|  0%| F|  |TAMS 0x00000000e3800000, 0x00000000e3800000| Untracked 
|  57|0x00000000e3900000, 0x00000000e3900000, 0x00000000e3a00000|  0%| F|  |TAMS 0x00000000e3900000, 0x00000000e3900000| Untracked 
|  58|0x00000000e3a00000, 0x00000000e3a00000, 0x00000000e3b00000|  0%| F|  |TAMS 0x00000000e3a00000, 0x00000000e3a00000| Untracked 
|  59|0x00000000e3b00000, 0x00000000e3b00000, 0x00000000e3c00000|  0%| F|  |TAMS 0x00000000e3b00000, 0x00000000e3b00000| Untracked 
|  60|0x00000000e3c00000, 0x00000000e3c00000, 0x00000000e3d00000|  0%| F|  |TAMS 0x00000000e3c00000, 0x00000000e3c00000| Untracked 
|  61|0x00000000e3d00000, 0x00000000e3d00000, 0x00000000e3e00000|  0%| F|  |TAMS 0x00000000e3d00000, 0x00000000e3d00000| Untracked 
|  62|0x00000000e3e00000, 0x00000000e3e00000, 0x00000000e3f00000|  0%| F|  |TAMS 0x00000000e3e00000, 0x00000000e3e00000| Untracked 
|  63|0x00000000e3f00000, 0x00000000e3f00000, 0x00000000e4000000|  0%| F|  |TAMS 0x00000000e3f00000, 0x00000000e3f00000| Untracked 
|  64|0x00000000e4000000, 0x00000000e4000000, 0x00000000e4100000|  0%| F|  |TAMS 0x00000000e4000000, 0x00000000e4000000| Untracked 
|  65|0x00000000e4100000, 0x00000000e4100000, 0x00000000e4200000|  0%| F|  |TAMS 0x00000000e4100000, 0x00000000e4100000| Untracked 
|  66|0x00000000e4200000, 0x00000000e4200000, 0x00000000e4300000|  0%| F|  |TAMS 0x00000000e4200000, 0x00000000e4200000| Untracked 
|  67|0x00000000e4300000, 0x00000000e4300000, 0x00000000e4400000|  0%| F|  |TAMS 0x00000000e4300000, 0x00000000e4300000| Untracked 
|  68|0x00000000e4400000, 0x00000000e4400000, 0x00000000e4500000|  0%| F|  |TAMS 0x00000000e4400000, 0x00000000e4400000| Untracked 
|  69|0x00000000e4500000, 0x00000000e4500000, 0x00000000e4600000|  0%| F|  |TAMS 0x00000000e4500000, 0x00000000e4500000| Untracked 
|  70|0x00000000e4600000, 0x00000000e4600000, 0x00000000e4700000|  0%| F|  |TAMS 0x00000000e4600000, 0x00000000e4600000| Untracked 
|  71|0x00000000e4700000, 0x00000000e4700000, 0x00000000e4800000|  0%| F|  |TAMS 0x00000000e4700000, 0x00000000e4700000| Untracked 
|  72|0x00000000e4800000, 0x00000000e4800000, 0x00000000e4900000|  0%| F|  |TAMS 0x00000000e4800000, 0x00000000e4800000| Untracked 
|  73|0x00000000e4900000, 0x00000000e4900000, 0x00000000e4a00000|  0%| F|  |TAMS 0x00000000e4900000, 0x00000000e4900000| Untracked 
|  74|0x00000000e4a00000, 0x00000000e4a00000, 0x00000000e4b00000|  0%| F|  |TAMS 0x00000000e4a00000, 0x00000000e4a00000| Untracked 
|  75|0x00000000e4b00000, 0x00000000e4b00000, 0x00000000e4c00000|  0%| F|  |TAMS 0x00000000e4b00000, 0x00000000e4b00000| Untracked 
|  76|0x00000000e4c00000, 0x00000000e4c00000, 0x00000000e4d00000|  0%| F|  |TAMS 0x00000000e4c00000, 0x00000000e4c00000| Untracked 
|  77|0x00000000e4d00000, 0x00000000e4d00000, 0x00000000e4e00000|  0%| F|  |TAMS 0x00000000e4d00000, 0x00000000e4d00000| Untracked 
|  78|0x00000000e4e00000, 0x00000000e4e00000, 0x00000000e4f00000|  0%| F|  |TAMS 0x00000000e4e00000, 0x00000000e4e00000| Untracked 
|  79|0x00000000e4f00000, 0x00000000e4f00000, 0x00000000e5000000|  0%| F|  |TAMS 0x00000000e4f00000, 0x00000000e4f00000| Untracked 
|  80|0x00000000e5000000, 0x00000000e5000000, 0x00000000e5100000|  0%| F|  |TAMS 0x00000000e5000000, 0x00000000e5000000| Untracked 
|  81|0x00000000e5100000, 0x00000000e5100000, 0x00000000e5200000|  0%| F|  |TAMS 0x00000000e5100000, 0x00000000e5100000| Untracked 
|  82|0x00000000e5200000, 0x00000000e5200000, 0x00000000e5300000|  0%| F|  |TAMS 0x00000000e5200000, 0x00000000e5200000| Untracked 
|  83|0x00000000e5300000, 0x00000000e5300000, 0x00000000e5400000|  0%| F|  |TAMS 0x00000000e5300000, 0x00000000e5300000| Untracked 
|  84|0x00000000e5400000, 0x00000000e5400000, 0x00000000e5500000|  0%| F|  |TAMS 0x00000000e5400000, 0x00000000e5400000| Untracked 
|  85|0x00000000e5500000, 0x00000000e5500000, 0x00000000e5600000|  0%| F|  |TAMS 0x00000000e5500000, 0x00000000e5500000| Untracked 
|  86|0x00000000e5600000, 0x00000000e5600000, 0x00000000e5700000|  0%| F|  |TAMS 0x00000000e5600000, 0x00000000e5600000| Untracked 
|  87|0x00000000e5700000, 0x00000000e5700000, 0x00000000e5800000|  0%| F|  |TAMS 0x00000000e5700000, 0x00000000e5700000| Untracked 
|  88|0x00000000e5800000, 0x00000000e5800000, 0x00000000e5900000|  0%| F|  |TAMS 0x00000000e5800000, 0x00000000e5800000| Untracked 
|  89|0x00000000e5900000, 0x00000000e5900000, 0x00000000e5a00000|  0%| F|  |TAMS 0x00000000e5900000, 0x00000000e5900000| Untracked 
|  90|0x00000000e5a00000, 0x00000000e5a00000, 0x00000000e5b00000|  0%| F|  |TAMS 0x00000000e5a00000, 0x00000000e5a00000| Untracked 
|  91|0x00000000e5b00000, 0x00000000e5b00000, 0x00000000e5c00000|  0%| F|  |TAMS 0x00000000e5b00000, 0x00000000e5b00000| Untracked 
|  92|0x00000000e5c00000, 0x00000000e5c00000, 0x00000000e5d00000|  0%| F|  |TAMS 0x00000000e5c00000, 0x00000000e5c00000| Untracked 
|  93|0x00000000e5d00000, 0x00000000e5d00000, 0x00000000e5e00000|  0%| F|  |TAMS 0x00000000e5d00000, 0x00000000e5d00000| Untracked 
|  94|0x00000000e5e00000, 0x00000000e5e00000, 0x00000000e5f00000|  0%| F|  |TAMS 0x00000000e5e00000, 0x00000000e5e00000| Untracked 
|  95|0x00000000e5f00000, 0x00000000e5f00000, 0x00000000e6000000|  0%| F|  |TAMS 0x00000000e5f00000, 0x00000000e5f00000| Untracked 
|  96|0x00000000e6000000, 0x00000000e6000000, 0x00000000e6100000|  0%| F|  |TAMS 0x00000000e6000000, 0x00000000e6000000| Untracked 
|  97|0x00000000e6100000, 0x00000000e6100000, 0x00000000e6200000|  0%| F|  |TAMS 0x00000000e6100000, 0x00000000e6100000| Untracked 
|  98|0x00000000e6200000, 0x00000000e6200000, 0x00000000e6300000|  0%| F|  |TAMS 0x00000000e6200000, 0x00000000e6200000| Untracked 
|  99|0x00000000e6300000, 0x00000000e6300000, 0x00000000e6400000|  0%| F|  |TAMS 0x00000000e6300000, 0x00000000e6300000| Untracked 
| 100|0x00000000e6400000, 0x00000000e6400000, 0x00000000e6500000|  0%| F|  |TAMS 0x00000000e6400000, 0x00000000e6400000| Untracked 
| 101|0x00000000e6500000, 0x00000000e6500000, 0x00000000e6600000|  0%| F|  |TAMS 0x00000000e6500000, 0x00000000e6500000| Untracked 
| 102|0x00000000e6600000, 0x00000000e6600000, 0x00000000e6700000|  0%| F|  |TAMS 0x00000000e6600000, 0x00000000e6600000| Untracked 
| 103|0x00000000e6700000, 0x00000000e6700000, 0x00000000e6800000|  0%| F|  |TAMS 0x00000000e6700000, 0x00000000e6700000| Untracked 
| 104|0x00000000e6800000, 0x00000000e6800000, 0x00000000e6900000|  0%| F|  |TAMS 0x00000000e6800000, 0x00000000e6800000| Untracked 
| 105|0x00000000e6900000, 0x00000000e6900000, 0x00000000e6a00000|  0%| F|  |TAMS 0x00000000e6900000, 0x00000000e6900000| Untracked 
| 106|0x00000000e6a00000, 0x00000000e6a00000, 0x00000000e6b00000|  0%| F|  |TAMS 0x00000000e6a00000, 0x00000000e6a00000| Untracked 
| 107|0x00000000e6b00000, 0x00000000e6b00000, 0x00000000e6c00000|  0%| F|  |TAMS 0x00000000e6b00000, 0x00000000e6b00000| Untracked 
| 108|0x00000000e6c00000, 0x00000000e6c00000, 0x00000000e6d00000|  0%| F|  |TAMS 0x00000000e6c00000, 0x00000000e6c00000| Untracked 
| 109|0x00000000e6d00000, 0x00000000e6d00000, 0x00000000e6e00000|  0%| F|  |TAMS 0x00000000e6d00000, 0x00000000e6d00000| Untracked 
| 110|0x00000000e6e00000, 0x00000000e6e00000, 0x00000000e6f00000|  0%| F|  |TAMS 0x00000000e6e00000, 0x00000000e6e00000| Untracked 
| 111|0x00000000e6f00000, 0x00000000e6f00000, 0x00000000e7000000|  0%| F|  |TAMS 0x00000000e6f00000, 0x00000000e6f00000| Untracked 
| 112|0x00000000e7000000, 0x00000000e7000000, 0x00000000e7100000|  0%| F|  |TAMS 0x00000000e7000000, 0x00000000e7000000| Untracked 
| 113|0x00000000e7100000, 0x00000000e7100000, 0x00000000e7200000|  0%| F|  |TAMS 0x00000000e7100000, 0x00000000e7100000| Untracked 
| 114|0x00000000e7200000, 0x00000000e7200000, 0x00000000e7300000|  0%| F|  |TAMS 0x00000000e7200000, 0x00000000e7200000| Untracked 
| 115|0x00000000e7300000, 0x00000000e7300000, 0x00000000e7400000|  0%| F|  |TAMS 0x00000000e7300000, 0x00000000e7300000| Untracked 
| 116|0x00000000e7400000, 0x00000000e7400000, 0x00000000e7500000|  0%| F|  |TAMS 0x00000000e7400000, 0x00000000e7400000| Untracked 
| 117|0x00000000e7500000, 0x00000000e7500000, 0x00000000e7600000|  0%| F|  |TAMS 0x00000000e7500000, 0x00000000e7500000| Untracked 
| 118|0x00000000e7600000, 0x00000000e7600000, 0x00000000e7700000|  0%| F|  |TAMS 0x00000000e7600000, 0x00000000e7600000| Untracked 
| 119|0x00000000e7700000, 0x00000000e7700000, 0x00000000e7800000|  0%| F|  |TAMS 0x00000000e7700000, 0x00000000e7700000| Untracked 
| 120|0x00000000e7800000, 0x00000000e7800000, 0x00000000e7900000|  0%| F|  |TAMS 0x00000000e7800000, 0x00000000e7800000| Untracked 
| 121|0x00000000e7900000, 0x00000000e7900000, 0x00000000e7a00000|  0%| F|  |TAMS 0x00000000e7900000, 0x00000000e7900000| Untracked 
| 122|0x00000000e7a00000, 0x00000000e7a00000, 0x00000000e7b00000|  0%| F|  |TAMS 0x00000000e7a00000, 0x00000000e7a00000| Untracked 
| 123|0x00000000e7b00000, 0x00000000e7b00000, 0x00000000e7c00000|  0%| F|  |TAMS 0x00000000e7b00000, 0x00000000e7b00000| Untracked 
| 124|0x00000000e7c00000, 0x00000000e7c00000, 0x00000000e7d00000|  0%| F|  |TAMS 0x00000000e7c00000, 0x00000000e7c00000| Untracked 
| 125|0x00000000e7d00000, 0x00000000e7d00000, 0x00000000e7e00000|  0%| F|  |TAMS 0x00000000e7d00000, 0x00000000e7d00000| Untracked 
| 126|0x00000000e7e00000, 0x00000000e7e00000, 0x00000000e7f00000|  0%| F|  |TAMS 0x00000000e7e00000, 0x00000000e7e00000| Untracked 
| 127|0x00000000e7f00000, 0x00000000e7f00000, 0x00000000e8000000|  0%| F|  |TAMS 0x00000000e7f00000, 0x00000000e7f00000| Untracked 
| 128|0x00000000e8000000, 0x00000000e8000000, 0x00000000e8100000|  0%| F|  |TAMS 0x00000000e8000000, 0x00000000e8000000| Untracked 
| 129|0x00000000e8100000, 0x00000000e8100000, 0x00000000e8200000|  0%| F|  |TAMS 0x00000000e8100000, 0x00000000e8100000| Untracked 
| 130|0x00000000e8200000, 0x00000000e8200000, 0x00000000e8300000|  0%| F|  |TAMS 0x00000000e8200000, 0x00000000e8200000| Untracked 
| 131|0x00000000e8300000, 0x00000000e8300000, 0x00000000e8400000|  0%| F|  |TAMS 0x00000000e8300000, 0x00000000e8300000| Untracked 
| 132|0x00000000e8400000, 0x00000000e8400000, 0x00000000e8500000|  0%| F|  |TAMS 0x00000000e8400000, 0x00000000e8400000| Untracked 
| 133|0x00000000e8500000, 0x00000000e8581d00, 0x00000000e8600000| 50%| S|CS|TAMS 0x00000000e8500000, 0x00000000e8500000| Complete 
| 134|0x00000000e8600000, 0x00000000e8700000, 0x00000000e8700000|100%| S|CS|TAMS 0x00000000e8600000, 0x00000000e8600000| Complete 
| 135|0x00000000e8700000, 0x00000000e8800000, 0x00000000e8800000|100%| S|CS|TAMS 0x00000000e8700000, 0x00000000e8700000| Complete 
| 136|0x00000000e8800000, 0x00000000e8900000, 0x00000000e8900000|100%| S|CS|TAMS 0x00000000e8800000, 0x00000000e8800000| Complete 
| 137|0x00000000e8900000, 0x00000000e8a00000, 0x00000000e8a00000|100%| S|CS|TAMS 0x00000000e8900000, 0x00000000e8900000| Complete 
| 138|0x00000000e8a00000, 0x00000000e8b00000, 0x00000000e8b00000|100%| S|CS|TAMS 0x00000000e8a00000, 0x00000000e8a00000| Complete 
| 139|0x00000000e8b00000, 0x00000000e8c00000, 0x00000000e8c00000|100%| S|CS|TAMS 0x00000000e8b00000, 0x00000000e8b00000| Complete 
| 140|0x00000000e8c00000, 0x00000000e8d00000, 0x00000000e8d00000|100%| S|CS|TAMS 0x00000000e8c00000, 0x00000000e8c00000| Complete 
| 141|0x00000000e8d00000, 0x00000000e8e00000, 0x00000000e8e00000|100%| S|CS|TAMS 0x00000000e8d00000, 0x00000000e8d00000| Complete 
| 142|0x00000000e8e00000, 0x00000000e8e00000, 0x00000000e8f00000|  0%| F|  |TAMS 0x00000000e8e00000, 0x00000000e8e00000| Untracked 
| 143|0x00000000e8f00000, 0x00000000e8f00000, 0x00000000e9000000|  0%| F|  |TAMS 0x00000000e8f00000, 0x00000000e8f00000| Untracked 
| 144|0x00000000e9000000, 0x00000000e9000000, 0x00000000e9100000|  0%| F|  |TAMS 0x00000000e9000000, 0x00000000e9000000| Untracked 
| 145|0x00000000e9100000, 0x00000000e9100000, 0x00000000e9200000|  0%| F|  |TAMS 0x00000000e9100000, 0x00000000e9100000| Untracked 
| 146|0x00000000e9200000, 0x00000000e9200000, 0x00000000e9300000|  0%| F|  |TAMS 0x00000000e9200000, 0x00000000e9200000| Untracked 
| 147|0x00000000e9300000, 0x00000000e9300000, 0x00000000e9400000|  0%| F|  |TAMS 0x00000000e9300000, 0x00000000e9300000| Untracked 
| 148|0x00000000e9400000, 0x00000000e9400000, 0x00000000e9500000|  0%| F|  |TAMS 0x00000000e9400000, 0x00000000e9400000| Untracked 
| 149|0x00000000e9500000, 0x00000000e9500000, 0x00000000e9600000|  0%| F|  |TAMS 0x00000000e9500000, 0x00000000e9500000| Untracked 
| 150|0x00000000e9600000, 0x00000000e9600000, 0x00000000e9700000|  0%| F|  |TAMS 0x00000000e9600000, 0x00000000e9600000| Untracked 
| 151|0x00000000e9700000, 0x00000000e9700000, 0x00000000e9800000|  0%| F|  |TAMS 0x00000000e9700000, 0x00000000e9700000| Untracked 
| 152|0x00000000e9800000, 0x00000000e9800000, 0x00000000e9900000|  0%| F|  |TAMS 0x00000000e9800000, 0x00000000e9800000| Untracked 
| 153|0x00000000e9900000, 0x00000000e9900000, 0x00000000e9a00000|  0%| F|  |TAMS 0x00000000e9900000, 0x00000000e9900000| Untracked 
| 154|0x00000000e9a00000, 0x00000000e9a00000, 0x00000000e9b00000|  0%| F|  |TAMS 0x00000000e9a00000, 0x00000000e9a00000| Untracked 
| 155|0x00000000e9b00000, 0x00000000e9b00000, 0x00000000e9c00000|  0%| F|  |TAMS 0x00000000e9b00000, 0x00000000e9b00000| Untracked 
| 156|0x00000000e9c00000, 0x00000000e9c00000, 0x00000000e9d00000|  0%| F|  |TAMS 0x00000000e9c00000, 0x00000000e9c00000| Untracked 
| 157|0x00000000e9d00000, 0x00000000e9d00000, 0x00000000e9e00000|  0%| F|  |TAMS 0x00000000e9d00000, 0x00000000e9d00000| Untracked 
| 158|0x00000000e9e00000, 0x00000000e9e00000, 0x00000000e9f00000|  0%| F|  |TAMS 0x00000000e9e00000, 0x00000000e9e00000| Untracked 
| 159|0x00000000e9f00000, 0x00000000e9f00000, 0x00000000ea000000|  0%| F|  |TAMS 0x00000000e9f00000, 0x00000000e9f00000| Untracked 
| 160|0x00000000ea000000, 0x00000000ea000000, 0x00000000ea100000|  0%| F|  |TAMS 0x00000000ea000000, 0x00000000ea000000| Untracked 
| 161|0x00000000ea100000, 0x00000000ea100000, 0x00000000ea200000|  0%| F|  |TAMS 0x00000000ea100000, 0x00000000ea100000| Untracked 
| 162|0x00000000ea200000, 0x00000000ea200000, 0x00000000ea300000|  0%| F|  |TAMS 0x00000000ea200000, 0x00000000ea200000| Untracked 
| 163|0x00000000ea300000, 0x00000000ea300000, 0x00000000ea400000|  0%| F|  |TAMS 0x00000000ea300000, 0x00000000ea300000| Untracked 
| 164|0x00000000ea400000, 0x00000000ea400000, 0x00000000ea500000|  0%| F|  |TAMS 0x00000000ea400000, 0x00000000ea400000| Untracked 
| 165|0x00000000ea500000, 0x00000000ea500000, 0x00000000ea600000|  0%| F|  |TAMS 0x00000000ea500000, 0x00000000ea500000| Untracked 
| 166|0x00000000ea600000, 0x00000000ea600000, 0x00000000ea700000|  0%| F|  |TAMS 0x00000000ea600000, 0x00000000ea600000| Untracked 
| 167|0x00000000ea700000, 0x00000000ea700000, 0x00000000ea800000|  0%| F|  |TAMS 0x00000000ea700000, 0x00000000ea700000| Untracked 
| 168|0x00000000ea800000, 0x00000000ea800000, 0x00000000ea900000|  0%| F|  |TAMS 0x00000000ea800000, 0x00000000ea800000| Untracked 
| 169|0x00000000ea900000, 0x00000000ea980800, 0x00000000eaa00000| 50%| E|  |TAMS 0x00000000ea900000, 0x00000000ea900000| Complete 
| 170|0x00000000eaa00000, 0x00000000eab00000, 0x00000000eab00000|100%| E|CS|TAMS 0x00000000eaa00000, 0x00000000eaa00000| Complete 
| 171|0x00000000eab00000, 0x00000000eac00000, 0x00000000eac00000|100%| E|CS|TAMS 0x00000000eab00000, 0x00000000eab00000| Complete 
| 172|0x00000000eac00000, 0x00000000ead00000, 0x00000000ead00000|100%| E|CS|TAMS 0x00000000eac00000, 0x00000000eac00000| Complete 
| 173|0x00000000ead00000, 0x00000000eae00000, 0x00000000eae00000|100%| E|CS|TAMS 0x00000000ead00000, 0x00000000ead00000| Complete 
| 174|0x00000000eae00000, 0x00000000eaf00000, 0x00000000eaf00000|100%| E|CS|TAMS 0x00000000eae00000, 0x00000000eae00000| Complete 
| 175|0x00000000eaf00000, 0x00000000eb000000, 0x00000000eb000000|100%| E|CS|TAMS 0x00000000eaf00000, 0x00000000eaf00000| Complete 
| 176|0x00000000eb000000, 0x00000000eb100000, 0x00000000eb100000|100%| E|CS|TAMS 0x00000000eb000000, 0x00000000eb000000| Complete 
| 177|0x00000000eb100000, 0x00000000eb200000, 0x00000000eb200000|100%| E|CS|TAMS 0x00000000eb100000, 0x00000000eb100000| Complete 
| 178|0x00000000eb200000, 0x00000000eb300000, 0x00000000eb300000|100%| E|CS|TAMS 0x00000000eb200000, 0x00000000eb200000| Complete 
| 179|0x00000000eb300000, 0x00000000eb400000, 0x00000000eb400000|100%| E|CS|TAMS 0x00000000eb300000, 0x00000000eb300000| Complete 
| 180|0x00000000eb400000, 0x00000000eb500000, 0x00000000eb500000|100%| E|CS|TAMS 0x00000000eb400000, 0x00000000eb400000| Complete 
| 181|0x00000000eb500000, 0x00000000eb600000, 0x00000000eb600000|100%| E|CS|TAMS 0x00000000eb500000, 0x00000000eb500000| Complete 
| 182|0x00000000eb600000, 0x00000000eb700000, 0x00000000eb700000|100%| E|CS|TAMS 0x00000000eb600000, 0x00000000eb600000| Complete 
| 183|0x00000000eb700000, 0x00000000eb800000, 0x00000000eb800000|100%| E|CS|TAMS 0x00000000eb700000, 0x00000000eb700000| Complete 
| 184|0x00000000eb800000, 0x00000000eb900000, 0x00000000eb900000|100%| E|CS|TAMS 0x00000000eb800000, 0x00000000eb800000| Complete 
| 185|0x00000000eb900000, 0x00000000eba00000, 0x00000000eba00000|100%| E|CS|TAMS 0x00000000eb900000, 0x00000000eb900000| Complete 
| 186|0x00000000eba00000, 0x00000000ebb00000, 0x00000000ebb00000|100%| E|CS|TAMS 0x00000000eba00000, 0x00000000eba00000| Complete 
| 187|0x00000000ebb00000, 0x00000000ebc00000, 0x00000000ebc00000|100%| E|CS|TAMS 0x00000000ebb00000, 0x00000000ebb00000| Complete 
| 188|0x00000000ebc00000, 0x00000000ebd00000, 0x00000000ebd00000|100%| E|CS|TAMS 0x00000000ebc00000, 0x00000000ebc00000| Complete 
| 189|0x00000000ebd00000, 0x00000000ebe00000, 0x00000000ebe00000|100%| E|CS|TAMS 0x00000000ebd00000, 0x00000000ebd00000| Complete 
| 190|0x00000000ebe00000, 0x00000000ebf00000, 0x00000000ebf00000|100%| E|CS|TAMS 0x00000000ebe00000, 0x00000000ebe00000| Complete 
| 191|0x00000000ebf00000, 0x00000000ec000000, 0x00000000ec000000|100%| E|CS|TAMS 0x00000000ebf00000, 0x00000000ebf00000| Complete 
| 192|0x00000000ec000000, 0x00000000ec100000, 0x00000000ec100000|100%| E|CS|TAMS 0x00000000ec000000, 0x00000000ec000000| Complete 
| 193|0x00000000ec100000, 0x00000000ec200000, 0x00000000ec200000|100%| E|CS|TAMS 0x00000000ec100000, 0x00000000ec100000| Complete 
| 194|0x00000000ec200000, 0x00000000ec300000, 0x00000000ec300000|100%| E|CS|TAMS 0x00000000ec200000, 0x00000000ec200000| Complete 
| 195|0x00000000ec300000, 0x00000000ec400000, 0x00000000ec400000|100%| E|CS|TAMS 0x00000000ec300000, 0x00000000ec300000| Complete 
| 196|0x00000000ec400000, 0x00000000ec500000, 0x00000000ec500000|100%| E|CS|TAMS 0x00000000ec400000, 0x00000000ec400000| Complete 
| 197|0x00000000ec500000, 0x00000000ec600000, 0x00000000ec600000|100%| E|CS|TAMS 0x00000000ec500000, 0x00000000ec500000| Complete 
| 198|0x00000000ec600000, 0x00000000ec700000, 0x00000000ec700000|100%| E|CS|TAMS 0x00000000ec600000, 0x00000000ec600000| Complete 
| 199|0x00000000ec700000, 0x00000000ec800000, 0x00000000ec800000|100%| E|CS|TAMS 0x00000000ec700000, 0x00000000ec700000| Complete 
| 200|0x00000000ec800000, 0x00000000ec900000, 0x00000000ec900000|100%| E|CS|TAMS 0x00000000ec800000, 0x00000000ec800000| Complete 
| 201|0x00000000ec900000, 0x00000000eca00000, 0x00000000eca00000|100%| E|CS|TAMS 0x00000000ec900000, 0x00000000ec900000| Complete 
| 202|0x00000000eca00000, 0x00000000ecb00000, 0x00000000ecb00000|100%| E|CS|TAMS 0x00000000eca00000, 0x00000000eca00000| Complete 
| 203|0x00000000ecb00000, 0x00000000ecc00000, 0x00000000ecc00000|100%| E|  |TAMS 0x00000000ecb00000, 0x00000000ecb00000| Complete 
| 204|0x00000000ecc00000, 0x00000000ecd00000, 0x00000000ecd00000|100%| E|CS|TAMS 0x00000000ecc00000, 0x00000000ecc00000| Complete 
| 205|0x00000000ecd00000, 0x00000000ece00000, 0x00000000ece00000|100%| E|CS|TAMS 0x00000000ecd00000, 0x00000000ecd00000| Complete 
| 206|0x00000000ece00000, 0x00000000ecf00000, 0x00000000ecf00000|100%| E|CS|TAMS 0x00000000ece00000, 0x00000000ece00000| Complete 
| 207|0x00000000ecf00000, 0x00000000ed000000, 0x00000000ed000000|100%| E|CS|TAMS 0x00000000ecf00000, 0x00000000ecf00000| Complete 
| 208|0x00000000ed000000, 0x00000000ed100000, 0x00000000ed100000|100%| E|CS|TAMS 0x00000000ed000000, 0x00000000ed000000| Complete 
| 209|0x00000000ed100000, 0x00000000ed200000, 0x00000000ed200000|100%| E|CS|TAMS 0x00000000ed100000, 0x00000000ed100000| Complete 
| 210|0x00000000ed200000, 0x00000000ed300000, 0x00000000ed300000|100%| E|CS|TAMS 0x00000000ed200000, 0x00000000ed200000| Complete 
| 211|0x00000000ed300000, 0x00000000ed400000, 0x00000000ed400000|100%| E|CS|TAMS 0x00000000ed300000, 0x00000000ed300000| Complete 
| 212|0x00000000ed400000, 0x00000000ed500000, 0x00000000ed500000|100%| E|CS|TAMS 0x00000000ed400000, 0x00000000ed400000| Complete 
| 213|0x00000000ed500000, 0x00000000ed600000, 0x00000000ed600000|100%| E|CS|TAMS 0x00000000ed500000, 0x00000000ed500000| Complete 
| 214|0x00000000ed600000, 0x00000000ed700000, 0x00000000ed700000|100%| E|CS|TAMS 0x00000000ed600000, 0x00000000ed600000| Complete 
| 215|0x00000000ed700000, 0x00000000ed800000, 0x00000000ed800000|100%| E|CS|TAMS 0x00000000ed700000, 0x00000000ed700000| Complete 
| 216|0x00000000ed800000, 0x00000000ed900000, 0x00000000ed900000|100%| E|CS|TAMS 0x00000000ed800000, 0x00000000ed800000| Complete 
| 217|0x00000000ed900000, 0x00000000eda00000, 0x00000000eda00000|100%| E|CS|TAMS 0x00000000ed900000, 0x00000000ed900000| Complete 
| 218|0x00000000eda00000, 0x00000000edb00000, 0x00000000edb00000|100%| E|CS|TAMS 0x00000000eda00000, 0x00000000eda00000| Complete 
| 219|0x00000000edb00000, 0x00000000edc00000, 0x00000000edc00000|100%| E|CS|TAMS 0x00000000edb00000, 0x00000000edb00000| Complete 
| 220|0x00000000edc00000, 0x00000000edd00000, 0x00000000edd00000|100%| E|CS|TAMS 0x00000000edc00000, 0x00000000edc00000| Complete 
| 221|0x00000000edd00000, 0x00000000ede00000, 0x00000000ede00000|100%| E|CS|TAMS 0x00000000edd00000, 0x00000000edd00000| Complete 
| 222|0x00000000ede00000, 0x00000000edf00000, 0x00000000edf00000|100%| E|CS|TAMS 0x00000000ede00000, 0x00000000ede00000| Complete 
| 223|0x00000000edf00000, 0x00000000ee000000, 0x00000000ee000000|100%| E|CS|TAMS 0x00000000edf00000, 0x00000000edf00000| Complete 
| 224|0x00000000ee000000, 0x00000000ee100000, 0x00000000ee100000|100%| E|CS|TAMS 0x00000000ee000000, 0x00000000ee000000| Complete 
| 225|0x00000000ee100000, 0x00000000ee200000, 0x00000000ee200000|100%| E|CS|TAMS 0x00000000ee100000, 0x00000000ee100000| Complete 
| 226|0x00000000ee200000, 0x00000000ee300000, 0x00000000ee300000|100%| E|CS|TAMS 0x00000000ee200000, 0x00000000ee200000| Complete 
| 227|0x00000000ee300000, 0x00000000ee400000, 0x00000000ee400000|100%| E|CS|TAMS 0x00000000ee300000, 0x00000000ee300000| Complete 
| 228|0x00000000ee400000, 0x00000000ee500000, 0x00000000ee500000|100%| E|CS|TAMS 0x00000000ee400000, 0x00000000ee400000| Complete 
| 229|0x00000000ee500000, 0x00000000ee600000, 0x00000000ee600000|100%| E|CS|TAMS 0x00000000ee500000, 0x00000000ee500000| Complete 
| 230|0x00000000ee600000, 0x00000000ee700000, 0x00000000ee700000|100%| E|CS|TAMS 0x00000000ee600000, 0x00000000ee600000| Complete 
| 231|0x00000000ee700000, 0x00000000ee800000, 0x00000000ee800000|100%| E|CS|TAMS 0x00000000ee700000, 0x00000000ee700000| Complete 
| 232|0x00000000ee800000, 0x00000000ee900000, 0x00000000ee900000|100%| E|CS|TAMS 0x00000000ee800000, 0x00000000ee800000| Complete 
| 233|0x00000000ee900000, 0x00000000eea00000, 0x00000000eea00000|100%| E|CS|TAMS 0x00000000ee900000, 0x00000000ee900000| Complete 
| 234|0x00000000eea00000, 0x00000000eeb00000, 0x00000000eeb00000|100%| E|CS|TAMS 0x00000000eea00000, 0x00000000eea00000| Complete 
| 235|0x00000000eeb00000, 0x00000000eec00000, 0x00000000eec00000|100%| E|CS|TAMS 0x00000000eeb00000, 0x00000000eeb00000| Complete 
| 236|0x00000000eec00000, 0x00000000eed00000, 0x00000000eed00000|100%| E|CS|TAMS 0x00000000eec00000, 0x00000000eec00000| Complete 
| 237|0x00000000eed00000, 0x00000000eee00000, 0x00000000eee00000|100%| E|CS|TAMS 0x00000000eed00000, 0x00000000eed00000| Complete 
| 238|0x00000000eee00000, 0x00000000eef00000, 0x00000000eef00000|100%| E|CS|TAMS 0x00000000eee00000, 0x00000000eee00000| Complete 
| 239|0x00000000eef00000, 0x00000000ef000000, 0x00000000ef000000|100%| E|CS|TAMS 0x00000000eef00000, 0x00000000eef00000| Complete 
| 240|0x00000000ef000000, 0x00000000ef100000, 0x00000000ef100000|100%| E|CS|TAMS 0x00000000ef000000, 0x00000000ef000000| Complete 
| 241|0x00000000ef100000, 0x00000000ef200000, 0x00000000ef200000|100%| E|CS|TAMS 0x00000000ef100000, 0x00000000ef100000| Complete 
| 242|0x00000000ef200000, 0x00000000ef300000, 0x00000000ef300000|100%| E|CS|TAMS 0x00000000ef200000, 0x00000000ef200000| Complete 
| 243|0x00000000ef300000, 0x00000000ef400000, 0x00000000ef400000|100%| E|CS|TAMS 0x00000000ef300000, 0x00000000ef300000| Complete 
| 244|0x00000000ef400000, 0x00000000ef500000, 0x00000000ef500000|100%| E|CS|TAMS 0x00000000ef400000, 0x00000000ef400000| Complete 
| 245|0x00000000ef500000, 0x00000000ef600000, 0x00000000ef600000|100%| E|CS|TAMS 0x00000000ef500000, 0x00000000ef500000| Complete 
| 246|0x00000000ef600000, 0x00000000ef700000, 0x00000000ef700000|100%| E|CS|TAMS 0x00000000ef600000, 0x00000000ef600000| Complete 
| 247|0x00000000ef700000, 0x00000000ef800000, 0x00000000ef800000|100%| E|CS|TAMS 0x00000000ef700000, 0x00000000ef700000| Complete 
| 248|0x00000000ef800000, 0x00000000ef900000, 0x00000000ef900000|100%| E|CS|TAMS 0x00000000ef800000, 0x00000000ef800000| Complete 
| 249|0x00000000ef900000, 0x00000000efa00000, 0x00000000efa00000|100%| E|CS|TAMS 0x00000000ef900000, 0x00000000ef900000| Complete 
| 250|0x00000000efa00000, 0x00000000efb00000, 0x00000000efb00000|100%| E|CS|TAMS 0x00000000efa00000, 0x00000000efa00000| Complete 
| 251|0x00000000efb00000, 0x00000000efc00000, 0x00000000efc00000|100%| E|CS|TAMS 0x00000000efb00000, 0x00000000efb00000| Complete 
| 252|0x00000000efc00000, 0x00000000efd00000, 0x00000000efd00000|100%| E|CS|TAMS 0x00000000efc00000, 0x00000000efc00000| Complete 
| 253|0x00000000efd00000, 0x00000000efe00000, 0x00000000efe00000|100%| E|CS|TAMS 0x00000000efd00000, 0x00000000efd00000| Complete 
| 254|0x00000000efe00000, 0x00000000eff00000, 0x00000000eff00000|100%| E|CS|TAMS 0x00000000efe00000, 0x00000000efe00000| Complete 
| 255|0x00000000eff00000, 0x00000000f0000000, 0x00000000f0000000|100%| E|CS|TAMS 0x00000000eff00000, 0x00000000eff00000| Complete 

Card table byte_map: [0x00000180aadf0000,0x00000180aaef0000] _byte_map_base: 0x00000180aa6f0000

Marking Bits (Prev, Next): (CMBitMap*) 0x00000180941271e0, (CMBitMap*) 0x0000018094127220
 Prev Bits: [0x00000180aaff0000, 0x00000180ab7f0000)
 Next Bits: [0x00000180ab7f0000, 0x00000180abff0000)

Polling page: 0x00000180938d0000

Metaspace:

Usage:
  Non-class:     37.08 MB used.
      Class:      6.11 MB used.
       Both:     43.19 MB used.

Virtual space:
  Non-class space:       64.00 MB reserved,      37.38 MB ( 58%) committed,  1 nodes.
      Class space:      320.00 MB reserved,       6.38 MB (  2%) committed,  1 nodes.
             Both:      384.00 MB reserved,      43.75 MB ( 11%) committed. 

Chunk freelists:
   Non-Class:  10.11 MB
       Class:  9.54 MB
        Both:  19.65 MB

MaxMetaspaceSize: 384.00 MB
CompressedClassSpaceSize: 320.00 MB
Initial GC threshold: 21.00 MB
Current GC threshold: 58.88 MB
CDS: on
MetaspaceReclaimPolicy: balanced
 - commit_granule_bytes: 65536.
 - commit_granule_words: 8192.
 - virtual_space_node_default_size: 8388608.
 - enlarge_chunks_in_place: 1.
 - new_chunks_are_fully_committed: 0.
 - uncommit_free_chunks: 1.
 - use_allocation_guard: 0.
 - handle_deallocations: 1.


Internal statistics:

num_allocs_failed_limit: 6.
num_arena_births: 526.
num_arena_deaths: 0.
num_vsnodes_births: 2.
num_vsnodes_deaths: 0.
num_space_committed: 700.
num_space_uncommitted: 0.
num_chunks_returned_to_freelist: 6.
num_chunks_taken_from_freelist: 2264.
num_chunk_merges: 6.
num_chunk_splits: 1481.
num_chunks_enlarged: 1004.
num_inconsistent_stats: 0.

CodeHeap 'non-profiled nmethods': size=120000Kb used=2318Kb max_used=3173Kb free=117681Kb
 bounds [0x00000180a3490000, 0x00000180a37b0000, 0x00000180aa9c0000]
CodeHeap 'profiled nmethods': size=120000Kb used=8809Kb max_used=10585Kb free=111190Kb
 bounds [0x000001809b9c0000, 0x000001809c420000, 0x00000180a2ef0000]
CodeHeap 'non-nmethods': size=5760Kb used=2306Kb max_used=2380Kb free=3453Kb
 bounds [0x00000180a2ef0000, 0x00000180a3160000, 0x00000180a3490000]
 total_blobs=5237 nmethods=4414 adapters=734
 compilation: enabled
              stopped_count=0, restarted_count=0
 full_count=0

Compilation events (20 events):
Event: 37.771 Thread 0x00000180aea06780 5134       3       java.lang.ThreadLocal::setInitialValue (50 bytes)
Event: 37.772 Thread 0x00000180aea06780 nmethod 5134 0x000001809b9c0010 code [0x000001809b9c0220, 0x000001809b9c0b88]
Event: 37.797 Thread 0x00000180aea06780 5136       3       org.objectweb.asm.Type::getSize (86 bytes)
Event: 37.798 Thread 0x00000180aea06780 nmethod 5136 0x000001809bb7e190 code [0x000001809bb7e340, 0x000001809bb7e708]
Event: 37.808 Thread 0x00000180aea06780 5137       3       com.google.common.collect.ImmutableSet::of (9 bytes)
Event: 37.809 Thread 0x00000180aea06780 nmethod 5137 0x000001809ba1b090 code [0x000001809ba1b260, 0x000001809ba1b748]
Event: 37.809 Thread 0x00000180aea06780 5138       3       com.google.common.reflect.TypeResolver$TypeTable$1::resolveInternal (33 bytes)
Event: 37.810 Thread 0x00000180aea06780 nmethod 5138 0x000001809b9c4190 code [0x000001809b9c4380, 0x000001809b9c4838]
Event: 37.810 Thread 0x00000180aea06780 5139 %     3       org.gradle.internal.instantiation.generator.AbstractClassGenerator::inspectType @ 77 (560 bytes)
Event: 37.814 Thread 0x00000180aea06780 nmethod 5139% 0x000001809ba9a410 code [0x000001809ba9abc0, 0x000001809ba9fc48]
Event: 37.815 Thread 0x00000180aea06780 5140       3       org.gradle.internal.instantiation.generator.AbstractClassGenerator::inspectType (560 bytes)
Event: 37.819 Thread 0x00000180aea06780 nmethod 5140 0x000001809bb37710 code [0x000001809bb37ea0, 0x000001809bb3cc68]
Event: 37.819 Thread 0x00000180aea06780 5141       3       com.google.common.collect.LinkedHashMultimap$ValueSet::<init> (55 bytes)
Event: 37.820 Thread 0x00000180aea06780 nmethod 5141 0x000001809ba24310 code [0x000001809ba24500, 0x000001809ba24a48]
Event: 37.820 Thread 0x00000180aea06780 5142       3       com.google.common.collect.LinkedHashMultimap$ValueSet::add (144 bytes)
Event: 37.822 Thread 0x00000180aea06780 nmethod 5142 0x000001809b9cd990 code [0x000001809b9cdca0, 0x000001809b9cf298]
Event: 37.822 Thread 0x00000180aea06780 5143       3       com.google.common.collect.Hashing::needsResizing (22 bytes)
Event: 37.823 Thread 0x00000180aea06780 nmethod 5143 0x000001809ba45890 code [0x000001809ba45a20, 0x000001809ba45bd8]
Event: 37.825 Thread 0x00000180aea06780 5144       3       org.gradle.internal.instantiation.generator.AsmBackedClassGenerator$ClassBuilderImpl::access$1600 (4 bytes)
Event: 37.825 Thread 0x00000180aea06780 nmethod 5144 0x000001809bc71c10 code [0x000001809bc71da0, 0x000001809bc71e98]

GC Heap History (10 events):
Event: 2.960 GC heap before
{Heap before GC invocations=0 (full 0):
 garbage-first heap   total 262144K, used 26624K [0x00000000e0000000, 0x0000000100000000)
  region size 1024K, 23 young (23552K), 0 survivors (0K)
 Metaspace       used 3040K, committed 3200K, reserved 393216K
  class space    used 384K, committed 448K, reserved 327680K
}
Event: 2.974 GC heap after
{Heap after GC invocations=1 (full 0):
 garbage-first heap   total 262144K, used 10293K [0x00000000e0000000, 0x0000000100000000)
  region size 1024K, 3 young (3072K), 3 survivors (3072K)
 Metaspace       used 3040K, committed 3200K, reserved 393216K
  class space    used 384K, committed 448K, reserved 327680K
}
Event: 5.278 GC heap before
{Heap before GC invocations=1 (full 0):
 garbage-first heap   total 262144K, used 36917K [0x00000000e0000000, 0x0000000100000000)
  region size 1024K, 29 young (29696K), 3 survivors (3072K)
 Metaspace       used 3998K, committed 4160K, reserved 393216K
  class space    used 490K, committed 576K, reserved 327680K
}
Event: 5.282 GC heap after
{Heap after GC invocations=2 (full 0):
 garbage-first heap   total 262144K, used 11661K [0x00000000e0000000, 0x0000000100000000)
  region size 1024K, 1 young (1024K), 1 survivors (1024K)
 Metaspace       used 3998K, committed 4160K, reserved 393216K
  class space    used 490K, committed 576K, reserved 327680K
}
Event: 16.349 GC heap before
{Heap before GC invocations=2 (full 0):
 garbage-first heap   total 262144K, used 125325K [0x00000000e0000000, 0x0000000100000000)
  region size 1024K, 111 young (113664K), 1 survivors (1024K)
 Metaspace       used 20125K, committed 20416K, reserved 393216K
  class space    used 2925K, committed 3072K, reserved 327680K
}
Event: 16.421 GC heap after
{Heap after GC invocations=3 (full 0):
 garbage-first heap   total 262144K, used 22450K [0x00000000e0000000, 0x0000000100000000)
  region size 1024K, 12 young (12288K), 12 survivors (12288K)
 Metaspace       used 20125K, committed 20416K, reserved 393216K
  class space    used 2925K, committed 3072K, reserved 327680K
}
Event: 16.686 GC heap before
{Heap before GC invocations=3 (full 0):
 garbage-first heap   total 262144K, used 29618K [0x00000000e0000000, 0x0000000100000000)
  region size 1024K, 21 young (21504K), 12 survivors (12288K)
 Metaspace       used 21293K, committed 21504K, reserved 393216K
  class space    used 3104K, committed 3200K, reserved 327680K
}
Event: 16.696 GC heap after
{Heap after GC invocations=4 (full 0):
 garbage-first heap   total 262144K, used 23762K [0x00000000e0000000, 0x0000000100000000)
  region size 1024K, 2 young (2048K), 2 survivors (2048K)
 Metaspace       used 21293K, committed 21504K, reserved 393216K
  class space    used 3104K, committed 3200K, reserved 327680K
}
Event: 25.797 GC heap before
{Heap before GC invocations=5 (full 0):
 garbage-first heap   total 262144K, used 141522K [0x00000000e0000000, 0x0000000100000000)
  region size 1024K, 114 young (116736K), 2 survivors (2048K)
 Metaspace       used 35757K, committed 36096K, reserved 393216K
  class space    used 4990K, committed 5184K, reserved 327680K
}
Event: 25.806 GC heap after
{Heap after GC invocations=6 (full 0):
 garbage-first heap   total 262144K, used 31359K [0x00000000e0000000, 0x0000000100000000)
  region size 1024K, 9 young (9216K), 9 survivors (9216K)
 Metaspace       used 35757K, committed 36096K, reserved 393216K
  class space    used 4990K, committed 5184K, reserved 327680K
}

Deoptimization events (20 events):
Event: 37.293 Thread 0x00000180ca9950a0 Uncommon trap: trap_request=0xffffffc6 fr.pc=0x00000180a36ed36c relative=0x00000000000027ac
Event: 37.293 Thread 0x00000180ca9950a0 Uncommon trap: reason=bimorphic_or_optimized_type_check action=maybe_recompile pc=0x00000180a36ed36c method=org.codehaus.groovy.runtime.metaclass.MetaMethodIndex.isOverridden(Lgroovy/lang/MetaMethod;Lgroovy/lang/MetaMethod;)Z @ 56 c2
Event: 37.293 Thread 0x00000180ca9950a0 DEOPT PACKING pc=0x00000180a36ed36c sp=0x00000068657f5f50
Event: 37.293 Thread 0x00000180ca9950a0 DEOPT UNPACKING pc=0x00000180a2f423a3 sp=0x00000068657f5f08 mode 2
Event: 37.319 Thread 0x00000180ca9950a0 Uncommon trap: trap_request=0xffffffc6 fr.pc=0x00000180a36ed36c relative=0x00000000000027ac
Event: 37.319 Thread 0x00000180ca9950a0 Uncommon trap: reason=bimorphic_or_optimized_type_check action=maybe_recompile pc=0x00000180a36ed36c method=org.codehaus.groovy.runtime.metaclass.MetaMethodIndex.isOverridden(Lgroovy/lang/MetaMethod;Lgroovy/lang/MetaMethod;)Z @ 56 c2
Event: 37.319 Thread 0x00000180ca9950a0 DEOPT PACKING pc=0x00000180a36ed36c sp=0x00000068657f6010
Event: 37.319 Thread 0x00000180ca9950a0 DEOPT UNPACKING pc=0x00000180a2f423a3 sp=0x00000068657f5fc8 mode 2
Event: 37.328 Thread 0x00000180ca9950a0 Uncommon trap: trap_request=0xffffffc6 fr.pc=0x00000180a36ee94c relative=0x0000000000003d8c
Event: 37.328 Thread 0x00000180ca9950a0 Uncommon trap: reason=bimorphic_or_optimized_type_check action=maybe_recompile pc=0x00000180a36ee94c method=org.codehaus.groovy.runtime.metaclass.MetaMethodIndex.isOverridden(Lgroovy/lang/MetaMethod;Lgroovy/lang/MetaMethod;)Z @ 10 c2
Event: 37.328 Thread 0x00000180ca9950a0 DEOPT PACKING pc=0x00000180a36ee94c sp=0x00000068657f5f70
Event: 37.328 Thread 0x00000180ca9950a0 DEOPT UNPACKING pc=0x00000180a2f423a3 sp=0x00000068657f5f28 mode 2
Event: 37.547 Thread 0x00000180ca9950a0 Uncommon trap: trap_request=0xffffffc6 fr.pc=0x00000180a3609af4 relative=0x0000000000000234
Event: 37.547 Thread 0x00000180ca9950a0 Uncommon trap: reason=bimorphic_or_optimized_type_check action=maybe_recompile pc=0x00000180a3609af4 method=com.google.common.base.CharMatcher.indexIn(Ljava/lang/CharSequence;I)I @ 31 c2
Event: 37.547 Thread 0x00000180ca9950a0 DEOPT PACKING pc=0x00000180a3609af4 sp=0x00000068657f7a60
Event: 37.547 Thread 0x00000180ca9950a0 DEOPT UNPACKING pc=0x00000180a2f423a3 sp=0x00000068657f7a08 mode 2
Event: 37.578 Thread 0x00000180ca9950a0 Uncommon trap: trap_request=0xffffffc6 fr.pc=0x00000180a3609af4 relative=0x0000000000000234
Event: 37.579 Thread 0x00000180ca9950a0 Uncommon trap: reason=bimorphic_or_optimized_type_check action=maybe_recompile pc=0x00000180a3609af4 method=com.google.common.base.CharMatcher.indexIn(Ljava/lang/CharSequence;I)I @ 31 c2
Event: 37.579 Thread 0x00000180ca9950a0 DEOPT PACKING pc=0x00000180a3609af4 sp=0x00000068657f93e0
Event: 37.579 Thread 0x00000180ca9950a0 DEOPT UNPACKING pc=0x00000180a2f423a3 sp=0x00000068657f9388 mode 2

Classes unloaded (0 events):
No events

Classes redefined (0 events):
No events

Internal exceptions (20 events):
Event: 37.170 Thread 0x00000180ca9950a0 Exception <a 'java/lang/ClassNotFoundException'{0x00000000ec02fe90}: build_c5l6t72fa7888lgnwlre5qzoxBeanInfo> (0x00000000ec02fe90) 
thrown [s\open\src\hotspot\share\classfile\systemDictionary.cpp, line 256]
Event: 37.171 Thread 0x00000180ca9950a0 Exception <a 'java/lang/ClassNotFoundException'{0x00000000ec03a830}: org/gradle/api/internal/project/ProjectScriptBeanInfo> (0x00000000ec03a830) 
thrown [s\open\src\hotspot\share\classfile\systemDictionary.cpp, line 256]
Event: 37.172 Thread 0x00000180ca9950a0 Exception <a 'java/lang/ClassNotFoundException'{0x00000000ec045260}: org/gradle/api/internal/project/ProjectScriptCustomizer> (0x00000000ec045260) 
thrown [s\open\src\hotspot\share\classfile\systemDictionary.cpp, line 256]
Event: 37.189 Thread 0x00000180ca9950a0 Exception <a 'java/lang/ClassNotFoundException'{0x00000000ec05ca20}: build_c5l6t72fa7888lgnwlre5qzoxCustomizer> (0x00000000ec05ca20) 
thrown [s\open\src\hotspot\share\classfile\systemDictionary.cpp, line 256]
Event: 37.333 Thread 0x00000180ca9950a0 Exception <a 'java/lang/ClassNotFoundException'{0x00000000ebcc0498}: org/gradle/api/internal/artifacts/dsl/DefaultRepositoryHandler_DecoratedBeanInfo> (0x00000000ebcc0498) 
thrown [s\open\src\hotspot\share\classfile\systemDictionary.cpp, line 256]
Event: 37.339 Thread 0x00000180ca9950a0 Exception <a 'java/lang/ClassNotFoundException'{0x00000000ebcd7558}: org/gradle/api/internal/artifacts/dsl/DefaultRepositoryHandlerBeanInfo> (0x00000000ebcd7558) 
thrown [s\open\src\hotspot\share\classfile\systemDictionary.cpp, line 256]
Event: 37.345 Thread 0x00000180ca9950a0 Exception <a 'java/lang/ClassNotFoundException'{0x00000000ebceeaa0}: org/gradle/api/internal/artifacts/DefaultArtifactRepositoryContainerBeanInfo> (0x00000000ebceeaa0) 
thrown [s\open\src\hotspot\share\classfile\systemDictionary.cpp, line 256]
Event: 37.347 Thread 0x00000180ca9950a0 Exception <a 'java/lang/ClassNotFoundException'{0x00000000ebb031b8}: org/gradle/api/internal/DefaultNamedDomainObjectListBeanInfo> (0x00000000ebb031b8) 
thrown [s\open\src\hotspot\share\classfile\systemDictionary.cpp, line 256]
Event: 37.348 Thread 0x00000180ca9950a0 Exception <a 'java/lang/ClassNotFoundException'{0x00000000ebb17550}: org/gradle/api/internal/DefaultNamedDomainObjectCollectionBeanInfo> (0x00000000ebb17550) 
thrown [s\open\src\hotspot\share\classfile\systemDictionary.cpp, line 256]
Event: 37.349 Thread 0x00000180ca9950a0 Exception <a 'java/lang/ClassNotFoundException'{0x00000000ebb2b740}: org/gradle/api/internal/DefaultDomainObjectCollectionBeanInfo> (0x00000000ebb2b740) 
thrown [s\open\src\hotspot\share\classfile\systemDictionary.cpp, line 256]
Event: 37.350 Thread 0x00000180ca9950a0 Exception <a 'java/lang/ClassNotFoundException'{0x00000000ebb31b80}: java/util/AbstractCollectionBeanInfo> (0x00000000ebb31b80) 
thrown [s\open\src\hotspot\share\classfile\systemDictionary.cpp, line 256]
Event: 37.350 Thread 0x00000180ca9950a0 Exception <a 'java/lang/ClassNotFoundException'{0x00000000ebb37f88}: java/util/AbstractCollectionCustomizer> (0x00000000ebb37f88) 
thrown [s\open\src\hotspot\share\classfile\systemDictionary.cpp, line 256]
Event: 37.356 Thread 0x00000180ca9950a0 Exception <a 'java/lang/ClassNotFoundException'{0x00000000ebb56208}: org/gradle/api/internal/DefaultDomainObjectCollectionCustomizer> (0x00000000ebb56208) 
thrown [s\open\src\hotspot\share\classfile\systemDictionary.cpp, line 256]
Event: 37.365 Thread 0x00000180ca9950a0 Exception <a 'java/lang/ClassNotFoundException'{0x00000000ebb88938}: org/gradle/api/internal/DefaultNamedDomainObjectCollectionCustomizer> (0x00000000ebb88938) 
thrown [s\open\src\hotspot\share\classfile\systemDictionary.cpp, line 256]
Event: 37.372 Thread 0x00000180ca9950a0 Exception <a 'java/lang/ClassNotFoundException'{0x00000000ebbc5b30}: org/gradle/api/internal/DefaultNamedDomainObjectListCustomizer> (0x00000000ebbc5b30) 
thrown [s\open\src\hotspot\share\classfile\systemDictionary.cpp, line 256]
Event: 37.379 Thread 0x00000180ca9950a0 Exception <a 'java/lang/ClassNotFoundException'{0x00000000ebbfa720}: org/gradle/api/internal/artifacts/DefaultArtifactRepositoryContainerCustomizer> (0x00000000ebbfa720) 
thrown [s\open\src\hotspot\share\classfile\systemDictionary.cpp, line 256]
Event: 37.390 Thread 0x00000180ca9950a0 Exception <a 'java/lang/ClassNotFoundException'{0x00000000eba24b40}: org/gradle/api/internal/artifacts/dsl/DefaultRepositoryHandlerCustomizer> (0x00000000eba24b40) 
thrown [s\open\src\hotspot\share\classfile\systemDictionary.cpp, line 256]
Event: 37.400 Thread 0x00000180ca9950a0 Exception <a 'java/lang/ClassNotFoundException'{0x00000000eba5be80}: org/gradle/api/internal/artifacts/dsl/DefaultRepositoryHandler_DecoratedCustomizer> (0x00000000eba5be80) 
thrown [s\open\src\hotspot\share\classfile\systemDictionary.cpp, line 256]
Event: 37.542 Thread 0x00000180ca9950a0 Exception <a 'java/lang/ClassNotFoundException'{0x00000000eb7fa610}: org/gradle/plugin/use/internal/PluginRequestCollector$PluginDependenciesSpecImplBeanInfo> (0x00000000eb7fa610) 
thrown [s\open\src\hotspot\share\classfile\systemDictionary.cpp, line 256]
Event: 37.543 Thread 0x00000180ca9950a0 Exception <a 'java/lang/ClassNotFoundException'{0x00000000eb60bb68}: org/gradle/plugin/use/internal/PluginRequestCollector$PluginDependenciesSpecImplCustomizer> (0x00000000eb60bb68) 
thrown [s\open\src\hotspot\share\classfile\systemDictionary.cpp, line 256]

VM Operations (20 events):
Event: 31.213 Executing VM operation: Cleanup
Event: 31.213 Executing VM operation: Cleanup done
Event: 32.213 Executing VM operation: Cleanup
Event: 32.214 Executing VM operation: Cleanup done
Event: 33.218 Executing VM operation: Cleanup
Event: 33.218 Executing VM operation: Cleanup done
Event: 34.175 Executing VM operation: HandshakeAllThreads
Event: 34.175 Executing VM operation: HandshakeAllThreads done
Event: 34.938 Executing VM operation: ICBufferFull
Event: 34.939 Executing VM operation: ICBufferFull done
Event: 35.951 Executing VM operation: Cleanup
Event: 35.951 Executing VM operation: Cleanup done
Event: 36.960 Executing VM operation: Cleanup
Event: 36.960 Executing VM operation: Cleanup done
Event: 37.451 Executing VM operation: HandshakeAllThreads
Event: 37.453 Executing VM operation: HandshakeAllThreads done
Event: 37.525 Executing VM operation: HandshakeAllThreads
Event: 37.526 Executing VM operation: HandshakeAllThreads done
Event: 37.533 Executing VM operation: ICBufferFull
Event: 37.533 Executing VM operation: ICBufferFull done

Events (20 events):
Event: 37.531 Thread 0x00000180aea6c660 flushing nmethod 0x000001809bdaaf90
Event: 37.531 Thread 0x00000180aea6c660 flushing nmethod 0x000001809bdac810
Event: 37.531 Thread 0x00000180aea6c660 flushing nmethod 0x000001809bdb5d90
Event: 37.531 Thread 0x00000180aea6c660 flushing nmethod 0x000001809bdbb110
Event: 37.531 Thread 0x00000180aea6c660 flushing nmethod 0x000001809bdbcf90
Event: 37.531 Thread 0x00000180aea6c660 flushing nmethod 0x000001809bdc0490
Event: 37.531 Thread 0x00000180aea6c660 flushing nmethod 0x000001809bdf8e90
Event: 37.532 Thread 0x00000180aea6c660 flushing nmethod 0x000001809be47b90
Event: 37.532 Thread 0x00000180aea6c660 flushing nmethod 0x000001809be47f10
Event: 37.532 Thread 0x00000180aea6c660 flushing nmethod 0x000001809be48290
Event: 37.532 Thread 0x00000180aea6c660 flushing nmethod 0x000001809be48610
Event: 37.532 Thread 0x00000180aea6c660 flushing nmethod 0x000001809be52f90
Event: 37.532 Thread 0x00000180aea6c660 flushing nmethod 0x000001809be97890
Event: 37.532 Thread 0x00000180aea6c660 flushing nmethod 0x000001809beae910
Event: 37.532 Thread 0x00000180aea6c660 flushing nmethod 0x000001809bed8d90
Event: 37.532 Thread 0x00000180aea6c660 flushing nmethod 0x000001809beda010
Event: 37.532 Thread 0x00000180aea6c660 flushing nmethod 0x000001809bedb990
Event: 37.532 Thread 0x00000180aea6c660 flushing nmethod 0x000001809beeda90
Event: 37.533 Thread 0x00000180aea6c660 flushing nmethod 0x000001809bf4e510
Event: 37.533 Thread 0x00000180aea6c660 flushing nmethod 0x000001809bf63310


Dynamic libraries:
0x00007ff6653e0000 - 0x00007ff6653f0000 	C:\Program Files\Java\jdk-17\bin\java.exe
0x00007ffbeab30000 - 0x00007ffbead28000 	C:\Windows\SYSTEM32\ntdll.dll
0x00007ffbea1b0000 - 0x00007ffbea272000 	C:\Windows\System32\KERNEL32.DLL
0x00007ffbe8410000 - 0x00007ffbe8706000 	C:\Windows\System32\KERNELBASE.dll
0x00007ffbe8310000 - 0x00007ffbe8410000 	C:\Windows\System32\ucrtbase.dll
0x00007ffbdbe60000 - 0x00007ffbdbe79000 	C:\Program Files\Java\jdk-17\bin\jli.dll
0x00007ffbea690000 - 0x00007ffbea741000 	C:\Windows\System32\ADVAPI32.dll
0x00007ffbea0a0000 - 0x00007ffbea13e000 	C:\Windows\System32\msvcrt.dll
0x00007ffbe1d00000 - 0x00007ffbe1d1b000 	C:\Program Files\Java\jdk-17\bin\VCRUNTIME140.dll
0x00007ffbea520000 - 0x00007ffbea5bf000 	C:\Windows\System32\sechost.dll
0x00007ffbea750000 - 0x00007ffbea873000 	C:\Windows\System32\RPCRT4.dll
0x00007ffbe8850000 - 0x00007ffbe8877000 	C:\Windows\System32\bcrypt.dll
0x00007ffbea380000 - 0x00007ffbea51d000 	C:\Windows\System32\USER32.dll
0x00007ffbe81c0000 - 0x00007ffbe81e2000 	C:\Windows\System32\win32u.dll
0x00007ffbea350000 - 0x00007ffbea37b000 	C:\Windows\System32\GDI32.dll
0x00007ffbe81f0000 - 0x00007ffbe8309000 	C:\Windows\System32\gdi32full.dll
0x00007ffbe8a60000 - 0x00007ffbe8afd000 	C:\Windows\System32\msvcp_win.dll
0x00007ffbd17a0000 - 0x00007ffbd1a3a000 	C:\Windows\WinSxS\amd64_microsoft.windows.common-controls_6595b64144ccf1df_6.0.19041.5915_none_60b4b9d171f9c7c7\COMCTL32.dll
0x00007ffbdeb80000 - 0x00007ffbdeb8a000 	C:\Windows\SYSTEM32\VERSION.dll
0x00007ffbe9370000 - 0x00007ffbe939f000 	C:\Windows\System32\IMM32.DLL
0x00007ffbe49e0000 - 0x00007ffbe49ec000 	C:\Program Files\Java\jdk-17\bin\vcruntime140_1.dll
0x00007ffbc1240000 - 0x00007ffbc12ce000 	C:\Program Files\Java\jdk-17\bin\msvcp140.dll
0x00007ffb58670000 - 0x00007ffb59250000 	C:\Program Files\Java\jdk-17\bin\server\jvm.dll
0x00007ffbe9710000 - 0x00007ffbe9718000 	C:\Windows\System32\PSAPI.DLL
0x00007ffbc8510000 - 0x00007ffbc8519000 	C:\Windows\SYSTEM32\WSOCK32.dll
0x00007ffbea140000 - 0x00007ffbea1ab000 	C:\Windows\System32\WS2_32.dll
0x00007ffbd9810000 - 0x00007ffbd9837000 	C:\Windows\SYSTEM32\WINMM.dll
0x00007ffbe6000000 - 0x00007ffbe6012000 	C:\Windows\SYSTEM32\kernel.appcore.dll
0x00007ffbe4870000 - 0x00007ffbe487a000 	C:\Program Files\Java\jdk-17\bin\jimage.dll
0x00007ffbe58b0000 - 0x00007ffbe5ab1000 	C:\Windows\SYSTEM32\DBGHELP.DLL
0x00007ffbb8750000 - 0x00007ffbb8784000 	C:\Windows\SYSTEM32\dbgcore.DLL
0x00007ffbe87c0000 - 0x00007ffbe8842000 	C:\Windows\System32\bcryptPrimitives.dll
0x00007ffbe42c0000 - 0x00007ffbe42ce000 	C:\Program Files\Java\jdk-17\bin\instrument.dll
0x00007ffbd20f0000 - 0x00007ffbd2115000 	C:\Program Files\Java\jdk-17\bin\java.dll
0x00007ffba1530000 - 0x00007ffba1607000 	C:\Program Files\Java\jdk-17\bin\jsvml.dll
0x00007ffbe9930000 - 0x00007ffbea09e000 	C:\Windows\System32\SHELL32.dll
0x00007ffbe6200000 - 0x00007ffbe69a4000 	C:\Windows\SYSTEM32\windows.storage.dll
0x00007ffbe93a0000 - 0x00007ffbe96f3000 	C:\Windows\System32\combase.dll
0x00007ffbe7b10000 - 0x00007ffbe7b3b000 	C:\Windows\SYSTEM32\Wldp.dll
0x00007ffbea5c0000 - 0x00007ffbea68d000 	C:\Windows\System32\OLEAUT32.dll
0x00007ffbea2a0000 - 0x00007ffbea34d000 	C:\Windows\System32\SHCORE.dll
0x00007ffbea910000 - 0x00007ffbea96b000 	C:\Windows\System32\shlwapi.dll
0x00007ffbe80f0000 - 0x00007ffbe8114000 	C:\Windows\SYSTEM32\profapi.dll
0x00007ffbd98e0000 - 0x00007ffbd98f8000 	C:\Program Files\Java\jdk-17\bin\zip.dll
0x00007ffbd20d0000 - 0x00007ffbd20e9000 	C:\Program Files\Java\jdk-17\bin\net.dll
0x00007ffbe02c0000 - 0x00007ffbe03ca000 	C:\Windows\SYSTEM32\WINHTTP.dll
0x00007ffbe78f0000 - 0x00007ffbe795a000 	C:\Windows\system32\mswsock.dll
0x00007ffbc1220000 - 0x00007ffbc1236000 	C:\Program Files\Java\jdk-17\bin\nio.dll
0x00007ffbe3b80000 - 0x00007ffbe3b90000 	C:\Program Files\Java\jdk-17\bin\verify.dll
0x00007ffbe3b10000 - 0x00007ffbe3b37000 	C:\Users\manht\.gradle\native\c067742578af261105cb4f569cf0c3c89f3d7b1fecec35dd04571415982c5e48\windows-amd64\native-platform.dll
0x00007ffb788f0000 - 0x00007ffb78a34000 	C:\Users\manht\.gradle\native\38dada09dfb8b06ba9b0570ebf7e218e3eb74d4ef43ca46872605cf95ebc2f47\windows-amd64\native-platform-file-events.dll
0x00007ffbe3b00000 - 0x00007ffbe3b0a000 	C:\Program Files\Java\jdk-17\bin\management.dll
0x00007ffbe3550000 - 0x00007ffbe355b000 	C:\Program Files\Java\jdk-17\bin\management_ext.dll
0x00007ffbe7b50000 - 0x00007ffbe7b68000 	C:\Windows\SYSTEM32\CRYPTSP.dll
0x00007ffbe71c0000 - 0x00007ffbe71f8000 	C:\Windows\system32\rsaenh.dll
0x00007ffbe80b0000 - 0x00007ffbe80de000 	C:\Windows\SYSTEM32\USERENV.dll
0x00007ffbe7a80000 - 0x00007ffbe7a8c000 	C:\Windows\SYSTEM32\CRYPTBASE.dll
0x00007ffbe75a0000 - 0x00007ffbe75db000 	C:\Windows\SYSTEM32\IPHLPAPI.DLL
0x00007ffbe9700000 - 0x00007ffbe9708000 	C:\Windows\System32\NSI.dll
0x00007ffbe2a10000 - 0x00007ffbe2a27000 	C:\Windows\SYSTEM32\dhcpcsvc6.DLL
0x00007ffbe1900000 - 0x00007ffbe191d000 	C:\Windows\SYSTEM32\dhcpcsvc.DLL
0x00007ffbe75f0000 - 0x00007ffbe76ba000 	C:\Windows\SYSTEM32\DNSAPI.dll
0x00007ffbe1cf0000 - 0x00007ffbe1cfe000 	C:\Program Files\Java\jdk-17\bin\sunmscapi.dll
0x00007ffbe8880000 - 0x00007ffbe89dd000 	C:\Windows\System32\CRYPT32.dll
0x00007ffbe7c60000 - 0x00007ffbe7c87000 	C:\Windows\SYSTEM32\ncrypt.dll
0x00007ffbe7c20000 - 0x00007ffbe7c5b000 	C:\Windows\SYSTEM32\NTASN1.dll
0x00007ffbcc300000 - 0x00007ffbcc307000 	C:\Windows\system32\wshunix.dll

dbghelp: loaded successfully - version: 4.0.5 - missing functions: none
symbol engine: initialized successfully - sym options: 0x614 - pdb path: .;C:\Program Files\Java\jdk-17\bin;C:\Windows\SYSTEM32;C:\Windows\WinSxS\amd64_microsoft.windows.common-controls_6595b64144ccf1df_6.0.19041.5915_none_60b4b9d171f9c7c7;C:\Program Files\Java\jdk-17\bin\server;C:\Users\manht\.gradle\native\c067742578af261105cb4f569cf0c3c89f3d7b1fecec35dd04571415982c5e48\windows-amd64;C:\Users\manht\.gradle\native\38dada09dfb8b06ba9b0570ebf7e218e3eb74d4ef43ca46872605cf95ebc2f47\windows-amd64

VM Arguments:
jvm_args: --add-opens=java.base/java.util=ALL-UNNAMED --add-opens=java.base/java.lang=ALL-UNNAMED --add-opens=java.base/java.lang.invoke=ALL-UNNAMED --add-opens=java.prefs/java.util.prefs=ALL-UNNAMED --add-opens=java.base/java.nio.charset=ALL-UNNAMED --add-opens=java.base/java.net=ALL-UNNAMED --add-opens=java.base/java.util.concurrent.atomic=ALL-UNNAMED -XX:MaxMetaspaceSize=384m -XX:+HeapDumpOnOutOfMemoryError -Xms256m -Xmx512m -Dfile.encoding=UTF-8 -Duser.country=US -Duser.language=en -Duser.variant -javaagent:C:\Users\manht\.gradle\wrapper\dists\gradle-8.7-bin\bhs2wmbdwecv87pi65oeuq5iu\gradle-8.7\lib\agents\gradle-instrumentation-agent-8.7.jar 
java_command: org.gradle.launcher.daemon.bootstrap.GradleDaemon 8.7
java_class_path (initial): C:\Users\manht\.gradle\wrapper\dists\gradle-8.7-bin\bhs2wmbdwecv87pi65oeuq5iu\gradle-8.7\lib\gradle-launcher-8.7.jar
Launcher Type: SUN_STANDARD

[Global flags]
     intx CICompilerCount                          = 4                                         {product} {ergonomic}
   size_t CompressedClassSpaceSize                 = 335544320                                 {product} {ergonomic}
     uint ConcGCThreads                            = 2                                         {product} {ergonomic}
     uint G1ConcRefinementThreads                  = 8                                         {product} {ergonomic}
   size_t G1HeapRegionSize                         = 1048576                                   {product} {ergonomic}
    uintx GCDrainStackTargetSize                   = 64                                        {product} {ergonomic}
     bool HeapDumpOnOutOfMemoryError               = true                                   {manageable} {command line}
   size_t InitialHeapSize                          = 268435456                                 {product} {command line}
   size_t MarkStackSize                            = 4194304                                   {product} {ergonomic}
   size_t MaxHeapSize                              = 536870912                                 {product} {command line}
   size_t MaxMetaspaceSize                         = 402653184                                 {product} {command line}
   size_t MaxNewSize                               = 321912832                                 {product} {ergonomic}
   size_t MinHeapDeltaBytes                        = 1048576                                   {product} {ergonomic}
   size_t MinHeapSize                              = 268435456                                 {product} {command line}
    uintx NonNMethodCodeHeapSize                   = 5839372                                {pd product} {ergonomic}
    uintx NonProfiledCodeHeapSize                  = 122909434                              {pd product} {ergonomic}
    uintx ProfiledCodeHeapSize                     = 122909434                              {pd product} {ergonomic}
    uintx ReservedCodeCacheSize                    = 251658240                              {pd product} {ergonomic}
     bool SegmentedCodeCache                       = true                                      {product} {ergonomic}
   size_t SoftMaxHeapSize                          = 536870912                              {manageable} {ergonomic}
     bool UseCompressedClassPointers               = true                           {product lp64_product} {ergonomic}
     bool UseCompressedOops                        = true                           {product lp64_product} {ergonomic}
     bool UseG1GC                                  = true                                      {product} {ergonomic}
     bool UseLargePagesIndividualAllocation        = false                                  {pd product} {ergonomic}

Logging:
Log output configuration:
 #0: stdout all=warning uptime,level,tags
 #1: stderr all=off uptime,level,tags

Environment Variables:
JAVA_HOME=C:\Program Files\Java\jdk-17
PATH=C:\OracleDb\bin;C:\Program Files\Common Files\Oracle\Java\javapath;C:\Windows\system32;C:\Windows;C:\Windows\System32\Wbem;C:\Windows\System32\WindowsPowerShell\v1.0\;C:\Windows\System32\OpenSSH\;C:\Program Files\nodejs\;C:\Program Files\Git\cmd;C:\flutter\bin;C:\Program Files\Git\bin;C:\Program Files\Git\cmd;C:\Program Files\Docker\Docker\resources\bin;C:\Program Files\maven-mvnd-1.0.2-windows-amd64\bin;C:\Users\manht\AppData\Local\Programs\Python\Python313\Scripts\;C:\Users\manht\AppData\Local\Programs\Python\Python313\;C:\Users\manht\AppData\Local\Programs\Python\Launcher\;C:\Users\manht\AppData\Local\Microsoft\WindowsApps;C:\Users\manht\AppData\Local\Programs\Microsoft VS Code\bin;C:\Users\manht\AppData\Roaming\npm;C:\flutter\bin;C:\Program Files\Git\bin;C:\Program Files\Git\cmd;D:\Minh\cursor\resources\app\bin;D:\Minh\IntelliJ IDEA 2025.1.1.1\bin;;C:\Program Files\maven-mvnd-1.0.2-windows-amd64\bin;C:\Program Files\gradle-8.14.3\bin;
USERNAME=Minh
OS=Windows_NT
PROCESSOR_IDENTIFIER=Intel64 Family 6 Model 94 Stepping 3, GenuineIntel



---------------  S Y S T E M  ---------------

OS:
 Windows 10 , 64 bit Build 19041 (10.0.19041.5915)
OS uptime: 0 days 2:00 hours
Hyper-V role detected

CPU: total 8 (initial active 8) (4 cores per cpu, 2 threads per core) family 6 model 94 stepping 3 microcode 0xf0, cx8, cmov, fxsr, ht, mmx, 3dnowpref, sse, sse2, sse3, ssse3, sse4.1, sse4.2, popcnt, lzcnt, tsc, tscinvbit, avx, avx2, aes, erms, clmul, bmi1, bmi2, rtm, adx, fma, vzeroupper, clflush, clflushopt, hv

Memory: 4k page, system-wide physical 32613M (11700M free)
TotalPageFile size 39553M (AvailPageFile size 4276M)
current process WorkingSet (physical memory assigned to process): 327M, peak: 327M
current process commit charge ("private bytes"): 478M, peak: 478M

vm_info: Java HotSpot(TM) 64-Bit Server VM (17.0.12+8-LTS-286) for windows-amd64 JRE (17.0.12+8-LTS-286), built on Jun  5 2024 06:46:59 by "mach5one" with MS VC++ 17.6 (VS2022)

END.
