#
# A fatal error has been detected by the Java Runtime Environment:
#
#  EXCEPTION_ACCESS_VIOLATION (0xc0000005) at pc=0x00007ffb5881d921, pid=23360, tid=21388
#
# JRE version: Java(TM) SE Runtime Environment (17.0.12+8) (build 17.0.12+8-LTS-286)
# Java VM: Java HotSpot(TM) 64-Bit Server VM (17.0.12+8-LTS-286, mixed mode, sharing, tiered, compressed oops, compressed class ptrs, g1 gc, windows-amd64)
# Problematic frame:
# V  [jvm.dll+0x1ad921]
#
# No core dump will be written. Minidumps are not enabled by default on client versions of Windows
#
# If you would like to submit a bug report, please visit:
#   https://bugreport.java.com/bugreport/crash.jsp
#

---------------  S U M M A R Y ------------

Command Line: --add-opens=java.base/java.util=ALL-UNNAMED --add-opens=java.base/java.lang=ALL-UNNAMED --add-opens=java.base/java.lang.invoke=ALL-UNNAMED --add-opens=java.prefs/java.util.prefs=ALL-UNNAMED --add-opens=java.base/java.nio.charset=ALL-UNNAMED --add-opens=java.base/java.net=ALL-UNNAMED --add-opens=java.base/java.util.concurrent.atomic=ALL-UNNAMED -XX:MaxMetaspaceSize=384m -XX:+HeapDumpOnOutOfMemoryError -Xms256m -Xmx512m -Dfile.encoding=UTF-8 -Duser.country=US -Duser.language=en -Duser.variant -javaagent:C:\Users\manht\.gradle\wrapper\dists\gradle-8.7-bin\bhs2wmbdwecv87pi65oeuq5iu\gradle-8.7\lib\agents\gradle-instrumentation-agent-8.7.jar org.gradle.launcher.daemon.bootstrap.GradleDaemon 8.7

Host: Intel(R) Core(TM) i7-6820HQ CPU @ 2.70GHz, 8 cores, 31G,  Windows 10 , 64 bit Build 19041 (10.0.19041.5915)
Time: Wed Jul 16 16:40:04 2025 SE Asia Standard Time elapsed time: 20.427790 seconds (0d 0h 0m 20s)

---------------  T H R E A D  ---------------

Current thread (0x000001cb1baebeb0):  GCTaskThread "GC Thread#7" [stack: 0x0000002e07000000,0x0000002e07100000] [id=21388]

Stack: [0x0000002e07000000,0x0000002e07100000],  sp=0x0000002e070ff428,  free space=1021k
Native frames: (J=compiled Java code, j=interpreted, Vv=VM code, C=native code)
V  [jvm.dll+0x1ad921]


siginfo: EXCEPTION_ACCESS_VIOLATION (0xc0000005), reading address 0x0000000000000100


Registers:
RAX=0x0000000000000000, RBX=0x0000000000000001, RCX=0x000001cb02000001, RDX=0x00000000ef021878
RSP=0x0000002e070ff428, RBP=0x0000000000000314, RSI=0x00000000e8cc1fb8, RDI=0x00000000ef021878
R8 =0x0000000000000000, R9 =0x000001cb02000001, R10=0x00000000ef021878, R11=0x0000000000000001
R12=0x0000002e070ff730, R13=0x000001cb6504d120, R14=0x000001cb1e3fcc60, R15=0x000001cb02000001
RIP=0x00007ffb5881d921, EFLAGS=0x0000000000010246


Register to memory mapping:

RIP=0x00007ffb5881d921 jvm.dll
RAX=0x0 is NULL
RBX=0x0000000000000001 is an unknown value
RCX=0x000001cb02000001 is pointing into metadata
RDX=0x00000000ef021878 is pointing into object: java.lang.String 
{0x00000000ef021868} - klass: 'java/lang/String'
 - string: "getElementsAsDynamicObject"
RSP=0x0000002e070ff428 points into unknown readable memory: 0x00007ffb58973d4c | 4c 3d 97 58 fb 7f 00 00
RBP=0x0000000000000314 is an unknown value
RSI=0x00000000e8cc1fb8 is pointing into object: java.lang.reflect.Method 
{0x00000000e8cc1f80} - klass: 'java/lang/reflect/Method'
 - ---- fields (total size 11 words):
 - 'override' 'Z' @12  false
 - volatile 'accessCheckCache' 'Ljava/lang/Object;' @16  NULL (0)
 - private volatile transient 'hasRealParameterData' 'Z' @13  false
 - private volatile transient 'parameters' '[Ljava/lang/reflect/Parameter;' @20  NULL (0)
 - private volatile transient 'declaredAnnotations' 'Ljava/util/Map;' @24  a 'java/util/Collections$EmptyMap'{0x00000000e06cd590} (e06cd590)
 - private 'slot' 'I' @28  33 (21)
 - private synchronized 'modifiers' 'I' @32  1
 - private synchronized 'clazz' 'Ljava/lang/Class;' @36  a 'java/lang/Class'{0x00000000e8cbf678} = 'org/gradle/api/internal/DefaultDomainObjectCollection' (e8cbf678)
 - private 'name' 'Ljava/lang/String;' @40  "whenObjectAdded"{0x00000000e8cc1f30} (e8cc1f30)
 - private 'returnType' 'Ljava/lang/Class;' @44  a 'java/lang/Class'{0x00000000e0658658} = 'org/gradle/api/Action' (e0658658)
 - private 'parameterTypes' '[Ljava/lang/Class;' @48  a 'java/lang/Class'[1] {0x00000000e8cc1fd8} (e8cc1fd8)
 - private 'exceptionTypes' '[Ljava/lang/Class;' @52  a 'java/lang/Class'[0] {0x00000000e072de58} (e072de58)
 - private transient 'signature' 'Ljava/lang/String;' @56  
[error occurred during error reporting (printing register info), id 0xc0000005, EXCEPTION_ACCESS_VIOLATION (0xc0000005) at pc=0x00007ffb58cd6c53]

Top of Stack: (sp=0x0000002e070ff428)
0x0000002e070ff428:   00007ffb58973d4c 0000000000000000
0x0000002e070ff438:   0000000000000001 00000000e8cc1fd8
0x0000002e070ff448:   0000002e070ff5a0 00000000e8cc06dc
0x0000002e070ff458:   00007ffb58972389 0000000000000001
0x0000002e070ff468:   000001cb7f754850 00000000e0765d58
0x0000002e070ff478:   00007ffb5897a162 000001cb1e3fcde0
0x0000002e070ff488:   0000000000000000 0000000000000040
0x0000002e070ff498:   000001cb6504d120 0000002e070ff730
0x0000002e070ff4a8:   000001cb1e3fcc60 00000000e8cc1fb8
0x0000002e070ff4b8:   0000000000000314 00000000e8cc1fb9
0x0000002e070ff4c8:   00007ffb58974c42 00000000ef020000
0x0000002e070ff4d8:   0000000000000001 0000000000000008
0x0000002e070ff4e8:   ef02188000000000 000001cb7dc79480
0x0000002e070ff4f8:   0000000000000003 00000000000000c0
0x0000002e070ff508:   0000002e070ff730 00000000e1290400
0x0000002e070ff518:   00007ffb5897190e 00000000e1282400 

Instructions: (pc=0x00007ffb5881d921)
0x00007ffb5881d821:   48 8d 54 24 20 48 8b cf 0f 29 44 24 20 ff 50 40
0x00007ffb5881d831:   33 c0 48 89 44 24 20 48 89 44 24 28 0f 28 44 24
0x00007ffb5881d841:   20 0f 11 83 f8 02 00 00 48 8b 5c 24 40 48 83 c4
0x00007ffb5881d851:   30 5f c3 cc cc cc cc cc cc cc cc cc cc cc cc 48
0x00007ffb5881d861:   8b 49 40 48 8b 01 48 ff 60 28 cc cc cc cc cc 80
0x00007ffb5881d871:   3d e1 b6 95 00 00 48 8b c1 74 1b 8b 51 08 8b 0d
0x00007ffb5881d881:   43 3a 8f 00 48 d3 e2 48 8b c8 48 03 15 2e 3a 8f
0x00007ffb5881d891:   00 e9 19 00 00 00 48 8b 51 08 48 8b c8 e9 0d 00
0x00007ffb5881d8a1:   00 00 cc cc cc cc cc cc cc cc cc cc cc cc cc 4c
0x00007ffb5881d8b1:   8b ca 48 8b d1 45 8b 41 08 45 85 c0 7e 0e 41 f6
0x00007ffb5881d8c1:   c0 01 75 56 41 c1 f8 03 41 8b c0 c3 79 4c 80 3d
0x00007ffb5881d8d1:   82 b6 95 00 00 b8 0c 00 00 00 b9 10 00 00 00 0f
0x00007ffb5881d8e1:   45 c8 8b 05 fb 48 8f 00 ff c8 4c 63 c8 48 63 14
0x00007ffb5881d8f1:   11 41 8b c8 83 e1 3f 48 d3 e2 41 8b c8 48 c1 f9
0x00007ffb5881d901:   10 0f b6 c1 49 8d 0c 11 49 f7 d1 48 03 c1 49 c1
0x00007ffb5881d911:   e9 03 48 c1 e8 03 41 23 c1 c3 49 8b 01 49 8b c9
0x00007ffb5881d921:   48 ff a0 00 01 00 00 cc cc cc cc cc cc cc cc 48
0x00007ffb5881d931:   83 ec 38 0f 10 02 48 8b 49 40 48 8d 54 24 20 0f
0x00007ffb5881d941:   29 44 24 20 e8 86 f2 ff ff 48 83 c4 38 c3 cc 48
0x00007ffb5881d951:   83 ec 38 0f 10 02 48 8b 01 48 8d 54 24 20 0f 29
0x00007ffb5881d961:   44 24 20 ff 50 38 48 83 c4 38 c3 cc cc cc cc 48
0x00007ffb5881d971:   89 5c 24 08 55 56 57 41 54 41 55 41 56 41 57 48
0x00007ffb5881d981:   8d 6c 24 e0 48 81 ec 20 01 00 00 48 8b 05 35 38
0x00007ffb5881d991:   92 00 48 33 c4 48 89 45 10 48 8b 05 af ac 94 00
0x00007ffb5881d9a1:   45 33 ed 4c 8b b5 80 00 00 00 4c 8b fa 48 8b bd
0x00007ffb5881d9b1:   88 00 00 00 4d 8b c6 49 8b d6 49 8b f1 48 8b 48
0x00007ffb5881d9c1:   40 48 8b 59 40 49 8b cf c7 45 c0 ff ff ff ff 44
0x00007ffb5881d9d1:   89 6d d4 4c 89 6d d8 44 88 6d e0 c7 45 e8 ff ff
0x00007ffb5881d9e1:   ff ff 44 89 6d fc 4c 89 6d 00 44 88 6d 08 e8 7c
0x00007ffb5881d9f1:   13 f4 ff 41 b1 01 4c 8d 45 e8 41 8d 55 04 49 8b
0x00007ffb5881da01:   cf e8 09 28 f2 ff 48 8b 05 12 a0 7a 00 4c 8d 25
0x00007ffb5881da11:   cb 95 69 00 48 89 44 24 30 4c 8d 44 24 70 0f b6 


Stack slot to memory mapping:
stack at sp + 0 slots: 0x00007ffb58973d4c jvm.dll
stack at sp + 1 slots: 0x0 is NULL
stack at sp + 2 slots: 0x0000000000000001 is an unknown value
stack at sp + 3 slots: 0x00000000e8cc1fd8 is an oop: [Ljava.lang.Class; 
{0x00000000e8cc1fd8} - klass: 'java/lang/Class'[]
 - length: 1
stack at sp + 4 slots: 0x0000002e070ff5a0 points into unknown readable memory: 0x00007ffb58f6fe88 | 88 fe f6 58 fb 7f 00 00
stack at sp + 5 slots: 0x00000000e8cc06dc is pointing into object: [Ljava.lang.reflect.Method; 
{0x00000000e8cc05f8} - klass: 'java/lang/reflect/Method'[]
 - length: 54
stack at sp + 6 slots: 0x00007ffb58972389 jvm.dll
stack at sp + 7 slots: 0x0000000000000001 is an unknown value


---------------  P R O C E S S  ---------------

Threads class SMR info:
_java_thread_list=0x000001cb1ee22890, length=37, elements={
0x000001cb6504d420, 0x000001cb7f8af310, 0x000001cb7f8b00a0, 0x000001cb7f8c3790,
0x000001cb7f8c4260, 0x000001cb7f8c6b40, 0x000001cb7f8c7410, 0x000001cb7f8c80c0,
0x000001cb7f8c8a80, 0x000001cb7f9282d0, 0x000001cb7faa1910, 0x000001cb7fbe6080,
0x000001cb1c81d420, 0x000001cb1cf00bf0, 0x000001cb1b0b30a0, 0x000001cb1bda0540,
0x000001cb1bda0a20, 0x000001cb1b0b10e0, 0x000001cb1b0b15f0, 0x000001cb1b0b1b00,
0x000001cb1b0b2010, 0x000001cb1b0b2520, 0x000001cb7fb01a70, 0x000001cb7fb07fb0,
0x000001cb7fb01560, 0x000001cb7fb06b70, 0x000001cb7fb04800, 0x000001cb7fb038d0,
0x000001cb7fb01f80, 0x000001cb7fb04d10, 0x000001cb7fb02490, 0x000001cb7fb029a0,
0x000001cb7fb06150, 0x000001cb7fb02eb0, 0x000001cb7fb05730, 0x000001cb7fb07080,
0x000001cb1c4ee030
}

Java Threads: ( => current thread )
  0x000001cb6504d420 JavaThread "main" [_thread_blocked, id=20844, stack(0x0000002e04600000,0x0000002e04700000)]
  0x000001cb7f8af310 JavaThread "Reference Handler" daemon [_thread_blocked, id=21336, stack(0x0000002e04d00000,0x0000002e04e00000)]
  0x000001cb7f8b00a0 JavaThread "Finalizer" daemon [_thread_blocked, id=14000, stack(0x0000002e04e00000,0x0000002e04f00000)]
  0x000001cb7f8c3790 JavaThread "Signal Dispatcher" daemon [_thread_blocked, id=16660, stack(0x0000002e04f00000,0x0000002e05000000)]
  0x000001cb7f8c4260 JavaThread "Attach Listener" daemon [_thread_blocked, id=21728, stack(0x0000002e05000000,0x0000002e05100000)]
  0x000001cb7f8c6b40 JavaThread "Service Thread" daemon [_thread_blocked, id=3876, stack(0x0000002e05100000,0x0000002e05200000)]
  0x000001cb7f8c7410 JavaThread "Monitor Deflation Thread" daemon [_thread_blocked, id=22584, stack(0x0000002e05200000,0x0000002e05300000)]
  0x000001cb7f8c80c0 JavaThread "C2 CompilerThread0" daemon [_thread_blocked, id=7160, stack(0x0000002e05300000,0x0000002e05400000)]
  0x000001cb7f8c8a80 JavaThread "C1 CompilerThread0" daemon [_thread_blocked, id=3732, stack(0x0000002e05400000,0x0000002e05500000)]
  0x000001cb7f9282d0 JavaThread "Sweeper thread" daemon [_thread_blocked, id=20540, stack(0x0000002e05500000,0x0000002e05600000)]
  0x000001cb7faa1910 JavaThread "Common-Cleaner" daemon [_thread_blocked, id=19220, stack(0x0000002e05600000,0x0000002e05700000)]
  0x000001cb7fbe6080 JavaThread "Notification Thread" daemon [_thread_blocked, id=10592, stack(0x0000002e05700000,0x0000002e05800000)]
  0x000001cb1c81d420 JavaThread "Daemon health stats" [_thread_blocked, id=18492, stack(0x0000002e05900000,0x0000002e05a00000)]
  0x000001cb1cf00bf0 JavaThread "Incoming local TCP Connector on port 56256" [_thread_in_native, id=15864, stack(0x0000002e05f00000,0x0000002e06000000)]
  0x000001cb1b0b30a0 JavaThread "Daemon periodic checks" [_thread_blocked, id=21952, stack(0x0000002e06100000,0x0000002e06200000)]
  0x000001cb1bda0540 JavaThread "Daemon" [_thread_blocked, id=5104, stack(0x0000002e06200000,0x0000002e06300000)]
  0x000001cb1bda0a20 JavaThread "Handler for socket connection from /127.0.0.1:56256 to /127.0.0.1:56257" [_thread_in_native, id=22568, stack(0x0000002e06300000,0x0000002e06400000)]
  0x000001cb1b0b10e0 JavaThread "Cancel handler" [_thread_blocked, id=19264, stack(0x0000002e06000000,0x0000002e06100000)]
  0x000001cb1b0b15f0 JavaThread "Daemon worker" [_thread_blocked, id=3128, stack(0x0000002e06400000,0x0000002e06500000)]
  0x000001cb1b0b1b00 JavaThread "Asynchronous log dispatcher for DefaultDaemonConnection: socket connection from /127.0.0.1:56256 to /127.0.0.1:56257" [_thread_blocked, id=10472, stack(0x0000002e06500000,0x0000002e06600000)]
  0x000001cb1b0b2010 JavaThread "Stdin handler" [_thread_blocked, id=18856, stack(0x0000002e06600000,0x0000002e06700000)]
  0x000001cb1b0b2520 JavaThread "Daemon client event forwarder" [_thread_blocked, id=17420, stack(0x0000002e06700000,0x0000002e06800000)]
  0x000001cb7fb01a70 JavaThread "Cache worker for journal cache (C:\Users\manht\.gradle\caches\journal-1)" [_thread_blocked, id=5024, stack(0x0000002e06800000,0x0000002e06900000)]
  0x000001cb7fb07fb0 JavaThread "File lock request listener" [_thread_in_native, id=19928, stack(0x0000002e06900000,0x0000002e06a00000)]
  0x000001cb7fb01560 JavaThread "Cache worker for file hash cache (C:\Users\manht\.gradle\caches\8.7\fileHashes)" [_thread_blocked, id=19892, stack(0x0000002e06a00000,0x0000002e06b00000)]
  0x000001cb7fb06b70 JavaThread "File lock release action executor" [_thread_blocked, id=9888, stack(0x0000002e06d00000,0x0000002e06e00000)]
  0x000001cb7fb04800 JavaThread "Cache worker for file hash cache (D:\Minh\ecommerce\.gradle\8.7\fileHashes)" [_thread_blocked, id=18208, stack(0x0000002e06e00000,0x0000002e06f00000)]
  0x000001cb7fb038d0 JavaThread "File watcher server" daemon [_thread_in_native, id=17272, stack(0x0000002e07100000,0x0000002e07200000)]
  0x000001cb7fb01f80 JavaThread "File watcher consumer" daemon [_thread_blocked, id=22828, stack(0x0000002e07200000,0x0000002e07300000)]
  0x000001cb7fb04d10 JavaThread "Cache worker for checksums cache (D:\Minh\ecommerce\.gradle\8.7\checksums)" [_thread_blocked, id=22980, stack(0x0000002e06b00000,0x0000002e06c00000)]
  0x000001cb7fb02490 JavaThread "Cache worker for cache directory md-supplier (C:\Users\manht\.gradle\caches\8.7\md-supplier)" [_thread_blocked, id=19596, stack(0x0000002e06c00000,0x0000002e06d00000)]
  0x000001cb7fb029a0 JavaThread "Cache worker for cache directory md-rule (C:\Users\manht\.gradle\caches\8.7\md-rule)" [_thread_blocked, id=22760, stack(0x0000002e07400000,0x0000002e07500000)]
  0x000001cb7fb06150 JavaThread "Cache worker for file content cache (C:\Users\manht\.gradle\caches\8.7\fileContent)" [_thread_blocked, id=17308, stack(0x0000002e07600000,0x0000002e07700000)]
  0x000001cb7fb02eb0 JavaThread "jar transforms" [_thread_blocked, id=21500, stack(0x0000002e07500000,0x0000002e07600000)]
  0x000001cb7fb05730 JavaThread "jar transforms Thread 2" [_thread_blocked, id=4004, stack(0x0000002e07900000,0x0000002e07a00000)]
  0x000001cb7fb07080 JavaThread "jar transforms Thread 3" [_thread_blocked, id=17364, stack(0x0000002e07800000,0x0000002e07900000)]
  0x000001cb1c4ee030 JavaThread "C2 CompilerThread1" daemon [_thread_blocked, id=17704, stack(0x0000002e07700000,0x0000002e07800000)]

Other Threads:
  0x000001cb7f8a8b30 VMThread "VM Thread" [stack: 0x0000002e04c00000,0x0000002e04d00000] [id=22368]
  0x000001cb7fbe6560 WatcherThread [stack: 0x0000002e05800000,0x0000002e05900000] [id=22824]
  0x000001cb6507aea0 GCTaskThread "GC Thread#0" [stack: 0x0000002e04700000,0x0000002e04800000] [id=10928]
  0x000001cb1baec9b0 GCTaskThread "GC Thread#1" [stack: 0x0000002e05a00000,0x0000002e05b00000] [id=928]
  0x000001cb1baecc70 GCTaskThread "GC Thread#2" [stack: 0x0000002e05b00000,0x0000002e05c00000] [id=5336]
  0x000001cb1baec6f0 GCTaskThread "GC Thread#3" [stack: 0x0000002e05c00000,0x0000002e05d00000] [id=13284]
  0x000001cb1baeb930 GCTaskThread "GC Thread#4" [stack: 0x0000002e05d00000,0x0000002e05e00000] [id=17996]
  0x000001cb1baeb0f0 GCTaskThread "GC Thread#5" [stack: 0x0000002e05e00000,0x0000002e05f00000] [id=22948]
  0x000001cb1baeb670 GCTaskThread "GC Thread#6" [stack: 0x0000002e06f00000,0x0000002e07000000] [id=12776]
=>0x000001cb1baebeb0 GCTaskThread "GC Thread#7" [stack: 0x0000002e07000000,0x0000002e07100000] [id=21388]
  0x000001cb6507bcd0 ConcurrentGCThread "G1 Main Marker" [stack: 0x0000002e04800000,0x0000002e04900000] [id=14976]
  0x000001cb6507c5f0 ConcurrentGCThread "G1 Conc#0" [stack: 0x0000002e04900000,0x0000002e04a00000] [id=23292]
  0x000001cb1baec170 ConcurrentGCThread "G1 Conc#1" [stack: 0x0000002e07300000,0x0000002e07400000] [id=21940]
  0x000001cb7f76a0f0 ConcurrentGCThread "G1 Refine#0" [stack: 0x0000002e04a00000,0x0000002e04b00000] [id=12468]
  0x000001cb7f76ab70 ConcurrentGCThread "G1 Service" [stack: 0x0000002e04b00000,0x0000002e04c00000] [id=20824]

Threads with active compile tasks:
C2 CompilerThread0    20504 4067       4       org.codehaus.groovy.reflection.CachedMethod::compareToCachedMethod (160 bytes)

VM state: at safepoint (normal execution)

VM Mutex/Monitor currently owned by a thread:  ([mutex/lock_event])
[0x000001cb65047550] Threads_lock - owner thread: 0x000001cb7f8a8b30
[0x000001cb65047790] Heap_lock - owner thread: 0x000001cb1b0b15f0

Heap address: 0x00000000e0000000, size: 512 MB, Compressed Oops mode: 32-bit

CDS archive(s) mapped at: [0x000001cb02000000-0x000001cb02bd0000-0x000001cb02bd0000), size 12386304, SharedBaseAddress: 0x000001cb02000000, ArchiveRelocationMode: 1.
Compressed class space mapped at: 0x000001cb03000000-0x000001cb17000000, reserved size: 335544320
Narrow klass base: 0x000001cb02000000, Narrow klass shift: 0, Narrow klass range: 0x100000000

GC Precious Log:
 CPUs: 8 total, 8 available
 Memory: 32613M
 Large Page Support: Disabled
 NUMA Support: Disabled
 Compressed Oops: Enabled (32-bit)
 Heap Region Size: 1M
 Heap Min Capacity: 256M
 Heap Initial Capacity: 256M
 Heap Max Capacity: 512M
 Pre-touch: Disabled
 Parallel Workers: 8
 Concurrent Workers: 2
 Concurrent Refinement Workers: 8
 Periodic GC: Disabled

Heap:
 garbage-first heap   total 262144K, used 144221K [0x00000000e0000000, 0x0000000100000000)
  region size 1024K, 122 young (124928K), 9 survivors (9216K)
 Metaspace       used 35735K, committed 36096K, reserved 393216K
  class space    used 4989K, committed 5184K, reserved 327680K

Heap Regions: E=young(eden), S=young(survivor), O=old, HS=humongous(starts), HC=humongous(continues), CS=collection set, F=free, OA=open archive, CA=closed archive, TAMS=top-at-mark-start (previous, next)
|   0|0x00000000e0000000, 0x00000000e0100000, 0x00000000e0100000|100%|HS|  |TAMS 0x00000000e0100000, 0x00000000e0000000| Complete 
|   1|0x00000000e0100000, 0x00000000e0200000, 0x00000000e0200000|100%|HC|  |TAMS 0x00000000e0200000, 0x00000000e0100000| Complete 
|   2|0x00000000e0200000, 0x00000000e0300000, 0x00000000e0300000|100%|HC|  |TAMS 0x00000000e0300000, 0x00000000e0200000| Complete 
|   3|0x00000000e0300000, 0x00000000e0400000, 0x00000000e0400000|100%|HC|  |TAMS 0x00000000e0400000, 0x00000000e0300000| Complete 
|   4|0x00000000e0400000, 0x00000000e0500000, 0x00000000e0500000|100%| O|  |TAMS 0x00000000e0500000, 0x00000000e0400000| Untracked 
|   5|0x00000000e0500000, 0x00000000e0600000, 0x00000000e0600000|100%| O|  |TAMS 0x00000000e0600000, 0x00000000e0500000| Untracked 
|   6|0x00000000e0600000, 0x00000000e0700000, 0x00000000e0700000|100%| O|  |TAMS 0x00000000e0700000, 0x00000000e0600000| Untracked 
|   7|0x00000000e0700000, 0x00000000e0800000, 0x00000000e0800000|100%| O|  |TAMS 0x00000000e0800000, 0x00000000e0700000| Untracked 
|   8|0x00000000e0800000, 0x00000000e0900000, 0x00000000e0900000|100%| O|  |TAMS 0x00000000e0900000, 0x00000000e0800000| Untracked 
|   9|0x00000000e0900000, 0x00000000e0a00000, 0x00000000e0a00000|100%| O|  |TAMS 0x00000000e0a00000, 0x00000000e0900000| Complete 
|  10|0x00000000e0a00000, 0x00000000e0b00000, 0x00000000e0b00000|100%| O|  |TAMS 0x00000000e0a95a00, 0x00000000e0a00000| Untracked 
|  11|0x00000000e0b00000, 0x00000000e0c00000, 0x00000000e0c00000|100%| O|  |TAMS 0x00000000e0b00000, 0x00000000e0b00000| Untracked 
|  12|0x00000000e0c00000, 0x00000000e0d00000, 0x00000000e0d00000|100%| O|  |TAMS 0x00000000e0c00000, 0x00000000e0c00000| Untracked 
|  13|0x00000000e0d00000, 0x00000000e0e00000, 0x00000000e0e00000|100%| O|  |TAMS 0x00000000e0d00000, 0x00000000e0d00000| Untracked 
|  14|0x00000000e0e00000, 0x00000000e0f00000, 0x00000000e0f00000|100%| O|  |TAMS 0x00000000e0e00000, 0x00000000e0e00000| Untracked 
|  15|0x00000000e0f00000, 0x00000000e1000000, 0x00000000e1000000|100%| O|  |TAMS 0x00000000e0f00000, 0x00000000e0f00000| Untracked 
|  16|0x00000000e1000000, 0x00000000e1100000, 0x00000000e1100000|100%| O|  |TAMS 0x00000000e1000000, 0x00000000e1000000| Untracked 
|  17|0x00000000e1100000, 0x00000000e1200000, 0x00000000e1200000|100%| O|  |TAMS 0x00000000e1100000, 0x00000000e1100000| Untracked 
|  18|0x00000000e1200000, 0x00000000e1300000, 0x00000000e1300000|100%| O|  |TAMS 0x00000000e1200000, 0x00000000e1200000| Untracked 
|  19|0x00000000e1300000, 0x00000000e1400000, 0x00000000e1400000|100%| O|  |TAMS 0x00000000e1300000, 0x00000000e1300000| Untracked 
|  20|0x00000000e1400000, 0x00000000e1500000, 0x00000000e1500000|100%| O|  |TAMS 0x00000000e1400000, 0x00000000e1400000| Untracked 
|  21|0x00000000e1500000, 0x00000000e15fa600, 0x00000000e1600000| 97%| O|  |TAMS 0x00000000e1500000, 0x00000000e1500000| Untracked 
|  22|0x00000000e1600000, 0x00000000e1700000, 0x00000000e1700000|100%|HS|  |TAMS 0x00000000e1600000, 0x00000000e1600000| Complete 
|  23|0x00000000e1700000, 0x00000000e1800000, 0x00000000e1800000|100%|HS|  |TAMS 0x00000000e1700000, 0x00000000e1700000| Complete 
|  24|0x00000000e1800000, 0x00000000e1900000, 0x00000000e1900000|100%|HC|  |TAMS 0x00000000e1800000, 0x00000000e1800000| Complete 
|  25|0x00000000e1900000, 0x00000000e1a00000, 0x00000000e1a00000|100%|HS|  |TAMS 0x00000000e1900000, 0x00000000e1900000| Complete 
|  26|0x00000000e1a00000, 0x00000000e1b00000, 0x00000000e1b00000|100%|HC|  |TAMS 0x00000000e1a00000, 0x00000000e1a00000| Complete 
|  27|0x00000000e1b00000, 0x00000000e1b00000, 0x00000000e1c00000|  0%| F|  |TAMS 0x00000000e1b00000, 0x00000000e1b00000| Untracked 
|  28|0x00000000e1c00000, 0x00000000e1c00000, 0x00000000e1d00000|  0%| F|  |TAMS 0x00000000e1c00000, 0x00000000e1c00000| Untracked 
|  29|0x00000000e1d00000, 0x00000000e1d00000, 0x00000000e1e00000|  0%| F|  |TAMS 0x00000000e1d00000, 0x00000000e1d00000| Untracked 
|  30|0x00000000e1e00000, 0x00000000e1e00000, 0x00000000e1f00000|  0%| F|  |TAMS 0x00000000e1e00000, 0x00000000e1e00000| Untracked 
|  31|0x00000000e1f00000, 0x00000000e1f00000, 0x00000000e2000000|  0%| F|  |TAMS 0x00000000e1f00000, 0x00000000e1f00000| Untracked 
|  32|0x00000000e2000000, 0x00000000e2000000, 0x00000000e2100000|  0%| F|  |TAMS 0x00000000e2000000, 0x00000000e2000000| Untracked 
|  33|0x00000000e2100000, 0x00000000e2100000, 0x00000000e2200000|  0%| F|  |TAMS 0x00000000e2100000, 0x00000000e2100000| Untracked 
|  34|0x00000000e2200000, 0x00000000e2200000, 0x00000000e2300000|  0%| F|  |TAMS 0x00000000e2200000, 0x00000000e2200000| Untracked 
|  35|0x00000000e2300000, 0x00000000e2300000, 0x00000000e2400000|  0%| F|  |TAMS 0x00000000e2300000, 0x00000000e2300000| Untracked 
|  36|0x00000000e2400000, 0x00000000e2400000, 0x00000000e2500000|  0%| F|  |TAMS 0x00000000e2400000, 0x00000000e2400000| Untracked 
|  37|0x00000000e2500000, 0x00000000e2500000, 0x00000000e2600000|  0%| F|  |TAMS 0x00000000e2500000, 0x00000000e2500000| Untracked 
|  38|0x00000000e2600000, 0x00000000e2600000, 0x00000000e2700000|  0%| F|  |TAMS 0x00000000e2600000, 0x00000000e2600000| Untracked 
|  39|0x00000000e2700000, 0x00000000e2700000, 0x00000000e2800000|  0%| F|  |TAMS 0x00000000e2700000, 0x00000000e2700000| Untracked 
|  40|0x00000000e2800000, 0x00000000e2800000, 0x00000000e2900000|  0%| F|  |TAMS 0x00000000e2800000, 0x00000000e2800000| Untracked 
|  41|0x00000000e2900000, 0x00000000e2900000, 0x00000000e2a00000|  0%| F|  |TAMS 0x00000000e2900000, 0x00000000e2900000| Untracked 
|  42|0x00000000e2a00000, 0x00000000e2a00000, 0x00000000e2b00000|  0%| F|  |TAMS 0x00000000e2a00000, 0x00000000e2a00000| Untracked 
|  43|0x00000000e2b00000, 0x00000000e2b00000, 0x00000000e2c00000|  0%| F|  |TAMS 0x00000000e2b00000, 0x00000000e2b00000| Untracked 
|  44|0x00000000e2c00000, 0x00000000e2c00000, 0x00000000e2d00000|  0%| F|  |TAMS 0x00000000e2c00000, 0x00000000e2c00000| Untracked 
|  45|0x00000000e2d00000, 0x00000000e2d00000, 0x00000000e2e00000|  0%| F|  |TAMS 0x00000000e2d00000, 0x00000000e2d00000| Untracked 
|  46|0x00000000e2e00000, 0x00000000e2e00000, 0x00000000e2f00000|  0%| F|  |TAMS 0x00000000e2e00000, 0x00000000e2e00000| Untracked 
|  47|0x00000000e2f00000, 0x00000000e2f00000, 0x00000000e3000000|  0%| F|  |TAMS 0x00000000e2f00000, 0x00000000e2f00000| Untracked 
|  48|0x00000000e3000000, 0x00000000e3000000, 0x00000000e3100000|  0%| F|  |TAMS 0x00000000e3000000, 0x00000000e3000000| Untracked 
|  49|0x00000000e3100000, 0x00000000e3100000, 0x00000000e3200000|  0%| F|  |TAMS 0x00000000e3100000, 0x00000000e3100000| Untracked 
|  50|0x00000000e3200000, 0x00000000e3200000, 0x00000000e3300000|  0%| F|  |TAMS 0x00000000e3200000, 0x00000000e3200000| Untracked 
|  51|0x00000000e3300000, 0x00000000e3300000, 0x00000000e3400000|  0%| F|  |TAMS 0x00000000e3300000, 0x00000000e3300000| Untracked 
|  52|0x00000000e3400000, 0x00000000e3400000, 0x00000000e3500000|  0%| F|  |TAMS 0x00000000e3400000, 0x00000000e3400000| Untracked 
|  53|0x00000000e3500000, 0x00000000e3500000, 0x00000000e3600000|  0%| F|  |TAMS 0x00000000e3500000, 0x00000000e3500000| Untracked 
|  54|0x00000000e3600000, 0x00000000e3600000, 0x00000000e3700000|  0%| F|  |TAMS 0x00000000e3600000, 0x00000000e3600000| Untracked 
|  55|0x00000000e3700000, 0x00000000e3700000, 0x00000000e3800000|  0%| F|  |TAMS 0x00000000e3700000, 0x00000000e3700000| Untracked 
|  56|0x00000000e3800000, 0x00000000e3800000, 0x00000000e3900000|  0%| F|  |TAMS 0x00000000e3800000, 0x00000000e3800000| Untracked 
|  57|0x00000000e3900000, 0x00000000e3900000, 0x00000000e3a00000|  0%| F|  |TAMS 0x00000000e3900000, 0x00000000e3900000| Untracked 
|  58|0x00000000e3a00000, 0x00000000e3a00000, 0x00000000e3b00000|  0%| F|  |TAMS 0x00000000e3a00000, 0x00000000e3a00000| Untracked 
|  59|0x00000000e3b00000, 0x00000000e3b00000, 0x00000000e3c00000|  0%| F|  |TAMS 0x00000000e3b00000, 0x00000000e3b00000| Untracked 
|  60|0x00000000e3c00000, 0x00000000e3c00000, 0x00000000e3d00000|  0%| F|  |TAMS 0x00000000e3c00000, 0x00000000e3c00000| Untracked 
|  61|0x00000000e3d00000, 0x00000000e3d00000, 0x00000000e3e00000|  0%| F|  |TAMS 0x00000000e3d00000, 0x00000000e3d00000| Untracked 
|  62|0x00000000e3e00000, 0x00000000e3e00000, 0x00000000e3f00000|  0%| F|  |TAMS 0x00000000e3e00000, 0x00000000e3e00000| Untracked 
|  63|0x00000000e3f00000, 0x00000000e3f00000, 0x00000000e4000000|  0%| F|  |TAMS 0x00000000e3f00000, 0x00000000e3f00000| Untracked 
|  64|0x00000000e4000000, 0x00000000e4000000, 0x00000000e4100000|  0%| F|  |TAMS 0x00000000e4000000, 0x00000000e4000000| Untracked 
|  65|0x00000000e4100000, 0x00000000e4100000, 0x00000000e4200000|  0%| F|  |TAMS 0x00000000e4100000, 0x00000000e4100000| Untracked 
|  66|0x00000000e4200000, 0x00000000e4200000, 0x00000000e4300000|  0%| F|  |TAMS 0x00000000e4200000, 0x00000000e4200000| Untracked 
|  67|0x00000000e4300000, 0x00000000e4300000, 0x00000000e4400000|  0%| F|  |TAMS 0x00000000e4300000, 0x00000000e4300000| Untracked 
|  68|0x00000000e4400000, 0x00000000e4400000, 0x00000000e4500000|  0%| F|  |TAMS 0x00000000e4400000, 0x00000000e4400000| Untracked 
|  69|0x00000000e4500000, 0x00000000e4500000, 0x00000000e4600000|  0%| F|  |TAMS 0x00000000e4500000, 0x00000000e4500000| Untracked 
|  70|0x00000000e4600000, 0x00000000e4600000, 0x00000000e4700000|  0%| F|  |TAMS 0x00000000e4600000, 0x00000000e4600000| Untracked 
|  71|0x00000000e4700000, 0x00000000e4700000, 0x00000000e4800000|  0%| F|  |TAMS 0x00000000e4700000, 0x00000000e4700000| Untracked 
|  72|0x00000000e4800000, 0x00000000e4800000, 0x00000000e4900000|  0%| F|  |TAMS 0x00000000e4800000, 0x00000000e4800000| Untracked 
|  73|0x00000000e4900000, 0x00000000e4900000, 0x00000000e4a00000|  0%| F|  |TAMS 0x00000000e4900000, 0x00000000e4900000| Untracked 
|  74|0x00000000e4a00000, 0x00000000e4a00000, 0x00000000e4b00000|  0%| F|  |TAMS 0x00000000e4a00000, 0x00000000e4a00000| Untracked 
|  75|0x00000000e4b00000, 0x00000000e4b00000, 0x00000000e4c00000|  0%| F|  |TAMS 0x00000000e4b00000, 0x00000000e4b00000| Untracked 
|  76|0x00000000e4c00000, 0x00000000e4c00000, 0x00000000e4d00000|  0%| F|  |TAMS 0x00000000e4c00000, 0x00000000e4c00000| Untracked 
|  77|0x00000000e4d00000, 0x00000000e4d00000, 0x00000000e4e00000|  0%| F|  |TAMS 0x00000000e4d00000, 0x00000000e4d00000| Untracked 
|  78|0x00000000e4e00000, 0x00000000e4e00000, 0x00000000e4f00000|  0%| F|  |TAMS 0x00000000e4e00000, 0x00000000e4e00000| Untracked 
|  79|0x00000000e4f00000, 0x00000000e4f00000, 0x00000000e5000000|  0%| F|  |TAMS 0x00000000e4f00000, 0x00000000e4f00000| Untracked 
|  80|0x00000000e5000000, 0x00000000e5000000, 0x00000000e5100000|  0%| F|  |TAMS 0x00000000e5000000, 0x00000000e5000000| Untracked 
|  81|0x00000000e5100000, 0x00000000e5100000, 0x00000000e5200000|  0%| F|  |TAMS 0x00000000e5100000, 0x00000000e5100000| Untracked 
|  82|0x00000000e5200000, 0x00000000e5200000, 0x00000000e5300000|  0%| F|  |TAMS 0x00000000e5200000, 0x00000000e5200000| Untracked 
|  83|0x00000000e5300000, 0x00000000e5300000, 0x00000000e5400000|  0%| F|  |TAMS 0x00000000e5300000, 0x00000000e5300000| Untracked 
|  84|0x00000000e5400000, 0x00000000e5400000, 0x00000000e5500000|  0%| F|  |TAMS 0x00000000e5400000, 0x00000000e5400000| Untracked 
|  85|0x00000000e5500000, 0x00000000e5500000, 0x00000000e5600000|  0%| F|  |TAMS 0x00000000e5500000, 0x00000000e5500000| Untracked 
|  86|0x00000000e5600000, 0x00000000e5600000, 0x00000000e5700000|  0%| F|  |TAMS 0x00000000e5600000, 0x00000000e5600000| Untracked 
|  87|0x00000000e5700000, 0x00000000e5700000, 0x00000000e5800000|  0%| F|  |TAMS 0x00000000e5700000, 0x00000000e5700000| Untracked 
|  88|0x00000000e5800000, 0x00000000e5800000, 0x00000000e5900000|  0%| F|  |TAMS 0x00000000e5800000, 0x00000000e5800000| Untracked 
|  89|0x00000000e5900000, 0x00000000e5900000, 0x00000000e5a00000|  0%| F|  |TAMS 0x00000000e5900000, 0x00000000e5900000| Untracked 
|  90|0x00000000e5a00000, 0x00000000e5a00000, 0x00000000e5b00000|  0%| F|  |TAMS 0x00000000e5a00000, 0x00000000e5a00000| Untracked 
|  91|0x00000000e5b00000, 0x00000000e5b00000, 0x00000000e5c00000|  0%| F|  |TAMS 0x00000000e5b00000, 0x00000000e5b00000| Untracked 
|  92|0x00000000e5c00000, 0x00000000e5c00000, 0x00000000e5d00000|  0%| F|  |TAMS 0x00000000e5c00000, 0x00000000e5c00000| Untracked 
|  93|0x00000000e5d00000, 0x00000000e5d00000, 0x00000000e5e00000|  0%| F|  |TAMS 0x00000000e5d00000, 0x00000000e5d00000| Untracked 
|  94|0x00000000e5e00000, 0x00000000e5e00000, 0x00000000e5f00000|  0%| F|  |TAMS 0x00000000e5e00000, 0x00000000e5e00000| Untracked 
|  95|0x00000000e5f00000, 0x00000000e5f00000, 0x00000000e6000000|  0%| F|  |TAMS 0x00000000e5f00000, 0x00000000e5f00000| Untracked 
|  96|0x00000000e6000000, 0x00000000e6000000, 0x00000000e6100000|  0%| F|  |TAMS 0x00000000e6000000, 0x00000000e6000000| Untracked 
|  97|0x00000000e6100000, 0x00000000e6100000, 0x00000000e6200000|  0%| F|  |TAMS 0x00000000e6100000, 0x00000000e6100000| Untracked 
|  98|0x00000000e6200000, 0x00000000e6200000, 0x00000000e6300000|  0%| F|  |TAMS 0x00000000e6200000, 0x00000000e6200000| Untracked 
|  99|0x00000000e6300000, 0x00000000e6300000, 0x00000000e6400000|  0%| F|  |TAMS 0x00000000e6300000, 0x00000000e6300000| Untracked 
| 100|0x00000000e6400000, 0x00000000e6400000, 0x00000000e6500000|  0%| F|  |TAMS 0x00000000e6400000, 0x00000000e6400000| Untracked 
| 101|0x00000000e6500000, 0x00000000e6500000, 0x00000000e6600000|  0%| F|  |TAMS 0x00000000e6500000, 0x00000000e6500000| Untracked 
| 102|0x00000000e6600000, 0x00000000e6600000, 0x00000000e6700000|  0%| F|  |TAMS 0x00000000e6600000, 0x00000000e6600000| Untracked 
| 103|0x00000000e6700000, 0x00000000e6700000, 0x00000000e6800000|  0%| F|  |TAMS 0x00000000e6700000, 0x00000000e6700000| Untracked 
| 104|0x00000000e6800000, 0x00000000e6800000, 0x00000000e6900000|  0%| F|  |TAMS 0x00000000e6800000, 0x00000000e6800000| Untracked 
| 105|0x00000000e6900000, 0x00000000e6900000, 0x00000000e6a00000|  0%| F|  |TAMS 0x00000000e6900000, 0x00000000e6900000| Untracked 
| 106|0x00000000e6a00000, 0x00000000e6a00000, 0x00000000e6b00000|  0%| F|  |TAMS 0x00000000e6a00000, 0x00000000e6a00000| Untracked 
| 107|0x00000000e6b00000, 0x00000000e6b00000, 0x00000000e6c00000|  0%| F|  |TAMS 0x00000000e6b00000, 0x00000000e6b00000| Untracked 
| 108|0x00000000e6c00000, 0x00000000e6c00000, 0x00000000e6d00000|  0%| F|  |TAMS 0x00000000e6c00000, 0x00000000e6c00000| Untracked 
| 109|0x00000000e6d00000, 0x00000000e6d00000, 0x00000000e6e00000|  0%| F|  |TAMS 0x00000000e6d00000, 0x00000000e6d00000| Untracked 
| 110|0x00000000e6e00000, 0x00000000e6e00000, 0x00000000e6f00000|  0%| F|  |TAMS 0x00000000e6e00000, 0x00000000e6e00000| Untracked 
| 111|0x00000000e6f00000, 0x00000000e6f00000, 0x00000000e7000000|  0%| F|  |TAMS 0x00000000e6f00000, 0x00000000e6f00000| Untracked 
| 112|0x00000000e7000000, 0x00000000e7000000, 0x00000000e7100000|  0%| F|  |TAMS 0x00000000e7000000, 0x00000000e7000000| Untracked 
| 113|0x00000000e7100000, 0x00000000e7100000, 0x00000000e7200000|  0%| F|  |TAMS 0x00000000e7100000, 0x00000000e7100000| Untracked 
| 114|0x00000000e7200000, 0x00000000e7200000, 0x00000000e7300000|  0%| F|  |TAMS 0x00000000e7200000, 0x00000000e7200000| Untracked 
| 115|0x00000000e7300000, 0x00000000e7300000, 0x00000000e7400000|  0%| F|  |TAMS 0x00000000e7300000, 0x00000000e7300000| Untracked 
| 116|0x00000000e7400000, 0x00000000e7400000, 0x00000000e7500000|  0%| F|  |TAMS 0x00000000e7400000, 0x00000000e7400000| Untracked 
| 117|0x00000000e7500000, 0x00000000e7500000, 0x00000000e7600000|  0%| F|  |TAMS 0x00000000e7500000, 0x00000000e7500000| Untracked 
| 118|0x00000000e7600000, 0x00000000e7600000, 0x00000000e7700000|  0%| F|  |TAMS 0x00000000e7600000, 0x00000000e7600000| Untracked 
| 119|0x00000000e7700000, 0x00000000e7700000, 0x00000000e7800000|  0%| F|  |TAMS 0x00000000e7700000, 0x00000000e7700000| Untracked 
| 120|0x00000000e7800000, 0x00000000e7800000, 0x00000000e7900000|  0%| F|  |TAMS 0x00000000e7800000, 0x00000000e7800000| Untracked 
| 121|0x00000000e7900000, 0x00000000e7900000, 0x00000000e7a00000|  0%| F|  |TAMS 0x00000000e7900000, 0x00000000e7900000| Untracked 
| 122|0x00000000e7a00000, 0x00000000e7a00000, 0x00000000e7b00000|  0%| F|  |TAMS 0x00000000e7a00000, 0x00000000e7a00000| Untracked 
| 123|0x00000000e7b00000, 0x00000000e7b00000, 0x00000000e7c00000|  0%| F|  |TAMS 0x00000000e7b00000, 0x00000000e7b00000| Untracked 
| 124|0x00000000e7c00000, 0x00000000e7c00000, 0x00000000e7d00000|  0%| F|  |TAMS 0x00000000e7c00000, 0x00000000e7c00000| Untracked 
| 125|0x00000000e7d00000, 0x00000000e7d00000, 0x00000000e7e00000|  0%| F|  |TAMS 0x00000000e7d00000, 0x00000000e7d00000| Untracked 
| 126|0x00000000e7e00000, 0x00000000e7e00000, 0x00000000e7f00000|  0%| F|  |TAMS 0x00000000e7e00000, 0x00000000e7e00000| Untracked 
| 127|0x00000000e7f00000, 0x00000000e7f00000, 0x00000000e8000000|  0%| F|  |TAMS 0x00000000e7f00000, 0x00000000e7f00000| Untracked 
| 128|0x00000000e8000000, 0x00000000e8000000, 0x00000000e8100000|  0%| F|  |TAMS 0x00000000e8000000, 0x00000000e8000000| Untracked 
| 129|0x00000000e8100000, 0x00000000e8100000, 0x00000000e8200000|  0%| F|  |TAMS 0x00000000e8100000, 0x00000000e8100000| Untracked 
| 130|0x00000000e8200000, 0x00000000e8200000, 0x00000000e8300000|  0%| F|  |TAMS 0x00000000e8200000, 0x00000000e8200000| Untracked 
| 131|0x00000000e8300000, 0x00000000e8300000, 0x00000000e8400000|  0%| F|  |TAMS 0x00000000e8300000, 0x00000000e8300000| Untracked 
| 132|0x00000000e8400000, 0x00000000e840c410, 0x00000000e8500000|  4%| S|  |TAMS 0x00000000e8400000, 0x00000000e8400000| Complete 
| 133|0x00000000e8500000, 0x00000000e8600000, 0x00000000e8600000|100%| S|  |TAMS 0x00000000e8500000, 0x00000000e8500000| Complete 
| 134|0x00000000e8600000, 0x00000000e8700000, 0x00000000e8700000|100%| S|  |TAMS 0x00000000e8600000, 0x00000000e8600000| Complete 
| 135|0x00000000e8700000, 0x00000000e8800000, 0x00000000e8800000|100%| S|  |TAMS 0x00000000e8700000, 0x00000000e8700000| Complete 
| 136|0x00000000e8800000, 0x00000000e8900000, 0x00000000e8900000|100%| S|  |TAMS 0x00000000e8800000, 0x00000000e8800000| Complete 
| 137|0x00000000e8900000, 0x00000000e8a00000, 0x00000000e8a00000|100%| S|  |TAMS 0x00000000e8900000, 0x00000000e8900000| Complete 
| 138|0x00000000e8a00000, 0x00000000e8b00000, 0x00000000e8b00000|100%| S|  |TAMS 0x00000000e8a00000, 0x00000000e8a00000| Complete 
| 139|0x00000000e8b00000, 0x00000000e8c00000, 0x00000000e8c00000|100%| S|  |TAMS 0x00000000e8b00000, 0x00000000e8b00000| Complete 
| 140|0x00000000e8c00000, 0x00000000e8d00000, 0x00000000e8d00000|100%| S|  |TAMS 0x00000000e8c00000, 0x00000000e8c00000| Complete 
| 141|0x00000000e8d00000, 0x00000000e8d80800, 0x00000000e8e00000| 50%| E|CS|TAMS 0x00000000e8d00000, 0x00000000e8d00000| Complete 
| 142|0x00000000e8e00000, 0x00000000e8f00000, 0x00000000e8f00000|100%| E|CS|TAMS 0x00000000e8e00000, 0x00000000e8e00000| Complete 
| 143|0x00000000e8f00000, 0x00000000e9000000, 0x00000000e9000000|100%| E|CS|TAMS 0x00000000e8f00000, 0x00000000e8f00000| Complete 
| 144|0x00000000e9000000, 0x00000000e9100000, 0x00000000e9100000|100%| E|CS|TAMS 0x00000000e9000000, 0x00000000e9000000| Complete 
| 145|0x00000000e9100000, 0x00000000e9200000, 0x00000000e9200000|100%| E|CS|TAMS 0x00000000e9100000, 0x00000000e9100000| Complete 
| 146|0x00000000e9200000, 0x00000000e9300000, 0x00000000e9300000|100%| E|CS|TAMS 0x00000000e9200000, 0x00000000e9200000| Complete 
| 147|0x00000000e9300000, 0x00000000e9400000, 0x00000000e9400000|100%| E|CS|TAMS 0x00000000e9300000, 0x00000000e9300000| Complete 
| 148|0x00000000e9400000, 0x00000000e9500000, 0x00000000e9500000|100%| E|CS|TAMS 0x00000000e9400000, 0x00000000e9400000| Complete 
| 149|0x00000000e9500000, 0x00000000e9600000, 0x00000000e9600000|100%| E|CS|TAMS 0x00000000e9500000, 0x00000000e9500000| Complete 
| 150|0x00000000e9600000, 0x00000000e9700000, 0x00000000e9700000|100%| E|CS|TAMS 0x00000000e9600000, 0x00000000e9600000| Complete 
| 151|0x00000000e9700000, 0x00000000e9800000, 0x00000000e9800000|100%| E|CS|TAMS 0x00000000e9700000, 0x00000000e9700000| Complete 
| 152|0x00000000e9800000, 0x00000000e9900000, 0x00000000e9900000|100%| E|CS|TAMS 0x00000000e9800000, 0x00000000e9800000| Complete 
| 153|0x00000000e9900000, 0x00000000e9a00000, 0x00000000e9a00000|100%| E|CS|TAMS 0x00000000e9900000, 0x00000000e9900000| Complete 
| 154|0x00000000e9a00000, 0x00000000e9b00000, 0x00000000e9b00000|100%| E|CS|TAMS 0x00000000e9a00000, 0x00000000e9a00000| Complete 
| 155|0x00000000e9b00000, 0x00000000e9c00000, 0x00000000e9c00000|100%| E|CS|TAMS 0x00000000e9b00000, 0x00000000e9b00000| Complete 
| 156|0x00000000e9c00000, 0x00000000e9d00000, 0x00000000e9d00000|100%| E|CS|TAMS 0x00000000e9c00000, 0x00000000e9c00000| Complete 
| 157|0x00000000e9d00000, 0x00000000e9e00000, 0x00000000e9e00000|100%| E|CS|TAMS 0x00000000e9d00000, 0x00000000e9d00000| Complete 
| 158|0x00000000e9e00000, 0x00000000e9f00000, 0x00000000e9f00000|100%| E|CS|TAMS 0x00000000e9e00000, 0x00000000e9e00000| Complete 
| 159|0x00000000e9f00000, 0x00000000ea000000, 0x00000000ea000000|100%| E|CS|TAMS 0x00000000e9f00000, 0x00000000e9f00000| Complete 
| 160|0x00000000ea000000, 0x00000000ea100000, 0x00000000ea100000|100%| E|CS|TAMS 0x00000000ea000000, 0x00000000ea000000| Complete 
| 161|0x00000000ea100000, 0x00000000ea200000, 0x00000000ea200000|100%| E|CS|TAMS 0x00000000ea100000, 0x00000000ea100000| Complete 
| 162|0x00000000ea200000, 0x00000000ea300000, 0x00000000ea300000|100%| E|CS|TAMS 0x00000000ea200000, 0x00000000ea200000| Complete 
| 163|0x00000000ea300000, 0x00000000ea400000, 0x00000000ea400000|100%| E|CS|TAMS 0x00000000ea300000, 0x00000000ea300000| Complete 
| 164|0x00000000ea400000, 0x00000000ea500000, 0x00000000ea500000|100%| E|CS|TAMS 0x00000000ea400000, 0x00000000ea400000| Complete 
| 165|0x00000000ea500000, 0x00000000ea600000, 0x00000000ea600000|100%| E|CS|TAMS 0x00000000ea500000, 0x00000000ea500000| Complete 
| 166|0x00000000ea600000, 0x00000000ea700000, 0x00000000ea700000|100%| E|CS|TAMS 0x00000000ea600000, 0x00000000ea600000| Complete 
| 167|0x00000000ea700000, 0x00000000ea800000, 0x00000000ea800000|100%| E|CS|TAMS 0x00000000ea700000, 0x00000000ea700000| Complete 
| 168|0x00000000ea800000, 0x00000000ea900000, 0x00000000ea900000|100%| E|CS|TAMS 0x00000000ea800000, 0x00000000ea800000| Complete 
| 169|0x00000000ea900000, 0x00000000eaa00000, 0x00000000eaa00000|100%| E|CS|TAMS 0x00000000ea900000, 0x00000000ea900000| Complete 
| 170|0x00000000eaa00000, 0x00000000eab00000, 0x00000000eab00000|100%| E|CS|TAMS 0x00000000eaa00000, 0x00000000eaa00000| Complete 
| 171|0x00000000eab00000, 0x00000000eac00000, 0x00000000eac00000|100%| E|CS|TAMS 0x00000000eab00000, 0x00000000eab00000| Complete 
| 172|0x00000000eac00000, 0x00000000ead00000, 0x00000000ead00000|100%| E|CS|TAMS 0x00000000eac00000, 0x00000000eac00000| Complete 
| 173|0x00000000ead00000, 0x00000000eae00000, 0x00000000eae00000|100%| E|CS|TAMS 0x00000000ead00000, 0x00000000ead00000| Complete 
| 174|0x00000000eae00000, 0x00000000eaf00000, 0x00000000eaf00000|100%| E|CS|TAMS 0x00000000eae00000, 0x00000000eae00000| Complete 
| 175|0x00000000eaf00000, 0x00000000eb000000, 0x00000000eb000000|100%| E|CS|TAMS 0x00000000eaf00000, 0x00000000eaf00000| Complete 
| 176|0x00000000eb000000, 0x00000000eb100000, 0x00000000eb100000|100%| E|CS|TAMS 0x00000000eb000000, 0x00000000eb000000| Complete 
| 177|0x00000000eb100000, 0x00000000eb200000, 0x00000000eb200000|100%| E|CS|TAMS 0x00000000eb100000, 0x00000000eb100000| Complete 
| 178|0x00000000eb200000, 0x00000000eb300000, 0x00000000eb300000|100%| E|CS|TAMS 0x00000000eb200000, 0x00000000eb200000| Complete 
| 179|0x00000000eb300000, 0x00000000eb400000, 0x00000000eb400000|100%| E|CS|TAMS 0x00000000eb300000, 0x00000000eb300000| Complete 
| 180|0x00000000eb400000, 0x00000000eb500000, 0x00000000eb500000|100%| E|CS|TAMS 0x00000000eb400000, 0x00000000eb400000| Complete 
| 181|0x00000000eb500000, 0x00000000eb600000, 0x00000000eb600000|100%| E|CS|TAMS 0x00000000eb500000, 0x00000000eb500000| Complete 
| 182|0x00000000eb600000, 0x00000000eb700000, 0x00000000eb700000|100%| E|CS|TAMS 0x00000000eb600000, 0x00000000eb600000| Complete 
| 183|0x00000000eb700000, 0x00000000eb800000, 0x00000000eb800000|100%| E|CS|TAMS 0x00000000eb700000, 0x00000000eb700000| Complete 
| 184|0x00000000eb800000, 0x00000000eb900000, 0x00000000eb900000|100%| E|CS|TAMS 0x00000000eb800000, 0x00000000eb800000| Complete 
| 185|0x00000000eb900000, 0x00000000eba00000, 0x00000000eba00000|100%| E|CS|TAMS 0x00000000eb900000, 0x00000000eb900000| Complete 
| 186|0x00000000eba00000, 0x00000000ebb00000, 0x00000000ebb00000|100%| E|CS|TAMS 0x00000000eba00000, 0x00000000eba00000| Complete 
| 187|0x00000000ebb00000, 0x00000000ebc00000, 0x00000000ebc00000|100%| E|CS|TAMS 0x00000000ebb00000, 0x00000000ebb00000| Complete 
| 188|0x00000000ebc00000, 0x00000000ebd00000, 0x00000000ebd00000|100%| E|CS|TAMS 0x00000000ebc00000, 0x00000000ebc00000| Complete 
| 189|0x00000000ebd00000, 0x00000000ebe00000, 0x00000000ebe00000|100%| E|CS|TAMS 0x00000000ebd00000, 0x00000000ebd00000| Complete 
| 190|0x00000000ebe00000, 0x00000000ebf00000, 0x00000000ebf00000|100%| E|CS|TAMS 0x00000000ebe00000, 0x00000000ebe00000| Complete 
| 191|0x00000000ebf00000, 0x00000000ec000000, 0x00000000ec000000|100%| E|CS|TAMS 0x00000000ebf00000, 0x00000000ebf00000| Complete 
| 192|0x00000000ec000000, 0x00000000ec100000, 0x00000000ec100000|100%| E|CS|TAMS 0x00000000ec000000, 0x00000000ec000000| Complete 
| 193|0x00000000ec100000, 0x00000000ec200000, 0x00000000ec200000|100%| E|CS|TAMS 0x00000000ec100000, 0x00000000ec100000| Complete 
| 194|0x00000000ec200000, 0x00000000ec300000, 0x00000000ec300000|100%| E|CS|TAMS 0x00000000ec200000, 0x00000000ec200000| Complete 
| 195|0x00000000ec300000, 0x00000000ec400000, 0x00000000ec400000|100%| E|CS|TAMS 0x00000000ec300000, 0x00000000ec300000| Complete 
| 196|0x00000000ec400000, 0x00000000ec500000, 0x00000000ec500000|100%| E|CS|TAMS 0x00000000ec400000, 0x00000000ec400000| Complete 
| 197|0x00000000ec500000, 0x00000000ec600000, 0x00000000ec600000|100%| E|CS|TAMS 0x00000000ec500000, 0x00000000ec500000| Complete 
| 198|0x00000000ec600000, 0x00000000ec700000, 0x00000000ec700000|100%| E|CS|TAMS 0x00000000ec600000, 0x00000000ec600000| Complete 
| 199|0x00000000ec700000, 0x00000000ec800000, 0x00000000ec800000|100%| E|CS|TAMS 0x00000000ec700000, 0x00000000ec700000| Complete 
| 200|0x00000000ec800000, 0x00000000ec900000, 0x00000000ec900000|100%| E|CS|TAMS 0x00000000ec800000, 0x00000000ec800000| Complete 
| 201|0x00000000ec900000, 0x00000000eca00000, 0x00000000eca00000|100%| E|CS|TAMS 0x00000000ec900000, 0x00000000ec900000| Complete 
| 202|0x00000000eca00000, 0x00000000ecb00000, 0x00000000ecb00000|100%| E|CS|TAMS 0x00000000eca00000, 0x00000000eca00000| Complete 
| 203|0x00000000ecb00000, 0x00000000ecc00000, 0x00000000ecc00000|100%| E|CS|TAMS 0x00000000ecb00000, 0x00000000ecb00000| Complete 
| 204|0x00000000ecc00000, 0x00000000ecd00000, 0x00000000ecd00000|100%| E|CS|TAMS 0x00000000ecc00000, 0x00000000ecc00000| Complete 
| 205|0x00000000ecd00000, 0x00000000ece00000, 0x00000000ece00000|100%| E|CS|TAMS 0x00000000ecd00000, 0x00000000ecd00000| Complete 
| 206|0x00000000ece00000, 0x00000000ecf00000, 0x00000000ecf00000|100%| E|CS|TAMS 0x00000000ece00000, 0x00000000ece00000| Complete 
| 207|0x00000000ecf00000, 0x00000000ed000000, 0x00000000ed000000|100%| E|CS|TAMS 0x00000000ecf00000, 0x00000000ecf00000| Complete 
| 208|0x00000000ed000000, 0x00000000ed100000, 0x00000000ed100000|100%| E|CS|TAMS 0x00000000ed000000, 0x00000000ed000000| Complete 
| 209|0x00000000ed100000, 0x00000000ed200000, 0x00000000ed200000|100%| E|CS|TAMS 0x00000000ed100000, 0x00000000ed100000| Complete 
| 210|0x00000000ed200000, 0x00000000ed300000, 0x00000000ed300000|100%| E|CS|TAMS 0x00000000ed200000, 0x00000000ed200000| Complete 
| 211|0x00000000ed300000, 0x00000000ed400000, 0x00000000ed400000|100%| E|CS|TAMS 0x00000000ed300000, 0x00000000ed300000| Complete 
| 212|0x00000000ed400000, 0x00000000ed500000, 0x00000000ed500000|100%| E|CS|TAMS 0x00000000ed400000, 0x00000000ed400000| Complete 
| 213|0x00000000ed500000, 0x00000000ed600000, 0x00000000ed600000|100%| E|CS|TAMS 0x00000000ed500000, 0x00000000ed500000| Complete 
| 214|0x00000000ed600000, 0x00000000ed700000, 0x00000000ed700000|100%| E|CS|TAMS 0x00000000ed600000, 0x00000000ed600000| Complete 
| 215|0x00000000ed700000, 0x00000000ed800000, 0x00000000ed800000|100%| E|CS|TAMS 0x00000000ed700000, 0x00000000ed700000| Complete 
| 216|0x00000000ed800000, 0x00000000ed900000, 0x00000000ed900000|100%| E|CS|TAMS 0x00000000ed800000, 0x00000000ed800000| Complete 
| 217|0x00000000ed900000, 0x00000000eda00000, 0x00000000eda00000|100%| E|CS|TAMS 0x00000000ed900000, 0x00000000ed900000| Complete 
| 218|0x00000000eda00000, 0x00000000edb00000, 0x00000000edb00000|100%| E|CS|TAMS 0x00000000eda00000, 0x00000000eda00000| Complete 
| 219|0x00000000edb00000, 0x00000000edc00000, 0x00000000edc00000|100%| E|CS|TAMS 0x00000000edb00000, 0x00000000edb00000| Complete 
| 220|0x00000000edc00000, 0x00000000edd00000, 0x00000000edd00000|100%| E|CS|TAMS 0x00000000edc00000, 0x00000000edc00000| Complete 
| 221|0x00000000edd00000, 0x00000000ede00000, 0x00000000ede00000|100%| E|CS|TAMS 0x00000000edd00000, 0x00000000edd00000| Complete 
| 222|0x00000000ede00000, 0x00000000edf00000, 0x00000000edf00000|100%| E|CS|TAMS 0x00000000ede00000, 0x00000000ede00000| Complete 
| 223|0x00000000edf00000, 0x00000000ee000000, 0x00000000ee000000|100%| E|CS|TAMS 0x00000000edf00000, 0x00000000edf00000| Complete 
| 224|0x00000000ee000000, 0x00000000ee100000, 0x00000000ee100000|100%| E|CS|TAMS 0x00000000ee000000, 0x00000000ee000000| Complete 
| 225|0x00000000ee100000, 0x00000000ee200000, 0x00000000ee200000|100%| E|CS|TAMS 0x00000000ee100000, 0x00000000ee100000| Complete 
| 226|0x00000000ee200000, 0x00000000ee300000, 0x00000000ee300000|100%| E|CS|TAMS 0x00000000ee200000, 0x00000000ee200000| Complete 
| 227|0x00000000ee300000, 0x00000000ee400000, 0x00000000ee400000|100%| E|CS|TAMS 0x00000000ee300000, 0x00000000ee300000| Complete 
| 228|0x00000000ee400000, 0x00000000ee500000, 0x00000000ee500000|100%| E|CS|TAMS 0x00000000ee400000, 0x00000000ee400000| Complete 
| 229|0x00000000ee500000, 0x00000000ee600000, 0x00000000ee600000|100%| E|CS|TAMS 0x00000000ee500000, 0x00000000ee500000| Complete 
| 230|0x00000000ee600000, 0x00000000ee700000, 0x00000000ee700000|100%| E|CS|TAMS 0x00000000ee600000, 0x00000000ee600000| Complete 
| 231|0x00000000ee700000, 0x00000000ee800000, 0x00000000ee800000|100%| E|CS|TAMS 0x00000000ee700000, 0x00000000ee700000| Complete 
| 232|0x00000000ee800000, 0x00000000ee900000, 0x00000000ee900000|100%| E|CS|TAMS 0x00000000ee800000, 0x00000000ee800000| Complete 
| 233|0x00000000ee900000, 0x00000000eea00000, 0x00000000eea00000|100%| E|CS|TAMS 0x00000000ee900000, 0x00000000ee900000| Complete 
| 234|0x00000000eea00000, 0x00000000eeb00000, 0x00000000eeb00000|100%| E|CS|TAMS 0x00000000eea00000, 0x00000000eea00000| Complete 
| 235|0x00000000eeb00000, 0x00000000eec00000, 0x00000000eec00000|100%| E|CS|TAMS 0x00000000eeb00000, 0x00000000eeb00000| Complete 
| 236|0x00000000eec00000, 0x00000000eed00000, 0x00000000eed00000|100%| E|CS|TAMS 0x00000000eec00000, 0x00000000eec00000| Complete 
| 237|0x00000000eed00000, 0x00000000eee00000, 0x00000000eee00000|100%| E|CS|TAMS 0x00000000eed00000, 0x00000000eed00000| Complete 
| 238|0x00000000eee00000, 0x00000000eef00000, 0x00000000eef00000|100%| E|CS|TAMS 0x00000000eee00000, 0x00000000eee00000| Complete 
| 239|0x00000000eef00000, 0x00000000ef000000, 0x00000000ef000000|100%| E|CS|TAMS 0x00000000eef00000, 0x00000000eef00000| Complete 
| 240|0x00000000ef000000, 0x00000000ef100000, 0x00000000ef100000|100%| E|CS|TAMS 0x00000000ef000000, 0x00000000ef000000| Complete 
| 241|0x00000000ef100000, 0x00000000ef200000, 0x00000000ef200000|100%| E|CS|TAMS 0x00000000ef100000, 0x00000000ef100000| Complete 
| 242|0x00000000ef200000, 0x00000000ef300000, 0x00000000ef300000|100%| E|CS|TAMS 0x00000000ef200000, 0x00000000ef200000| Complete 
| 243|0x00000000ef300000, 0x00000000ef400000, 0x00000000ef400000|100%| E|CS|TAMS 0x00000000ef300000, 0x00000000ef300000| Complete 
| 244|0x00000000ef400000, 0x00000000ef500000, 0x00000000ef500000|100%| E|CS|TAMS 0x00000000ef400000, 0x00000000ef400000| Complete 
| 245|0x00000000ef500000, 0x00000000ef600000, 0x00000000ef600000|100%| E|CS|TAMS 0x00000000ef500000, 0x00000000ef500000| Complete 
| 246|0x00000000ef600000, 0x00000000ef700000, 0x00000000ef700000|100%| E|CS|TAMS 0x00000000ef600000, 0x00000000ef600000| Complete 
| 247|0x00000000ef700000, 0x00000000ef800000, 0x00000000ef800000|100%| E|CS|TAMS 0x00000000ef700000, 0x00000000ef700000| Complete 
| 248|0x00000000ef800000, 0x00000000ef85c768, 0x00000000ef900000| 36%| E|CS|TAMS 0x00000000ef800000, 0x00000000ef800000| Complete 
| 249|0x00000000ef900000, 0x00000000efa00000, 0x00000000efa00000|100%| E|CS|TAMS 0x00000000ef900000, 0x00000000ef900000| Complete 
| 250|0x00000000efa00000, 0x00000000efb00000, 0x00000000efb00000|100%| E|CS|TAMS 0x00000000efa00000, 0x00000000efa00000| Complete 
| 251|0x00000000efb00000, 0x00000000efc00000, 0x00000000efc00000|100%| E|CS|TAMS 0x00000000efb00000, 0x00000000efb00000| Complete 
| 252|0x00000000efc00000, 0x00000000efd00000, 0x00000000efd00000|100%| E|CS|TAMS 0x00000000efc00000, 0x00000000efc00000| Complete 
| 253|0x00000000efd00000, 0x00000000efe00000, 0x00000000efe00000|100%| E|CS|TAMS 0x00000000efd00000, 0x00000000efd00000| Complete 
| 254|0x00000000efe00000, 0x00000000eff00000, 0x00000000eff00000|100%| E|CS|TAMS 0x00000000efe00000, 0x00000000efe00000| Complete 
| 255|0x00000000eff00000, 0x00000000f0000000, 0x00000000f0000000|100%| E|CS|TAMS 0x00000000eff00000, 0x00000000eff00000| Complete 

Card table byte_map: [0x000001cb7dc70000,0x000001cb7dd70000] _byte_map_base: 0x000001cb7d570000

Marking Bits (Prev, Next): (CMBitMap*) 0x000001cb6507b410, (CMBitMap*) 0x000001cb6507b3d0
 Prev Bits: [0x000001cb7e670000, 0x000001cb7ee70000)
 Next Bits: [0x000001cb7de70000, 0x000001cb7e670000)

Polling page: 0x000001cb6e0c0000

Metaspace:

Usage:
  Non-class:     30.02 MB used.
      Class:      4.87 MB used.
       Both:     34.90 MB used.

Virtual space:
  Non-class space:       64.00 MB reserved,      30.19 MB ( 47%) committed,  1 nodes.
      Class space:      320.00 MB reserved,       5.06 MB (  2%) committed,  1 nodes.
             Both:      384.00 MB reserved,      35.25 MB (  9%) committed. 

Chunk freelists:
   Non-Class:  1.62 MB
       Class:  10.77 MB
        Both:  12.39 MB

MaxMetaspaceSize: 384.00 MB
CompressedClassSpaceSize: 320.00 MB
Initial GC threshold: 21.00 MB
Current GC threshold: 35.25 MB
CDS: on
MetaspaceReclaimPolicy: balanced
 - commit_granule_bytes: 65536.
 - commit_granule_words: 8192.
 - virtual_space_node_default_size: 8388608.
 - enlarge_chunks_in_place: 1.
 - new_chunks_are_fully_committed: 0.
 - uncommit_free_chunks: 1.
 - use_allocation_guard: 0.
 - handle_deallocations: 1.


Internal statistics:

num_allocs_failed_limit: 6.
num_arena_births: 356.
num_arena_deaths: 0.
num_vsnodes_births: 2.
num_vsnodes_deaths: 0.
num_space_committed: 564.
num_space_uncommitted: 0.
num_chunks_returned_to_freelist: 6.
num_chunks_taken_from_freelist: 1684.
num_chunk_merges: 6.
num_chunk_splits: 1112.
num_chunks_enlarged: 779.
num_inconsistent_stats: 0.

CodeHeap 'non-profiled nmethods': size=120000Kb used=2563Kb max_used=2563Kb free=117436Kb
 bounds [0x000001cb75bb0000, 0x000001cb75e40000, 0x000001cb7d0e0000]
CodeHeap 'profiled nmethods': size=120000Kb used=8700Kb max_used=8700Kb free=111299Kb
 bounds [0x000001cb6e0e0000, 0x000001cb6e960000, 0x000001cb75610000]
CodeHeap 'non-nmethods': size=5760Kb used=2296Kb max_used=2361Kb free=3463Kb
 bounds [0x000001cb75610000, 0x000001cb75880000, 0x000001cb75bb0000]
 total_blobs=4901 nmethods=4100 adapters=713
 compilation: enabled
              stopped_count=0, restarted_count=0
 full_count=0

Compilation events (20 events):
Event: 20.365 Thread 0x000001cb7f8c8a80 4097       3       org.gradle.internal.instantiation.generator.AbstractClassGenerator$PropertyMetadata::<init> (65 bytes)
Event: 20.366 Thread 0x000001cb7f8c8a80 nmethod 4097 0x000001cb6e95c090 code [0x000001cb6e95c320, 0x000001cb6e95d218]
Event: 20.367 Thread 0x000001cb1c4ee030 4069       4       org.codehaus.groovy.runtime.metaclass.MetaMethodIndex::getOrPutMethods (184 bytes)
Event: 20.367 Thread 0x000001cb7f8c8a80 4098       3       org.gradle.model.internal.asm.MethodVisitorScope::_RETURN (8 bytes)
Event: 20.368 Thread 0x000001cb7f8c8a80 nmethod 4098 0x000001cb6e95d590 code [0x000001cb6e95d740, 0x000001cb6e95d9a8]
Event: 20.368 Thread 0x000001cb7f8c8a80 4096       3       org.gradle.internal.reflect.MutableClassDetails::superType (12 bytes)
Event: 20.368 Thread 0x000001cb7f8c8a80 nmethod 4096 0x000001cb6e95da90 code [0x000001cb6e95dc40, 0x000001cb6e95de08]
Event: 20.403 Thread 0x000001cb1c4ee030 nmethod 4069 0x000001cb75e2f190 code [0x000001cb75e2f340, 0x000001cb75e2ffe8]
Event: 20.403 Thread 0x000001cb1c4ee030 4093       4       jdk.internal.org.objectweb.asm.ByteVector::putInt (74 bytes)
Event: 20.406 Thread 0x000001cb1c4ee030 nmethod 4093 0x000001cb75e30490 code [0x000001cb75e30600, 0x000001cb75e30758]
Event: 20.406 Thread 0x000001cb1c4ee030 4099       4       jdk.internal.org.objectweb.asm.ClassReader::readInt (52 bytes)
Event: 20.408 Thread 0x000001cb1c4ee030 nmethod 4099 0x000001cb75e30890 code [0x000001cb75e30a00, 0x000001cb75e30af8]
Event: 20.408 Thread 0x000001cb1c4ee030 4094       4       sun.reflect.generics.parser.SignatureParser::init (16 bytes)
Event: 20.409 Thread 0x000001cb7f8c8a80 4100   !   3       sun.nio.ch.NativeThreadSet::add (155 bytes)
Event: 20.409 Thread 0x000001cb7f8c8a80 nmethod 4100 0x000001cb6e95df10 code [0x000001cb6e95e0e0, 0x000001cb6e95e6e8]
Event: 20.409 Thread 0x000001cb7f8c8a80 4101   !   3       sun.nio.ch.NativeThreadSet::remove (50 bytes)
Event: 20.411 Thread 0x000001cb7f8c8a80 nmethod 4101 0x000001cb6e95e990 code [0x000001cb6e95eb40, 0x000001cb6e95ee28]
Event: 20.412 Thread 0x000001cb1c4ee030 nmethod 4094 0x000001cb75e30c10 code [0x000001cb75e30d80, 0x000001cb75e30ed8]
Event: 20.412 Thread 0x000001cb7f8c8a80 4102       3       java.lang.StringBuilder::append (8 bytes)
Event: 20.413 Thread 0x000001cb7f8c8a80 nmethod 4102 0x000001cb6e95ef90 code [0x000001cb6e95f120, 0x000001cb6e95f268]

GC Heap History (9 events):
Event: 3.044 GC heap before
{Heap before GC invocations=0 (full 0):
 garbage-first heap   total 262144K, used 26624K [0x00000000e0000000, 0x0000000100000000)
  region size 1024K, 23 young (23552K), 0 survivors (0K)
 Metaspace       used 3035K, committed 3200K, reserved 393216K
  class space    used 384K, committed 448K, reserved 327680K
}
Event: 3.052 GC heap after
{Heap after GC invocations=1 (full 0):
 garbage-first heap   total 262144K, used 10379K [0x00000000e0000000, 0x0000000100000000)
  region size 1024K, 3 young (3072K), 3 survivors (3072K)
 Metaspace       used 3035K, committed 3200K, reserved 393216K
  class space    used 384K, committed 448K, reserved 327680K
}
Event: 5.414 GC heap before
{Heap before GC invocations=1 (full 0):
 garbage-first heap   total 262144K, used 39051K [0x00000000e0000000, 0x0000000100000000)
  region size 1024K, 31 young (31744K), 3 survivors (3072K)
 Metaspace       used 4002K, committed 4160K, reserved 393216K
  class space    used 491K, committed 576K, reserved 327680K
}
Event: 5.419 GC heap after
{Heap after GC invocations=2 (full 0):
 garbage-first heap   total 262144K, used 11678K [0x00000000e0000000, 0x0000000100000000)
  region size 1024K, 1 young (1024K), 1 survivors (1024K)
 Metaspace       used 4002K, committed 4160K, reserved 393216K
  class space    used 491K, committed 576K, reserved 327680K
}
Event: 15.596 GC heap before
{Heap before GC invocations=2 (full 0):
 garbage-first heap   total 262144K, used 125342K [0x00000000e0000000, 0x0000000100000000)
  region size 1024K, 112 young (114688K), 1 survivors (1024K)
 Metaspace       used 20510K, committed 20800K, reserved 393216K
  class space    used 3001K, committed 3136K, reserved 327680K
}
Event: 15.610 GC heap after
{Heap after GC invocations=3 (full 0):
 garbage-first heap   total 262144K, used 22755K [0x00000000e0000000, 0x0000000100000000)
  region size 1024K, 12 young (12288K), 12 survivors (12288K)
 Metaspace       used 20510K, committed 20800K, reserved 393216K
  class space    used 3001K, committed 3136K, reserved 327680K
}
Event: 15.745 GC heap before
{Heap before GC invocations=3 (full 0):
 garbage-first heap   total 262144K, used 27875K [0x00000000e0000000, 0x0000000100000000)
  region size 1024K, 18 young (18432K), 12 survivors (12288K)
 Metaspace       used 21289K, committed 21504K, reserved 393216K
  class space    used 3106K, committed 3200K, reserved 327680K
}
Event: 15.754 GC heap after
{Heap after GC invocations=4 (full 0):
 garbage-first heap   total 262144K, used 23899K [0x00000000e0000000, 0x0000000100000000)
  region size 1024K, 2 young (2048K), 2 survivors (2048K)
 Metaspace       used 21289K, committed 21504K, reserved 393216K
  class space    used 3106K, committed 3200K, reserved 327680K
}
Event: 20.415 GC heap before
{Heap before GC invocations=5 (full 0):
 garbage-first heap   total 262144K, used 142683K [0x00000000e0000000, 0x0000000100000000)
  region size 1024K, 115 young (117760K), 2 survivors (2048K)
 Metaspace       used 35735K, committed 36096K, reserved 393216K
  class space    used 4989K, committed 5184K, reserved 327680K
}

Deoptimization events (20 events):
Event: 19.974 Thread 0x000001cb1b0b15f0 Uncommon trap: trap_request=0xffffffde fr.pc=0x000001cb75d9bb10 relative=0x00000000000002d0
Event: 19.974 Thread 0x000001cb1b0b15f0 Uncommon trap: reason=class_check action=maybe_recompile pc=0x000001cb75d9bb10 method=java.lang.reflect.Executable.getAnnotation(Ljava/lang/Class;)Ljava/lang/annotation/Annotation; @ 19 c2
Event: 19.974 Thread 0x000001cb1b0b15f0 DEOPT PACKING pc=0x000001cb75d9bb10 sp=0x0000002e064f7850
Event: 19.974 Thread 0x000001cb1b0b15f0 DEOPT UNPACKING pc=0x000001cb756623a3 sp=0x0000002e064f77a8 mode 2
Event: 19.988 Thread 0x000001cb1b0b15f0 Uncommon trap: trap_request=0xffffffde fr.pc=0x000001cb75d9bb10 relative=0x00000000000002d0
Event: 19.989 Thread 0x000001cb1b0b15f0 Uncommon trap: reason=class_check action=maybe_recompile pc=0x000001cb75d9bb10 method=java.lang.reflect.Executable.getAnnotation(Ljava/lang/Class;)Ljava/lang/annotation/Annotation; @ 19 c2
Event: 19.989 Thread 0x000001cb1b0b15f0 DEOPT PACKING pc=0x000001cb75d9bb10 sp=0x0000002e064f7850
Event: 19.989 Thread 0x000001cb1b0b15f0 DEOPT UNPACKING pc=0x000001cb756623a3 sp=0x0000002e064f77a8 mode 2
Event: 20.273 Thread 0x000001cb1b0b15f0 Uncommon trap: trap_request=0xffffff45 fr.pc=0x000001cb75d81438 relative=0x0000000000000118
Event: 20.273 Thread 0x000001cb1b0b15f0 Uncommon trap: reason=unstable_if action=reinterpret pc=0x000001cb75d81438 method=java.util.Arrays.hashCode([Ljava/lang/Object;)I @ 34 c2
Event: 20.273 Thread 0x000001cb1b0b15f0 DEOPT PACKING pc=0x000001cb75d81438 sp=0x0000002e064f8010
Event: 20.273 Thread 0x000001cb1b0b15f0 DEOPT UNPACKING pc=0x000001cb756623a3 sp=0x0000002e064f7f88 mode 2
Event: 20.410 Thread 0x000001cb1b0b30a0 Uncommon trap: trap_request=0xffffff45 fr.pc=0x000001cb75bfc324 relative=0x0000000000000664
Event: 20.410 Thread 0x000001cb1b0b30a0 Uncommon trap: reason=unstable_if action=reinterpret pc=0x000001cb75bfc324 method=java.lang.AbstractStringBuilder.append(Ljava/lang/String;)Ljava/lang/AbstractStringBuilder; @ 1 c2
Event: 20.411 Thread 0x000001cb1b0b30a0 DEOPT PACKING pc=0x000001cb75bfc324 sp=0x0000002e061fe4b0
Event: 20.411 Thread 0x000001cb1b0b30a0 DEOPT UNPACKING pc=0x000001cb756623a3 sp=0x0000002e061fe430 mode 2
Event: 20.413 Thread 0x000001cb1b0b30a0 Uncommon trap: trap_request=0xffffff45 fr.pc=0x000001cb75bf40a4 relative=0x0000000000000664
Event: 20.413 Thread 0x000001cb1b0b30a0 Uncommon trap: reason=unstable_if action=reinterpret pc=0x000001cb75bf40a4 method=java.lang.AbstractStringBuilder.append(Ljava/lang/String;)Ljava/lang/AbstractStringBuilder; @ 1 c2
Event: 20.413 Thread 0x000001cb1b0b30a0 DEOPT PACKING pc=0x000001cb75bf40a4 sp=0x0000002e061fe470
Event: 20.413 Thread 0x000001cb1b0b30a0 DEOPT UNPACKING pc=0x000001cb756623a3 sp=0x0000002e061fe448 mode 2

Classes unloaded (0 events):
No events

Classes redefined (0 events):
No events

Internal exceptions (20 events):
Event: 19.424 Thread 0x000001cb1b0b15f0 Exception <a 'java/lang/ClassNotFoundException'{0x00000000e9d2ef48}: ijJvmDebugger1_7i08p33l3c6nk68sz92gei0g4Customizer> (0x00000000e9d2ef48) 
thrown [s\open\src\hotspot\share\classfile\systemDictionary.cpp, line 256]
Event: 19.442 Thread 0x000001cb1b0b15f0 Exception <a 'java/lang/ClassNotFoundException'{0x00000000e9d7c388}: org/gradle/internal/metaobject/ConfigureDelegateBeanInfo> (0x00000000e9d7c388) 
thrown [s\open\src\hotspot\share\classfile\systemDictionary.cpp, line 256]
Event: 19.448 Thread 0x000001cb1b0b15f0 Exception <a 'java/lang/ClassNotFoundException'{0x00000000e9d8b178}: org/gradle/internal/metaobject/ConfigureDelegateCustomizer> (0x00000000e9d8b178) 
thrown [s\open\src\hotspot\share\classfile\systemDictionary.cpp, line 256]
Event: 19.515 Thread 0x000001cb1b0b15f0 Exception <a 'java/lang/ClassNotFoundException'{0x00000000e9c6b668}: org/gradle/api/internal/initialization/DefaultScriptHandler_DecoratedBeanInfo> (0x00000000e9c6b668) 
thrown [s\open\src\hotspot\share\classfile\systemDictionary.cpp, line 256]
Event: 19.517 Thread 0x000001cb1b0b15f0 Exception <a 'java/lang/ClassNotFoundException'{0x00000000e9c7c320}: org/gradle/api/internal/initialization/DefaultScriptHandlerBeanInfo> (0x00000000e9c7c320) 
thrown [s\open\src\hotspot\share\classfile\systemDictionary.cpp, line 256]
Event: 19.520 Thread 0x000001cb1b0b15f0 Exception <a 'java/lang/ClassNotFoundException'{0x00000000e9c8d200}: org/gradle/api/internal/initialization/DefaultScriptHandlerCustomizer> (0x00000000e9c8d200) 
thrown [s\open\src\hotspot\share\classfile\systemDictionary.cpp, line 256]
Event: 19.540 Thread 0x000001cb1b0b15f0 Exception <a 'java/lang/ClassNotFoundException'{0x00000000e9caa580}: org/gradle/api/internal/initialization/DefaultScriptHandler_DecoratedCustomizer> (0x00000000e9caa580) 
thrown [s\open\src\hotspot\share\classfile\systemDictionary.cpp, line 256]
Event: 19.777 Thread 0x000001cb1b0b15f0 Exception <a 'java/lang/NoSuchMethodError'{0x00000000e99113c0}: 'java.lang.Object java.lang.invoke.DirectMethodHandle$Holder.newInvokeSpecial(java.lang.Object, java.lang.Object, java.lang.Object, java.lang.Object, int)'> (0x00000000e99113c0) 
thrown [s\open\src\hotspot\share\interpreter\linkResolver.cpp, line 759]
Event: 19.777 Thread 0x000001cb1b0b15f0 Exception <a 'java/lang/NoSuchMethodError'{0x00000000e9916440}: 'java.lang.Object java.lang.invoke.DirectMethodHandle$Holder.invokeSpecial(java.lang.Object, java.lang.Object, java.lang.Object, java.lang.Object, java.lang.Object, int)'> (0x00000000e9916440) 
thrown [s\open\src\hotspot\share\interpreter\linkResolver.cpp, line 759]
Event: 19.778 Thread 0x000001cb1b0b15f0 Exception <a 'java/lang/NoSuchMethodError'{0x00000000e991ae70}: 'java.lang.Object java.lang.invoke.Invokers$Holder.linkToTargetMethod(java.lang.Object, java.lang.Object, java.lang.Object, int, java.lang.Object)'> (0x00000000e991ae70) 
thrown [s\open\src\hotspot\share\interpreter\linkResolver.cpp, line 759]
Event: 19.922 Thread 0x000001cb1b0b15f0 Exception <a 'java/lang/NoSuchMethodError'{0x00000000e98ebd88}: 'int java.lang.invoke.DirectMethodHandle$Holder.invokeInterface(java.lang.Object, java.lang.Object, java.lang.Object, java.lang.Object)'> (0x00000000e98ebd88) 
thrown [s\open\src\hotspot\share\interpreter\linkResolver.cpp, line 759]
Event: 20.273 Thread 0x000001cb1b0b15f0 Implicit null exception at 0x000001cb75d8136c to 0x000001cb75d8141c
Event: 20.286 Thread 0x000001cb1b0b15f0 Exception <a 'java/lang/ClassNotFoundException'{0x00000000e9000478}: org/gradle/api/internal/artifacts/dsl/dependencies/DefaultDependencyHandler_DecoratedBeanInfo> (0x00000000e9000478) 
thrown [s\open\src\hotspot\share\classfile\systemDictionary.cpp, line 256]
Event: 20.287 Thread 0x000001cb1b0b15f0 Exception <a 'java/lang/ClassNotFoundException'{0x00000000e90162e0}: org/gradle/api/internal/artifacts/dsl/dependencies/DefaultDependencyHandlerBeanInfo> (0x00000000e90162e0) 
thrown [s\open\src\hotspot\share\classfile\systemDictionary.cpp, line 256]
Event: 20.289 Thread 0x000001cb1b0b15f0 Exception <a 'java/lang/ClassNotFoundException'{0x00000000e902beb0}: org/gradle/api/internal/artifacts/dsl/dependencies/DefaultDependencyHandlerCustomizer> (0x00000000e902beb0) 
thrown [s\open\src\hotspot\share\classfile\systemDictionary.cpp, line 256]
Event: 20.296 Thread 0x000001cb1b0b15f0 Exception <a 'java/lang/ClassNotFoundException'{0x00000000e906c330}: org/gradle/api/internal/artifacts/dsl/dependencies/DefaultDependencyHandler_DecoratedCustomizer> (0x00000000e906c330) 
thrown [s\open\src\hotspot\share\classfile\systemDictionary.cpp, line 256]
Event: 20.302 Thread 0x000001cb1b0b15f0 Exception <a 'java/lang/ClassNotFoundException'{0x00000000e90aa7f8}: ijJvmDebugger1_7i08p33l3c6nk68sz92gei0g4$_run_closure1BeanInfo> (0x00000000e90aa7f8) 
thrown [s\open\src\hotspot\share\classfile\systemDictionary.cpp, line 256]
Event: 20.303 Thread 0x000001cb1b0b15f0 Exception <a 'java/lang/ClassNotFoundException'{0x00000000e90b1250}: ijJvmDebugger1_7i08p33l3c6nk68sz92gei0g4$_run_closure1Customizer> (0x00000000e90b1250) 
thrown [s\open\src\hotspot\share\classfile\systemDictionary.cpp, line 256]
Event: 20.410 Thread 0x000001cb1b0b30a0 Implicit null exception at 0x000001cb75bfbcf2 to 0x000001cb75bfc30c
Event: 20.413 Thread 0x000001cb1b0b30a0 Implicit null exception at 0x000001cb75bf3a72 to 0x000001cb75bf408c

VM Operations (20 events):
Event: 18.230 Executing VM operation: HandshakeAllThreads done
Event: 18.230 Executing VM operation: Cleanup
Event: 18.230 Executing VM operation: Cleanup done
Event: 18.231 Executing VM operation: HandshakeAllThreads
Event: 18.231 Executing VM operation: HandshakeAllThreads done
Event: 18.235 Executing VM operation: HandshakeAllThreads
Event: 18.235 Executing VM operation: HandshakeAllThreads done
Event: 18.364 Executing VM operation: HandshakeAllThreads
Event: 18.364 Executing VM operation: HandshakeAllThreads done
Event: 19.213 Executing VM operation: ICBufferFull
Event: 19.213 Executing VM operation: ICBufferFull done
Event: 19.898 Executing VM operation: HandshakeAllThreads
Event: 19.899 Executing VM operation: HandshakeAllThreads done
Event: 19.910 Executing VM operation: HandshakeAllThreads
Event: 19.910 Executing VM operation: HandshakeAllThreads done
Event: 19.921 Executing VM operation: HandshakeAllThreads
Event: 19.921 Executing VM operation: HandshakeAllThreads done
Event: 20.212 Executing VM operation: HandshakeAllThreads
Event: 20.212 Executing VM operation: HandshakeAllThreads done
Event: 20.415 Executing VM operation: CollectForMetadataAllocation

Events (20 events):
Event: 19.238 loading class com/sun/beans/finder/AbstractFinder
Event: 19.238 loading class com/sun/beans/finder/AbstractFinder done
Event: 19.238 loading class com/sun/beans/finder/MethodFinder done
Event: 19.238 loading class com/sun/beans/finder/MethodFinder$1
Event: 19.238 loading class com/sun/beans/finder/MethodFinder$1 done
Event: 19.239 loading class com/sun/beans/finder/FinderUtils
Event: 19.239 loading class com/sun/beans/finder/FinderUtils done
Event: 19.387 Thread 0x000001cb7fb07080 Thread added: 0x000001cb7fb07080
Event: 19.458 loading class java/lang/ThreadLocal$SuppliedThreadLocal
Event: 19.458 loading class java/lang/ThreadLocal$SuppliedThreadLocal done
Event: 19.465 loading class java/util/function/IntBinaryOperator
Event: 19.465 loading class java/util/function/IntBinaryOperator done
Event: 19.909 loading class java/util/ArrayList$ListItr
Event: 19.909 loading class java/util/ArrayList$ListItr done
Event: 20.048 Thread 0x000001cb1c4ee030 Thread exited: 0x000001cb1c4ee030
Event: 20.366 Thread 0x000001cb1c4ee030 Thread added: 0x000001cb1c4ee030
Event: 20.392 loading class java/util/concurrent/LinkedBlockingDeque$Itr
Event: 20.392 loading class java/util/concurrent/LinkedBlockingDeque$AbstractItr
Event: 20.393 loading class java/util/concurrent/LinkedBlockingDeque$AbstractItr done
Event: 20.393 loading class java/util/concurrent/LinkedBlockingDeque$Itr done


Dynamic libraries:
0x00007ff6653e0000 - 0x00007ff6653f0000 	C:\Program Files\Java\jdk-17\bin\java.exe
0x00007ffbeab30000 - 0x00007ffbead28000 	C:\Windows\SYSTEM32\ntdll.dll
0x00007ffbea1b0000 - 0x00007ffbea272000 	C:\Windows\System32\KERNEL32.DLL
0x00007ffbe8410000 - 0x00007ffbe8706000 	C:\Windows\System32\KERNELBASE.dll
0x00007ffbe8310000 - 0x00007ffbe8410000 	C:\Windows\System32\ucrtbase.dll
0x00007ffbdbe60000 - 0x00007ffbdbe79000 	C:\Program Files\Java\jdk-17\bin\jli.dll
0x00007ffbea690000 - 0x00007ffbea741000 	C:\Windows\System32\ADVAPI32.dll
0x00007ffbea0a0000 - 0x00007ffbea13e000 	C:\Windows\System32\msvcrt.dll
0x00007ffbea520000 - 0x00007ffbea5bf000 	C:\Windows\System32\sechost.dll
0x00007ffbea750000 - 0x00007ffbea873000 	C:\Windows\System32\RPCRT4.dll
0x00007ffbe8850000 - 0x00007ffbe8877000 	C:\Windows\System32\bcrypt.dll
0x00007ffbea380000 - 0x00007ffbea51d000 	C:\Windows\System32\USER32.dll
0x00007ffbe81c0000 - 0x00007ffbe81e2000 	C:\Windows\System32\win32u.dll
0x00007ffbe1d00000 - 0x00007ffbe1d1b000 	C:\Program Files\Java\jdk-17\bin\VCRUNTIME140.dll
0x00007ffbd17a0000 - 0x00007ffbd1a3a000 	C:\Windows\WinSxS\amd64_microsoft.windows.common-controls_6595b64144ccf1df_6.0.19041.5915_none_60b4b9d171f9c7c7\COMCTL32.dll
0x00007ffbea350000 - 0x00007ffbea37b000 	C:\Windows\System32\GDI32.dll
0x00007ffbe81f0000 - 0x00007ffbe8309000 	C:\Windows\System32\gdi32full.dll
0x00007ffbe8a60000 - 0x00007ffbe8afd000 	C:\Windows\System32\msvcp_win.dll
0x00007ffbdeb80000 - 0x00007ffbdeb8a000 	C:\Windows\SYSTEM32\VERSION.dll
0x00007ffbe9370000 - 0x00007ffbe939f000 	C:\Windows\System32\IMM32.DLL
0x00007ffbe49e0000 - 0x00007ffbe49ec000 	C:\Program Files\Java\jdk-17\bin\vcruntime140_1.dll
0x00007ffbc1240000 - 0x00007ffbc12ce000 	C:\Program Files\Java\jdk-17\bin\msvcp140.dll
0x00007ffb58670000 - 0x00007ffb59250000 	C:\Program Files\Java\jdk-17\bin\server\jvm.dll
0x00007ffbe9710000 - 0x00007ffbe9718000 	C:\Windows\System32\PSAPI.DLL
0x00007ffbc8510000 - 0x00007ffbc8519000 	C:\Windows\SYSTEM32\WSOCK32.dll
0x00007ffbea140000 - 0x00007ffbea1ab000 	C:\Windows\System32\WS2_32.dll
0x00007ffbd9810000 - 0x00007ffbd9837000 	C:\Windows\SYSTEM32\WINMM.dll
0x00007ffbe6000000 - 0x00007ffbe6012000 	C:\Windows\SYSTEM32\kernel.appcore.dll
0x00007ffbe4870000 - 0x00007ffbe487a000 	C:\Program Files\Java\jdk-17\bin\jimage.dll
0x00007ffbe58b0000 - 0x00007ffbe5ab1000 	C:\Windows\SYSTEM32\DBGHELP.DLL
0x00007ffbb8750000 - 0x00007ffbb8784000 	C:\Windows\SYSTEM32\dbgcore.DLL
0x00007ffbe87c0000 - 0x00007ffbe8842000 	C:\Windows\System32\bcryptPrimitives.dll
0x00007ffbe42c0000 - 0x00007ffbe42ce000 	C:\Program Files\Java\jdk-17\bin\instrument.dll
0x00007ffbd20f0000 - 0x00007ffbd2115000 	C:\Program Files\Java\jdk-17\bin\java.dll
0x00007ffba1530000 - 0x00007ffba1607000 	C:\Program Files\Java\jdk-17\bin\jsvml.dll
0x00007ffbe9930000 - 0x00007ffbea09e000 	C:\Windows\System32\SHELL32.dll
0x00007ffbe6200000 - 0x00007ffbe69a4000 	C:\Windows\SYSTEM32\windows.storage.dll
0x00007ffbe93a0000 - 0x00007ffbe96f3000 	C:\Windows\System32\combase.dll
0x00007ffbe7b10000 - 0x00007ffbe7b3b000 	C:\Windows\SYSTEM32\Wldp.dll
0x00007ffbea5c0000 - 0x00007ffbea68d000 	C:\Windows\System32\OLEAUT32.dll
0x00007ffbea2a0000 - 0x00007ffbea34d000 	C:\Windows\System32\SHCORE.dll
0x00007ffbea910000 - 0x00007ffbea96b000 	C:\Windows\System32\shlwapi.dll
0x00007ffbe80f0000 - 0x00007ffbe8114000 	C:\Windows\SYSTEM32\profapi.dll
0x00007ffbd98e0000 - 0x00007ffbd98f8000 	C:\Program Files\Java\jdk-17\bin\zip.dll
0x00007ffbd20d0000 - 0x00007ffbd20e9000 	C:\Program Files\Java\jdk-17\bin\net.dll
0x00007ffbe02c0000 - 0x00007ffbe03ca000 	C:\Windows\SYSTEM32\WINHTTP.dll
0x00007ffbe78f0000 - 0x00007ffbe795a000 	C:\Windows\system32\mswsock.dll
0x00007ffbc1220000 - 0x00007ffbc1236000 	C:\Program Files\Java\jdk-17\bin\nio.dll
0x00007ffbe3b80000 - 0x00007ffbe3b90000 	C:\Program Files\Java\jdk-17\bin\verify.dll
0x00007ffbe3b10000 - 0x00007ffbe3b37000 	C:\Users\manht\.gradle\native\c067742578af261105cb4f569cf0c3c89f3d7b1fecec35dd04571415982c5e48\windows-amd64\native-platform.dll
0x00007ffb788f0000 - 0x00007ffb78a34000 	C:\Users\manht\.gradle\native\38dada09dfb8b06ba9b0570ebf7e218e3eb74d4ef43ca46872605cf95ebc2f47\windows-amd64\native-platform-file-events.dll
0x00007ffbe3b00000 - 0x00007ffbe3b0a000 	C:\Program Files\Java\jdk-17\bin\management.dll
0x00007ffbe3550000 - 0x00007ffbe355b000 	C:\Program Files\Java\jdk-17\bin\management_ext.dll
0x00007ffbe7b50000 - 0x00007ffbe7b68000 	C:\Windows\SYSTEM32\CRYPTSP.dll
0x00007ffbe71c0000 - 0x00007ffbe71f8000 	C:\Windows\system32\rsaenh.dll
0x00007ffbe80b0000 - 0x00007ffbe80de000 	C:\Windows\SYSTEM32\USERENV.dll
0x00007ffbe7a80000 - 0x00007ffbe7a8c000 	C:\Windows\SYSTEM32\CRYPTBASE.dll
0x00007ffbe75a0000 - 0x00007ffbe75db000 	C:\Windows\SYSTEM32\IPHLPAPI.DLL
0x00007ffbe9700000 - 0x00007ffbe9708000 	C:\Windows\System32\NSI.dll
0x00007ffbe2a10000 - 0x00007ffbe2a27000 	C:\Windows\SYSTEM32\dhcpcsvc6.DLL
0x00007ffbe1900000 - 0x00007ffbe191d000 	C:\Windows\SYSTEM32\dhcpcsvc.DLL
0x00007ffbe75f0000 - 0x00007ffbe76ba000 	C:\Windows\SYSTEM32\DNSAPI.dll
0x00007ffbe1cf0000 - 0x00007ffbe1cfe000 	C:\Program Files\Java\jdk-17\bin\sunmscapi.dll
0x00007ffbe8880000 - 0x00007ffbe89dd000 	C:\Windows\System32\CRYPT32.dll
0x00007ffbe7c60000 - 0x00007ffbe7c87000 	C:\Windows\SYSTEM32\ncrypt.dll
0x00007ffbe7c20000 - 0x00007ffbe7c5b000 	C:\Windows\SYSTEM32\NTASN1.dll
0x00007ffbcc300000 - 0x00007ffbcc307000 	C:\Windows\system32\wshunix.dll

dbghelp: loaded successfully - version: 4.0.5 - missing functions: none
symbol engine: initialized successfully - sym options: 0x614 - pdb path: .;C:\Program Files\Java\jdk-17\bin;C:\Windows\SYSTEM32;C:\Windows\WinSxS\amd64_microsoft.windows.common-controls_6595b64144ccf1df_6.0.19041.5915_none_60b4b9d171f9c7c7;C:\Program Files\Java\jdk-17\bin\server;C:\Users\manht\.gradle\native\c067742578af261105cb4f569cf0c3c89f3d7b1fecec35dd04571415982c5e48\windows-amd64;C:\Users\manht\.gradle\native\38dada09dfb8b06ba9b0570ebf7e218e3eb74d4ef43ca46872605cf95ebc2f47\windows-amd64

VM Arguments:
jvm_args: --add-opens=java.base/java.util=ALL-UNNAMED --add-opens=java.base/java.lang=ALL-UNNAMED --add-opens=java.base/java.lang.invoke=ALL-UNNAMED --add-opens=java.prefs/java.util.prefs=ALL-UNNAMED --add-opens=java.base/java.nio.charset=ALL-UNNAMED --add-opens=java.base/java.net=ALL-UNNAMED --add-opens=java.base/java.util.concurrent.atomic=ALL-UNNAMED -XX:MaxMetaspaceSize=384m -XX:+HeapDumpOnOutOfMemoryError -Xms256m -Xmx512m -Dfile.encoding=UTF-8 -Duser.country=US -Duser.language=en -Duser.variant -javaagent:C:\Users\manht\.gradle\wrapper\dists\gradle-8.7-bin\bhs2wmbdwecv87pi65oeuq5iu\gradle-8.7\lib\agents\gradle-instrumentation-agent-8.7.jar 
java_command: org.gradle.launcher.daemon.bootstrap.GradleDaemon 8.7
java_class_path (initial): C:\Users\manht\.gradle\wrapper\dists\gradle-8.7-bin\bhs2wmbdwecv87pi65oeuq5iu\gradle-8.7\lib\gradle-launcher-8.7.jar
Launcher Type: SUN_STANDARD

[Global flags]
     intx CICompilerCount                          = 4                                         {product} {ergonomic}
   size_t CompressedClassSpaceSize                 = 335544320                                 {product} {ergonomic}
     uint ConcGCThreads                            = 2                                         {product} {ergonomic}
     uint G1ConcRefinementThreads                  = 8                                         {product} {ergonomic}
   size_t G1HeapRegionSize                         = 1048576                                   {product} {ergonomic}
    uintx GCDrainStackTargetSize                   = 64                                        {product} {ergonomic}
     bool HeapDumpOnOutOfMemoryError               = true                                   {manageable} {command line}
   size_t InitialHeapSize                          = 268435456                                 {product} {command line}
   size_t MarkStackSize                            = 4194304                                   {product} {ergonomic}
   size_t MaxHeapSize                              = 536870912                                 {product} {command line}
   size_t MaxMetaspaceSize                         = 402653184                                 {product} {command line}
   size_t MaxNewSize                               = 321912832                                 {product} {ergonomic}
   size_t MinHeapDeltaBytes                        = 1048576                                   {product} {ergonomic}
   size_t MinHeapSize                              = 268435456                                 {product} {command line}
    uintx NonNMethodCodeHeapSize                   = 5839372                                {pd product} {ergonomic}
    uintx NonProfiledCodeHeapSize                  = 122909434                              {pd product} {ergonomic}
    uintx ProfiledCodeHeapSize                     = 122909434                              {pd product} {ergonomic}
    uintx ReservedCodeCacheSize                    = 251658240                              {pd product} {ergonomic}
     bool SegmentedCodeCache                       = true                                      {product} {ergonomic}
   size_t SoftMaxHeapSize                          = 536870912                              {manageable} {ergonomic}
     bool UseCompressedClassPointers               = true                           {product lp64_product} {ergonomic}
     bool UseCompressedOops                        = true                           {product lp64_product} {ergonomic}
     bool UseG1GC                                  = true                                      {product} {ergonomic}
     bool UseLargePagesIndividualAllocation        = false                                  {pd product} {ergonomic}

Logging:
Log output configuration:
 #0: stdout all=warning uptime,level,tags
 #1: stderr all=off uptime,level,tags

Environment Variables:
JAVA_HOME=C:\Program Files\Java\jdk-17
PATH=C:\OracleDb\bin;C:\Program Files\Common Files\Oracle\Java\javapath;C:\Windows\system32;C:\Windows;C:\Windows\System32\Wbem;C:\Windows\System32\WindowsPowerShell\v1.0\;C:\Windows\System32\OpenSSH\;C:\Program Files\nodejs\;C:\Program Files\Git\cmd;C:\flutter\bin;C:\Program Files\Git\bin;C:\Program Files\Git\cmd;C:\Program Files\Docker\Docker\resources\bin;C:\Program Files\maven-mvnd-1.0.2-windows-amd64\bin;C:\Users\manht\AppData\Local\Programs\Python\Python313\Scripts\;C:\Users\manht\AppData\Local\Programs\Python\Python313\;C:\Users\manht\AppData\Local\Programs\Python\Launcher\;C:\Users\manht\AppData\Local\Microsoft\WindowsApps;C:\Users\manht\AppData\Local\Programs\Microsoft VS Code\bin;C:\Users\manht\AppData\Roaming\npm;C:\flutter\bin;C:\Program Files\Git\bin;C:\Program Files\Git\cmd;D:\Minh\cursor\resources\app\bin;D:\Minh\IntelliJ IDEA 2025.1.1.1\bin;;C:\Program Files\maven-mvnd-1.0.2-windows-amd64\bin;C:\Program Files\gradle-8.14.3\bin;
USERNAME=Minh
OS=Windows_NT
PROCESSOR_IDENTIFIER=Intel64 Family 6 Model 94 Stepping 3, GenuineIntel



---------------  S Y S T E M  ---------------

OS:
 Windows 10 , 64 bit Build 19041 (10.0.19041.5915)
OS uptime: 0 days 8:42 hours
Hyper-V role detected

CPU: total 8 (initial active 8) (4 cores per cpu, 2 threads per core) family 6 model 94 stepping 3 microcode 0xf0, cx8, cmov, fxsr, ht, mmx, 3dnowpref, sse, sse2, sse3, ssse3, sse4.1, sse4.2, popcnt, lzcnt, tsc, tscinvbit, avx, avx2, aes, erms, clmul, bmi1, bmi2, rtm, adx, fma, vzeroupper, clflush, clflushopt, hv

Memory: 4k page, system-wide physical 32613M (11085M free)
TotalPageFile size 39550M (AvailPageFile size 4801M)
current process WorkingSet (physical memory assigned to process): 297M, peak: 308M
current process commit charge ("private bytes"): 449M, peak: 460M

vm_info: Java HotSpot(TM) 64-Bit Server VM (17.0.12+8-LTS-286) for windows-amd64 JRE (17.0.12+8-LTS-286), built on Jun  5 2024 06:46:59 by "mach5one" with MS VC++ 17.6 (VS2022)

END.
